<?xml version="1.0" encoding="UTF-8"?>
<dict>
    <key>mapInfo</key>
    <dict>
        <key>mapName</key>
        <string>mapName</string>
        <key>mapSize</key>
        <string>{100,100}</string>
        <key>backgroundColor</key>
        <string>{128,128,128,255}</string>
        <key>gridInfo</key>
        <string>{160,230,1,1}</string>
    </dict>
    <key>nodeGraph</key>
    <dict>
        <key>type</key>
        <string>Layer</string>
        <key>children</key>
        <array>
            <dict>
                <key>type</key>
                <string>Sprite</string>
                <key>initProperty</key>
                <dict>
                    <key>pos</key>
                    <string>{24,30}</string>
                    <key>flipX</key>
                    <string>1</string>
                    <key>tag</key>
                    <string>1</string>
                    <key>imageFile</key>
                    <string>xiulian/x-11.png</string>
                </dict>
                <key>children</key>
                <array>
                    <dict>
                        <key>type</key>
                        <string>Sprite</string>
                        <key>initProperty</key>
                        <dict>
                            <key>pos</key>
                            <string>{114,0}</string>
                            <key>tag</key>
                            <string>1</string>
                            <key>imageFile</key>
                            <string>xiulian/x-11.png</string>
                        </dict>
                        <key>children</key>
                        <array>
                            <dict>
                                <key>type</key>
                                <string>ColorLayer</string>
                                <key>initProperty</key>
                                <dict>
                                    <key>pos</key>
                                    <string>{-56,88}</string>
                                    <key>tag</key>
                                    <string>0</string>
                                    <key>color</key>
                                    <string>{155,65,2,255}</string>
                                    <key>size</key>
                                    <string>{80,220}</string>
                                </dict>
                            </dict>
                            <dict>
                                <key>type</key>
                                <string>ColorLayer</string>
                                <key>initProperty</key>
                                <dict>
                                    <key>pos</key>
                                    <string>{-58.5,80}</string>
                                    <key>tag</key>
                                    <string>0</string>
                                    <key>color</key>
                                    <string>{155,65,2,255}</string>
                                    <key>size</key>
                                    <string>{157,160}</string>
                                </dict>
                            </dict>
                        </array>
                    </dict>
                    <dict>
                        <key>type</key>
                        <string>Sprite</string>
                        <key>initProperty</key>
                        <dict>
                            <key>pos</key>
                            <string>{114,178}</string>
                            <key>flipY</key>
                            <string>1</string>
                            <key>tag</key>
                            <string>1</string>
                            <key>imageFile</key>
                            <string>xiulian/x-11.png</string>
                        </dict>
                    </dict>
                    <dict>
                        <key>type</key>
                        <string>Sprite</string>
                        <key>initProperty</key>
                        <dict>
                            <key>pos</key>
                            <string>{0,178}</string>
                            <key>flipX</key>
                            <string>1</string>
                            <key>flipY</key>
                            <string>1</string>
                            <key>tag</key>
                            <string>1</string>
                            <key>imageFile</key>
                            <string>xiulian/x-11.png</string>
                        </dict>
                    </dict>
                    <dict>
                        <key>type</key>
                        <string>Sprite</string>
                        <key>initProperty</key>
                        <dict>
                            <key>pos</key>
                            <string>{58,50}</string>
                            <key>tag</key>
                            <string>0</string>
                            <key>var</key>
                            <string>icon_bg</string>
                            <key>imageFile</key>
                            <string>xiulian/x-9.png</string>
                        </dict>
                    </dict>
                    <dict>
                        <key>type</key>
                        <string>Sprite</string>
                        <key>initProperty</key>
                        <dict>
                            <key>pos</key>
                            <string>{56,171}</string>
                            <key>tag</key>
                            <string>1</string>
                            <key>touchEnable</key>
                            <string>1</string>
                            <key>tapEffectType</key>
                            <string>2</string>
                            <key>var</key>
                            <string>btn_exchange</string>
                            <key>imageFile</key>
                            <string>world-vs/s-button3.png</string>
                        </dict>
                        <key>children</key>
                        <array>
                            <dict>
                                <key>type</key>
                                <string>LabelTTF</string>
                                <key>initProperty</key>
                                <dict>
                                    <key>pos</key>
                                    <string>{0.78,-2}</string>
                                    <key>tag</key>
                                    <string>0</string>
                                    <key>wordFile</key>
                                    <string>btnWord.plist</string>
                                    <key>wordKey</key>
                                    <string>btn_exchange</string>
                                    <key>color</key>
                                    <string>{0,0,0,255}</string>
                                </dict>
                            </dict>
                        </array>
                    </dict>
                    <dict>
                        <key>type</key>
                        <string>Sprite</string>
                        <key>initProperty</key>
                        <dict>
                            <key>pos</key>
                            <string>{58,-8}</string>
                            <key>scaleX</key>
                            <string>0.8</string>
                            <key>scaleY</key>
                            <string>0.8</string>
                            <key>scale</key>
                            <string>0.8</string>
                            <key>flipY</key>
                            <string>1</string>
                            <key>tag</key>
                            <string>2</string>
                            <key>imageFile</key>
                            <string>world-vs/s-caiquan.png</string>
                        </dict>
                        <key>children</key>
                        <array>
                            <dict>
                                <key>type</key>
                                <string>LabelTTF</string>
                                <key>initProperty</key>
                                <dict>
                                    <key>pos</key>
                                    <string>{0.625,-5}</string>
                                    <key>tag</key>
                                    <string>0</string>
                                    <key>var</key>
                                    <string>lab_title</string>
                                    <key>createMethod</key>
                                    <string>1</string>
                                    <key>wordString</key>
                                    <string>name</string>
                                    <key>color</key>
                                    <string>{0,0,0,255}</string>
                                </dict>
                            </dict>
                        </array>
                    </dict>
                    <dict>
                        <key>type</key>
                        <string>Sprite</string>
                        <key>initProperty</key>
                        <dict>
                            <key>pos</key>
                            <string>{10,125}</string>
                            <key>tag</key>
                            <string>3</string>
                            <key>imageFile</key>
                            <string>jingjichang/pi-3.png</string>
                        </dict>
                        <key>children</key>
                        <array>
                            <dict>
                                <key>type</key>
                                <string>Sprite</string>
                                <key>initProperty</key>
                                <dict>
                                    <key>pos</key>
                                    <string>{32,0}</string>
                                    <key>tag</key>
                                    <string>0</string>
                                    <key>imageFile</key>
                                    <string>jingjichang/pi-3.png</string>
                                </dict>
                            </dict>
                            <dict>
                                <key>type</key>
                                <string>Sprite</string>
                                <key>initProperty</key>
                                <dict>
                                    <key>pos</key>
                                    <string>{64,0}</string>
                                    <key>tag</key>
                                    <string>1</string>
                                    <key>imageFile</key>
                                    <string>jingjichang/pi-3.png</string>
                                </dict>
                            </dict>
                            <dict>
                                <key>type</key>
                                <string>Sprite</string>
                                <key>initProperty</key>
                                <dict>
                                    <key>pos</key>
                                    <string>{96,0}</string>
                                    <key>tag</key>
                                    <string>2</string>
                                    <key>imageFile</key>
                                    <string>jingjichang/pi-3.png</string>
                                </dict>
                            </dict>
                            <dict>
                                <key>type</key>
                                <string>LabelTTF</string>
                                <key>initProperty</key>
                                <dict>
                                    <key>pos</key>
                                    <string>{-6,0}</string>
                                    <key>anchor</key>
                                    <string>{0,0.5}</string>
                                    <key>tag</key>
                                    <string>0</string>
                                    <key>var</key>
                                    <string>lab_name</string>
                                    <key>createMethod</key>
                                    <string>1</string>
                                    <key>wordString</key>
                                    <string>name</string>
                                    <key>color</key>
                                    <string>{253,233,198,255}</string>
                                </dict>
                            </dict>
                        </array>
                    </dict>
                </array>
            </dict>
        </array>
    </dict>
    <key>images</key>
    <string>xiulian/x-11.png,xiulian/x-9.png,world-vs/s-button3.png,world-vs/s-caiquan.png,jingjichang/pi-3.png</string>
</dict>
