<?xml version="1.0" encoding="UTF-8"?>
<dict>
    <key>mapInfo</key>
    <dict>
        <key>mapName</key>
        <string>mapName</string>
        <key>mapSize</key>
        <string>{100,100}</string>
        <key>backgroundColor</key>
        <string>{128,128,128,255}</string>
        <key>gridInfo</key>
        <string>{960,640,1,1}</string>
    </dict>
    <key>nodeGraph</key>
    <dict>
        <key>type</key>
        <string>Layer</string>
        <key>initProperty</key>
        <dict>
            <key>pos_p</key>
            <array>
                <string>{0,0,0,0}</string>
            </array>
        </dict>
        <key>children</key>
        <array>
            <dict>
                <key>type</key>
                <string>Layer</string>
                <key>initProperty</key>
                <dict>
                    <key>pos_p</key>
                    <array>
                        <string>{0,0,0,0}</string>
                    </array>
                    <key>tag</key>
                    <string>0</string>
                </dict>
                <key>children</key>
                <array>
                    <dict>
                        <key>type</key>
                        <string>Sprite</string>
                        <key>initProperty</key>
                        <dict>
                            <key>pos_p</key>
                            <array>
                                <string>{0,0,479,321}</string>
                            </array>
                            <key>scaleX</key>
                            <string>1.27</string>
                            <key>scaleY</key>
                            <string>1.27</string>
                            <key>scale</key>
                            <string>1.27</string>
                            <key>tag</key>
                            <string>0</string>
                            <key>imageFile</key>
                            <string>fightbg/bg12_11.png</string>
                        </dict>
                    </dict>
                    <dict>
                        <key>type</key>
                        <string>Sprite</string>
                        <key>initProperty</key>
                        <dict>
                            <key>pos_p</key>
                            <array>
                                <string>{0,0,492,497}</string>
                            </array>
                            <key>tag</key>
                            <string>1</string>
                            <key>z</key>
                            <string>1</string>
                            <key>imageFile</key>
                            <string>fightbg/bg12_10.png</string>
                        </dict>
                    </dict>
                    <dict>
                        <key>type</key>
                        <string>Sprite</string>
                        <key>initProperty</key>
                        <dict>
                            <key>pos_p</key>
                            <array>
                                <string>{0,0,500,589}</string>
                            </array>
                            <key>scaleX</key>
                            <string>1.85</string>
                            <key>scaleY</key>
                            <string>1.85</string>
                            <key>scale</key>
                            <string>1.85</string>
                            <key>tag</key>
                            <string>3</string>
                            <key>var</key>
                            <string>wave</string>
                            <key>imageFile</key>
                            <string>fightbg/bg12_7.png</string>
                        </dict>
                    </dict>
                    <dict>
                        <key>type</key>
                        <string>Sprite</string>
                        <key>initProperty</key>
                        <dict>
                            <key>pos_p</key>
                            <array>
                                <string>{0,0,800,601}</string>
                            </array>
                            <key>anchor</key>
                            <string>{1,0.5}</string>
                            <key>scaleX</key>
                            <string>1.9</string>
                            <key>scaleY</key>
                            <string>1.9</string>
                            <key>scale</key>
                            <string>1.9</string>
                            <key>tag</key>
                            <string>4</string>
                            <key>var</key>
                            <string>wave1_0</string>
                            <key>imageFile</key>
                            <string>fightbg/bg12_13.png</string>
                        </dict>
                    </dict>
                    <dict>
                        <key>type</key>
                        <string>Sprite</string>
                        <key>initProperty</key>
                        <dict>
                            <key>pos_p</key>
                            <array>
                                <string>{0,0,1142,385}</string>
                            </array>
                            <key>anchor</key>
                            <string>{1,0.5}</string>
                            <key>scaleX</key>
                            <string>1.6</string>
                            <key>scaleY</key>
                            <string>1.6</string>
                            <key>scale</key>
                            <string>1.6</string>
                            <key>tag</key>
                            <string>5</string>
                            <key>var</key>
                            <string>wave2_1</string>
                            <key>imageFile</key>
                            <string>fightbg/bg12_14.png</string>
                        </dict>
                    </dict>
                    <dict>
                        <key>type</key>
                        <string>Sprite</string>
                        <key>initProperty</key>
                        <dict>
                            <key>pos_p</key>
                            <array>
                                <string>{0,0,89,300}</string>
                            </array>
                            <key>scaleX</key>
                            <string>0.7</string>
                            <key>scaleY</key>
                            <string>0.7</string>
                            <key>scale</key>
                            <string>0.7</string>
                            <key>tag</key>
                            <string>0</string>
                            <key>imageFile</key>
                            <string>fightbg/bg12_13.png</string>
                            <key>color</key>
                            <string>{255,255,255,70}</string>
                        </dict>
                        <key>actions</key>
                        <array>
                            <string>FadeTo(1.0,20)</string>
                            <string>FadeTo(1.0,70)</string>
                            <string>Sequence(Item 0,Item 1)</string>
                            <string>RepeatForever(Item 2)</string>
                        </array>
                        <key>runAction</key>
                        <string>Item 3</string>
                    </dict>
                    <dict>
                        <key>type</key>
                        <string>Sprite</string>
                        <key>initProperty</key>
                        <dict>
                            <key>pos_p</key>
                            <array>
                                <string>{0,0,953,356}</string>
                            </array>
                            <key>anchor</key>
                            <string>{1,0.5}</string>
                            <key>scaleX</key>
                            <string>2</string>
                            <key>scaleY</key>
                            <string>2</string>
                            <key>scale</key>
                            <string>2</string>
                            <key>tag</key>
                            <string>0</string>
                            <key>z</key>
                            <string>4</string>
                            <key>var</key>
                            <string>cloud1_0</string>
                            <key>imageFile</key>
                            <string>fightbg/bg12_2.png</string>
                        </dict>
                    </dict>
                    <dict>
                        <key>type</key>
                        <string>Sprite</string>
                        <key>initProperty</key>
                        <dict>
                            <key>pos_p</key>
                            <array>
                                <string>{0,0,1054,201}</string>
                            </array>
                            <key>anchor</key>
                            <string>{1,0.5}</string>
                            <key>scaleX</key>
                            <string>2.5</string>
                            <key>scaleY</key>
                            <string>2.5</string>
                            <key>scale</key>
                            <string>2.5</string>
                            <key>tag</key>
                            <string>1</string>
                            <key>var</key>
                            <string>cloud2_0</string>
                            <key>imageFile</key>
                            <string>fightbg/bg12_12.png</string>
                        </dict>
                    </dict>
                    <dict>
                        <key>type</key>
                        <string>Sprite</string>
                        <key>initProperty</key>
                        <dict>
                            <key>pos_p</key>
                            <array>
                                <string>{0,0,2245,208}</string>
                            </array>
                            <key>anchor</key>
                            <string>{1,0.5}</string>
                            <key>scaleX</key>
                            <string>2.5</string>
                            <key>scaleY</key>
                            <string>2.5</string>
                            <key>scale</key>
                            <string>2.5</string>
                            <key>tag</key>
                            <string>1</string>
                            <key>var</key>
                            <string>cloud2_1</string>
                            <key>imageFile</key>
                            <string>fightbg/bg12_12.png</string>
                        </dict>
                    </dict>
                    <dict>
                        <key>type</key>
                        <string>Sprite</string>
                        <key>initProperty</key>
                        <dict>
                            <key>pos_p</key>
                            <array>
                                <string>{0,0,1966,356}</string>
                            </array>
                            <key>anchor</key>
                            <string>{1,0.5}</string>
                            <key>scaleX</key>
                            <string>2</string>
                            <key>scaleY</key>
                            <string>2</string>
                            <key>scale</key>
                            <string>2</string>
                            <key>tag</key>
                            <string>0</string>
                            <key>z</key>
                            <string>4</string>
                            <key>var</key>
                            <string>cloud1_1</string>
                            <key>imageFile</key>
                            <string>fightbg/bg12_2.png</string>
                        </dict>
                    </dict>
                    <dict>
                        <key>type</key>
                        <string>Sprite</string>
                        <key>initProperty</key>
                        <dict>
                            <key>pos_p</key>
                            <array>
                                <string>{0,0,2680,601}</string>
                            </array>
                            <key>anchor</key>
                            <string>{1,0.5}</string>
                            <key>scaleX</key>
                            <string>1.9</string>
                            <key>scaleY</key>
                            <string>1.9</string>
                            <key>scale</key>
                            <string>1.9</string>
                            <key>tag</key>
                            <string>4</string>
                            <key>var</key>
                            <string>wave1_2</string>
                            <key>imageFile</key>
                            <string>fightbg/bg12_13.png</string>
                        </dict>
                    </dict>
                    <dict>
                        <key>type</key>
                        <string>Sprite</string>
                        <key>initProperty</key>
                        <dict>
                            <key>pos_p</key>
                            <array>
                                <string>{0,0,1740,601}</string>
                            </array>
                            <key>anchor</key>
                            <string>{1,0.5}</string>
                            <key>scaleX</key>
                            <string>1.9</string>
                            <key>scaleY</key>
                            <string>1.9</string>
                            <key>scale</key>
                            <string>1.9</string>
                            <key>tag</key>
                            <string>4</string>
                            <key>var</key>
                            <string>wave1_1</string>
                            <key>imageFile</key>
                            <string>fightbg/bg12_13.png</string>
                        </dict>
                    </dict>
                    <dict>
                        <key>type</key>
                        <string>Sprite</string>
                        <key>initProperty</key>
                        <dict>
                            <key>pos_p</key>
                            <array>
                                <string>{0,0,650,385}</string>
                            </array>
                            <key>anchor</key>
                            <string>{1,0.5}</string>
                            <key>scaleX</key>
                            <string>1.6</string>
                            <key>scaleY</key>
                            <string>1.6</string>
                            <key>scale</key>
                            <string>1.6</string>
                            <key>tag</key>
                            <string>5</string>
                            <key>var</key>
                            <string>wave2_0</string>
                            <key>imageFile</key>
                            <string>fightbg/bg12_14.png</string>
                        </dict>
                    </dict>
                    <dict>
                        <key>type</key>
                        <string>Sprite</string>
                        <key>initProperty</key>
                        <dict>
                            <key>pos_p</key>
                            <array>
                                <string>{0,0,1934,385}</string>
                            </array>
                            <key>anchor</key>
                            <string>{1,0.5}</string>
                            <key>scaleX</key>
                            <string>1.6</string>
                            <key>scaleY</key>
                            <string>1.6</string>
                            <key>scale</key>
                            <string>1.6</string>
                            <key>tag</key>
                            <string>5</string>
                            <key>var</key>
                            <string>wave2_2</string>
                            <key>imageFile</key>
                            <string>fightbg/bg12_14.png</string>
                        </dict>
                    </dict>
                    <dict>
                        <key>type</key>
                        <string>Sprite</string>
                        <key>initProperty</key>
                        <dict>
                            <key>pos_p</key>
                            <array>
                                <string>{0,0,436,299}</string>
                            </array>
                            <key>scaleX</key>
                            <string>0.7</string>
                            <key>scaleY</key>
                            <string>0.7</string>
                            <key>scale</key>
                            <string>0.7</string>
                            <key>tag</key>
                            <string>0</string>
                            <key>imageFile</key>
                            <string>fightbg/bg12_13.png</string>
                            <key>color</key>
                            <string>{255,255,255,70}</string>
                        </dict>
                        <key>actions</key>
                        <array>
                            <string>FadeTo(1.0,20)</string>
                            <string>FadeTo(1.0,70)</string>
                            <string>Sequence(Item 0,Item 1)</string>
                            <string>RepeatForever(Item 2)</string>
                        </array>
                        <key>runAction</key>
                        <string>Item 3</string>
                    </dict>
                    <dict>
                        <key>type</key>
                        <string>Sprite</string>
                        <key>initProperty</key>
                        <dict>
                            <key>pos_p</key>
                            <array>
                                <string>{0,0,783,298}</string>
                            </array>
                            <key>scaleX</key>
                            <string>0.7</string>
                            <key>scaleY</key>
                            <string>0.7</string>
                            <key>scale</key>
                            <string>0.7</string>
                            <key>tag</key>
                            <string>0</string>
                            <key>imageFile</key>
                            <string>fightbg/bg12_13.png</string>
                            <key>color</key>
                            <string>{255,255,255,70}</string>
                        </dict>
                        <key>actions</key>
                        <array>
                            <string>FadeTo(1.0,20)</string>
                            <string>FadeTo(1.0,70)</string>
                            <string>Sequence(Item 0,Item 1)</string>
                            <string>RepeatForever(Item 2)</string>
                        </array>
                        <key>runAction</key>
                        <string>Item 3</string>
                    </dict>
                    <dict>
                        <key>type</key>
                        <string>Sprite</string>
                        <key>initProperty</key>
                        <dict>
                            <key>pos_p</key>
                            <array>
                                <string>{0,0,7,370}</string>
                            </array>
                            <key>scaleX</key>
                            <string>0.8</string>
                            <key>scaleY</key>
                            <string>0.8</string>
                            <key>scale</key>
                            <string>0.8</string>
                            <key>tag</key>
                            <string>0</string>
                            <key>var</key>
                            <string>hand1</string>
                            <key>imageFile</key>
                            <string>fightbg/bg12_3.png</string>
                        </dict>
                    </dict>
                    <dict>
                        <key>type</key>
                        <string>Sprite</string>
                        <key>initProperty</key>
                        <dict>
                            <key>pos_p</key>
                            <array>
                                <string>{0,0,352,586}</string>
                            </array>
                            <key>tag</key>
                            <string>1</string>
                            <key>z</key>
                            <string>3</string>
                            <key>var</key>
                            <string>hand3</string>
                            <key>imageFile</key>
                            <string>fightbg/bg12_3.png</string>
                        </dict>
                    </dict>
                    <dict>
                        <key>type</key>
                        <string>Sprite</string>
                        <key>initProperty</key>
                        <dict>
                            <key>pos_p</key>
                            <array>
                                <string>{0,0,760,313}</string>
                            </array>
                            <key>scaleX</key>
                            <string>0.7</string>
                            <key>scaleY</key>
                            <string>0.7</string>
                            <key>scale</key>
                            <string>0.7</string>
                            <key>tag</key>
                            <string>4</string>
                            <key>z</key>
                            <string>3</string>
                            <key>var</key>
                            <string>hand2</string>
                            <key>imageFile</key>
                            <string>fightbg/bg12_3.png</string>
                        </dict>
                    </dict>
                    <dict>
                        <key>type</key>
                        <string>Sprite</string>
                        <key>initProperty</key>
                        <dict>
                            <key>pos_p</key>
                            <array>
                                <string>{0,0,54,258}</string>
                            </array>
                            <key>scaleX</key>
                            <string>0.5</string>
                            <key>scaleY</key>
                            <string>0.5</string>
                            <key>scale</key>
                            <string>0.5</string>
                            <key>tag</key>
                            <string>5</string>
                            <key>var</key>
                            <string>hand0</string>
                            <key>imageFile</key>
                            <string>fightbg/bg12_3.png</string>
                        </dict>
                    </dict>
                    <dict>
                        <key>type</key>
                        <string>Sprite</string>
                        <key>initProperty</key>
                        <dict>
                            <key>pos_p</key>
                            <array>
                                <string>{0,0,648,592}</string>
                            </array>
                            <key>tag</key>
                            <string>6</string>
                            <key>imageFile</key>
                            <string>fightbg/bg12_8.png</string>
                        </dict>
                        <key>actions</key>
                        <array>
                            <string>MoveBy(5.0,{0,-5})</string>
                            <string>MoveBy(5.0,{0,5})</string>
                            <string>Sequence(Item 0,Item 1)</string>
                            <string>RepeatForever(Item 2)</string>
                        </array>
                        <key>runAction</key>
                        <string>Item 3</string>
                    </dict>
                    <dict>
                        <key>type</key>
                        <string>Sprite</string>
                        <key>initProperty</key>
                        <dict>
                            <key>pos_p</key>
                            <array>
                                <string>{0,0,189,615}</string>
                            </array>
                            <key>tag</key>
                            <string>7</string>
                            <key>imageFile</key>
                            <string>fightbg/bg12_9.png</string>
                        </dict>
                        <key>actions</key>
                        <array>
                            <string>MoveBy(4.0,{0,-5})</string>
                            <string>MoveBy(4.0,{0,5})</string>
                            <string>Sequence(Item 0,Item 1)</string>
                            <string>RepeatForever(Item 2)</string>
                        </array>
                        <key>runAction</key>
                        <string>Item 3</string>
                    </dict>
                    <dict>
                        <key>type</key>
                        <string>Sprite</string>
                        <key>initProperty</key>
                        <dict>
                            <key>pos_p</key>
                            <array>
                                <string>{0,0,117,325}</string>
                            </array>
                            <key>scaleX</key>
                            <string>0.7</string>
                            <key>scaleY</key>
                            <string>0.7</string>
                            <key>scale</key>
                            <string>0.7</string>
                            <key>tag</key>
                            <string>8</string>
                            <key>imageFile</key>
                            <string>fightbg/bg12_8.png</string>
                        </dict>
                        <key>actions</key>
                        <array>
                            <string>MoveBy(3.0,{0,-5})</string>
                            <string>MoveBy(3.0,{0,5})</string>
                            <string>Sequence(Item 0,Item 1)</string>
                            <string>RepeatForever(Item 2)</string>
                        </array>
                        <key>runAction</key>
                        <string>Item 3</string>
                    </dict>
                </array>
            </dict>
        </array>
    </dict>
    <key>images</key>
    <string>fightbg/bg12_11.png,fightbg/bg12_10.png,fightbg/bg12_7.png,fightbg/bg12_13.png,fightbg/bg12_14.png,fightbg/bg12_2.png,fightbg/bg12_12.png,fightbg/bg12_3.png,fightbg/bg12_8.png,fightbg/bg12_9.png</string>
</dict>
