<?xml version="1.0" encoding="UTF-8"?>
<dict>
    <key>mapInfo</key>
    <dict>
        <key>mapName</key>
        <string>mapName</string>
        <key>mapSize</key>
        <string>{100,100}</string>
        <key>backgroundColor</key>
        <string>{128,128,128,255}</string>
        <key>gridInfo</key>
        <string>{960,640,1,1}</string>
    </dict>
    <key>nodeGraph</key>
    <dict>
        <key>type</key>
        <string>Layer</string>
        <key>children</key>
        <array>
            <dict>
                <key>type</key>
                <string>Sprite</string>
                <key>initProperty</key>
                <dict>
                    <key>pos</key>
                    <string>{415,321}</string>
                    <key>tag</key>
                    <string>0</string>
                    <key>var</key>
                    <string>main_bg</string>
                    <key>imageFile</key>
                    <string>fightbg/bg6_1.jpg</string>
                    <key>textureRect</key>
                    <string>{0,0,1024,788}</string>
                </dict>
                <key>children</key>
                <array>
                    <dict>
                        <key>type</key>
                        <string>Sprite</string>
                        <key>initProperty</key>
                        <dict>
                            <key>pos</key>
                            <string>{78,-133}</string>
                            <key>scaleX</key>
                            <string>2.1</string>
                            <key>scaleY</key>
                            <string>2.1</string>
                            <key>scale</key>
                            <string>2.1</string>
                            <key>tag</key>
                            <string>0</string>
                            <key>imageFile</key>
                            <string>fightbg/bg6_2.png</string>
                        </dict>
                        <key>actions</key>
                        <array>
                            <string>FadeTo(3.0,128)</string>
                            <string>FadeTo(3.0,255)</string>
                            <string>Sequence(Item 0,Item 1)</string>
                            <string>RepeatForever(Item 2)</string>
                        </array>
                        <key>runAction</key>
                        <string>Item 3</string>
                    </dict>
                    <dict>
                        <key>type</key>
                        <string>Sprite</string>
                        <key>initProperty</key>
                        <dict>
                            <key>pos</key>
                            <string>{578,0}</string>
                            <key>rotation</key>
                            <string>270</string>
                            <key>tag</key>
                            <string>0</string>
                            <key>imageFile</key>
                            <string>fightbg/bg6_1.jpg</string>
                            <key>textureRect</key>
                            <string>{0,788,788,132}</string>
                        </dict>
                    </dict>
                </array>
            </dict>
        </array>
    </dict>
    <key>images</key>
    <string>fightbg/bg6_1.jpg,fightbg/bg6_2.png</string>
</dict>
