<?xml version="1.0" encoding="UTF-8"?>
<dict>
    <key>mapInfo</key>
    <dict>
        <key>mapName</key>
        <string>fight-UI</string>
        <key>mapSize</key>
        <string>{100,100}</string>
        <key>backgroundColor</key>
        <string>{128,128,128,255}</string>
        <key>gridInfo</key>
        <string>{960,640,1,1}</string>
    </dict>
    <key>nodeGraph</key>
    <dict>
        <key>type</key>
        <string>Layer</string>
        <key>initProperty</key>
        <dict>
            <key>pos_p</key>
            <array>
                <string>{0,0,0,0}</string>
            </array>
        </dict>
        <key>children</key>
        <array>
            <dict>
                <key>type</key>
                <string>Sprite</string>
                <key>initProperty</key>
                <dict>
                    <key>pos_p</key>
                    <array>
                        <string>{0,5,217,65}</string>
                    </array>
                    <key>tag</key>
                    <string>1</string>
                    <key>imageFile</key>
                    <string>fight-UI/BLOOD-1.png</string>
                </dict>
                <key>children</key>
                <array>
                    <dict>
                        <key>type</key>
                        <string>Sprite</string>
                        <key>initProperty</key>
                        <dict>
                            <key>pos_p</key>
                            <array>
                                <string>{0,0,-105,-2}</string>
                            </array>
                            <key>anchor</key>
                            <string>{0,0}</string>
                            <key>visible</key>
                            <string>0</string>
                            <key>tag</key>
                            <string>0</string>
                            <key>var</key>
                            <string>hp_bar0</string>
                            <key>imageFile</key>
                            <string>fight-UI/BLOOD-RED.png</string>
                        </dict>
                    </dict>
                    <dict>
                        <key>type</key>
                        <string>Sprite</string>
                        <key>initProperty</key>
                        <dict>
                            <key>pos_p</key>
                            <array>
                                <string>{0,0,114,9}</string>
                            </array>
                            <key>visible</key>
                            <string>0</string>
                            <key>tag</key>
                            <string>2</string>
                            <key>var</key>
                            <string>sp_bar0</string>
                            <key>imageFile</key>
                            <string>fight-UI/BLOOD-BLUE.png</string>
                        </dict>
                    </dict>
                    <dict>
                        <key>type</key>
                        <string>LabelTTF</string>
                        <key>initProperty</key>
                        <dict>
                            <key>pos_p</key>
                            <array>
                                <string>{0,0,-172,45}</string>
                            </array>
                            <key>tag</key>
                            <string>0</string>
                            <key>var</key>
                            <string>lab_level0</string>
                            <key>createMethod</key>
                            <string>1</string>
                            <key>wordString</key>
                            <string>lv:</string>
                        </dict>
                    </dict>
                    <dict>
                        <key>type</key>
                        <string>ColorLayer</string>
                        <key>initProperty</key>
                        <dict>
                            <key>pos_p</key>
                            <array>
                                <string>{0,0,-152,-14}</string>
                            </array>
                            <key>anchor</key>
                            <string>{0,0}</string>
                            <key>tag</key>
                            <string>1</string>
                            <key>z</key>
                            <string>1</string>
                            <key>var</key>
                            <string>icon_0_0</string>
                            <key>color</key>
                            <string>{255,255,255,0}</string>
                            <key>size</key>
                            <string>{50,50}</string>
                        </dict>
                    </dict>
                    <dict>
                        <key>type</key>
                        <string>ColorLayer</string>
                        <key>initProperty</key>
                        <dict>
                            <key>pos_p</key>
                            <array>
                                <string>{0,0,-80,30}</string>
                            </array>
                            <key>anchor</key>
                            <string>{0,0}</string>
                            <key>tag</key>
                            <string>2</string>
                            <key>z</key>
                            <string>1</string>
                            <key>var</key>
                            <string>icon_0_1</string>
                            <key>color</key>
                            <string>{255,255,255,0}</string>
                            <key>size</key>
                            <string>{20,20}</string>
                        </dict>
                    </dict>
                    <dict>
                        <key>type</key>
                        <string>ColorLayer</string>
                        <key>initProperty</key>
                        <dict>
                            <key>pos_p</key>
                            <array>
                                <string>{0,0,-27,30}</string>
                            </array>
                            <key>anchor</key>
                            <string>{0,0}</string>
                            <key>tag</key>
                            <string>3</string>
                            <key>z</key>
                            <string>1</string>
                            <key>var</key>
                            <string>icon_0_2</string>
                            <key>color</key>
                            <string>{255,255,255,0}</string>
                            <key>size</key>
                            <string>{20,20}</string>
                        </dict>
                    </dict>
                    <dict>
                        <key>type</key>
                        <string>LabelTTF</string>
                        <key>initProperty</key>
                        <dict>
                            <key>pos_p</key>
                            <array>
                                <string>{0,0,-105,-42}</string>
                            </array>
                            <key>anchor</key>
                            <string>{0,0.5}</string>
                            <key>tag</key>
                            <string>4</string>
                            <key>var</key>
                            <string>lab_name0</string>
                            <key>createMethod</key>
                            <string>1</string>
                            <key>wordString</key>
                            <string>name</string>
                            <key>color</key>
                            <string>{0,0,0,255}</string>
                        </dict>
                    </dict>
                    <dict>
                        <key>type</key>
                        <string>LabelTTF</string>
                        <key>initProperty</key>
                        <dict>
                            <key>pos_p</key>
                            <array>
                                <string>{0,0,20,-20}</string>
                            </array>
                            <key>anchor</key>
                            <string>{0,0.5}</string>
                            <key>tag</key>
                            <string>0</string>
                            <key>z</key>
                            <string>1</string>
                            <key>var</key>
                            <string>lab_hp0</string>
                            <key>createMethod</key>
                            <string>1</string>
                            <key>wordString</key>
                            <string>100/100</string>
                        </dict>
                    </dict>
                    <dict>
                        <key>type</key>
                        <string>LabelTTF</string>
                        <key>initProperty</key>
                        <dict>
                            <key>pos_p</key>
                            <array>
                                <string>{0,0,109,8}</string>
                            </array>
                            <key>tag</key>
                            <string>0</string>
                            <key>z</key>
                            <string>1</string>
                            <key>var</key>
                            <string>lab_sp0</string>
                            <key>createMethod</key>
                            <string>1</string>
                            <key>wordString</key>
                            <string>100/100</string>
                        </dict>
                    </dict>
                    <dict>
                        <key>type</key>
                        <string>Sprite</string>
                        <key>initProperty</key>
                        <dict>
                            <key>pos_p</key>
                            <array>
                                <string>{0,0,39,78}</string>
                            </array>
                            <key>tag</key>
                            <string>0</string>
                            <key>var</key>
                            <string>icon_0_6</string>
                            <key>imageFile</key>
                            <string>fight-UI/head-di.png</string>
                        </dict>
                    </dict>
                    <dict>
                        <key>type</key>
                        <string>Sprite</string>
                        <key>initProperty</key>
                        <dict>
                            <key>pos_p</key>
                            <array>
                                <string>{0,0,-120,78}</string>
                            </array>
                            <key>tag</key>
                            <string>1</string>
                            <key>var</key>
                            <string>icon_0_3</string>
                            <key>imageFile</key>
                            <string>fight-UI/head-di.png</string>
                        </dict>
                    </dict>
                    <dict>
                        <key>type</key>
                        <string>Sprite</string>
                        <key>initProperty</key>
                        <dict>
                            <key>pos_p</key>
                            <array>
                                <string>{0,0,-67,78}</string>
                            </array>
                            <key>tag</key>
                            <string>2</string>
                            <key>var</key>
                            <string>icon_0_4</string>
                            <key>imageFile</key>
                            <string>fight-UI/head-di.png</string>
                        </dict>
                    </dict>
                    <dict>
                        <key>type</key>
                        <string>Sprite</string>
                        <key>initProperty</key>
                        <dict>
                            <key>pos_p</key>
                            <array>
                                <string>{0,0,-14,78}</string>
                            </array>
                            <key>tag</key>
                            <string>3</string>
                            <key>var</key>
                            <string>icon_0_5</string>
                            <key>imageFile</key>
                            <string>fight-UI/head-di.png</string>
                        </dict>
                    </dict>
                    <dict>
                        <key>type</key>
                        <string>Sprite</string>
                        <key>initProperty</key>
                        <dict>
                            <key>pos_p</key>
                            <array>
                                <string>{0,0,198,78}</string>
                            </array>
                            <key>tag</key>
                            <string>4</string>
                            <key>var</key>
                            <string>icon_0_9</string>
                            <key>imageFile</key>
                            <string>fight-UI/head-di.png</string>
                        </dict>
                    </dict>
                    <dict>
                        <key>type</key>
                        <string>Sprite</string>
                        <key>initProperty</key>
                        <dict>
                            <key>pos_p</key>
                            <array>
                                <string>{0,0,92,78}</string>
                            </array>
                            <key>tag</key>
                            <string>5</string>
                            <key>var</key>
                            <string>icon_0_7</string>
                            <key>imageFile</key>
                            <string>fight-UI/head-di.png</string>
                        </dict>
                    </dict>
                    <dict>
                        <key>type</key>
                        <string>Sprite</string>
                        <key>initProperty</key>
                        <dict>
                            <key>pos_p</key>
                            <array>
                                <string>{0,0,145,78}</string>
                            </array>
                            <key>tag</key>
                            <string>6</string>
                            <key>var</key>
                            <string>icon_0_8</string>
                            <key>imageFile</key>
                            <string>fight-UI/head-di.png</string>
                        </dict>
                    </dict>
                    <dict>
                        <key>type</key>
                        <string>Sprite</string>
                        <key>initProperty</key>
                        <dict>
                            <key>pos_p</key>
                            <array>
                                <string>{0,0,-133,126}</string>
                            </array>
                            <key>tag</key>
                            <string>0</string>
                            <key>var</key>
                            <string>icon_0_10</string>
                            <key>imageFile</key>
                            <string>fight-UI/head-di.png</string>
                        </dict>
                    </dict>
                    <dict>
                        <key>type</key>
                        <string>Sprite</string>
                        <key>initProperty</key>
                        <dict>
                            <key>pos_p</key>
                            <array>
                                <string>{0,0,-82,126}</string>
                            </array>
                            <key>tag</key>
                            <string>1</string>
                            <key>var</key>
                            <string>icon_0_11</string>
                            <key>imageFile</key>
                            <string>fight-UI/head-di.png</string>
                        </dict>
                    </dict>
                    <dict>
                        <key>type</key>
                        <string>Sprite</string>
                        <key>initProperty</key>
                        <dict>
                            <key>pos_p</key>
                            <array>
                                <string>{0,0,-30,126}</string>
                            </array>
                            <key>tag</key>
                            <string>2</string>
                            <key>var</key>
                            <string>icon_0_12</string>
                            <key>imageFile</key>
                            <string>fight-UI/head-di.png</string>
                        </dict>
                    </dict>
                    <dict>
                        <key>type</key>
                        <string>Sprite</string>
                        <key>initProperty</key>
                        <dict>
                            <key>pos_p</key>
                            <array>
                                <string>{0,0,23,126}</string>
                            </array>
                            <key>tag</key>
                            <string>3</string>
                            <key>var</key>
                            <string>icon_0_13</string>
                            <key>imageFile</key>
                            <string>fight-UI/head-di.png</string>
                        </dict>
                    </dict>
                    <dict>
                        <key>type</key>
                        <string>Sprite</string>
                        <key>initProperty</key>
                        <dict>
                            <key>pos_p</key>
                            <array>
                                <string>{0,0,76,126}</string>
                            </array>
                            <key>tag</key>
                            <string>4</string>
                            <key>var</key>
                            <string>icon_0_14</string>
                            <key>imageFile</key>
                            <string>fight-UI/head-di.png</string>
                        </dict>
                    </dict>
                    <dict>
                        <key>type</key>
                        <string>Sprite</string>
                        <key>initProperty</key>
                        <dict>
                            <key>pos_p</key>
                            <array>
                                <string>{0,0,128,126}</string>
                            </array>
                            <key>tag</key>
                            <string>5</string>
                            <key>var</key>
                            <string>icon_0_15</string>
                            <key>imageFile</key>
                            <string>fight-UI/head-di.png</string>
                        </dict>
                    </dict>
                    <dict>
                        <key>type</key>
                        <string>Sprite</string>
                        <key>initProperty</key>
                        <dict>
                            <key>pos_p</key>
                            <array>
                                <string>{0,0,180,126}</string>
                            </array>
                            <key>tag</key>
                            <string>6</string>
                            <key>var</key>
                            <string>icon_0_16</string>
                            <key>imageFile</key>
                            <string>fight-UI/head-di.png</string>
                        </dict>
                    </dict>
                    <dict>
                        <key>type</key>
                        <string>Sprite</string>
                        <key>initProperty</key>
                        <dict>
                            <key>pos_p</key>
                            <array>
                                <string>{0,0,-153,174}</string>
                            </array>
                            <key>tag</key>
                            <string>7</string>
                            <key>var</key>
                            <string>icon_0_17</string>
                            <key>imageFile</key>
                            <string>fight-UI/head-di.png</string>
                        </dict>
                    </dict>
                    <dict>
                        <key>type</key>
                        <string>Sprite</string>
                        <key>initProperty</key>
                        <dict>
                            <key>pos_p</key>
                            <array>
                                <string>{0,0,-99,174}</string>
                            </array>
                            <key>tag</key>
                            <string>8</string>
                            <key>var</key>
                            <string>icon_0_18</string>
                            <key>imageFile</key>
                            <string>fight-UI/head-di.png</string>
                        </dict>
                    </dict>
                    <dict>
                        <key>type</key>
                        <string>Sprite</string>
                        <key>initProperty</key>
                        <dict>
                            <key>pos_p</key>
                            <array>
                                <string>{0,0,-46,174}</string>
                            </array>
                            <key>tag</key>
                            <string>9</string>
                            <key>var</key>
                            <string>icon_0_19</string>
                            <key>imageFile</key>
                            <string>fight-UI/head-di.png</string>
                        </dict>
                    </dict>
                    <dict>
                        <key>type</key>
                        <string>Sprite</string>
                        <key>initProperty</key>
                        <dict>
                            <key>pos_p</key>
                            <array>
                                <string>{0,0,7,174}</string>
                            </array>
                            <key>tag</key>
                            <string>10</string>
                            <key>var</key>
                            <string>icon_0_20</string>
                            <key>imageFile</key>
                            <string>fight-UI/head-di.png</string>
                        </dict>
                    </dict>
                    <dict>
                        <key>type</key>
                        <string>Sprite</string>
                        <key>initProperty</key>
                        <dict>
                            <key>pos_p</key>
                            <array>
                                <string>{0,0,60,174}</string>
                            </array>
                            <key>tag</key>
                            <string>11</string>
                            <key>var</key>
                            <string>icon_0_21</string>
                            <key>imageFile</key>
                            <string>fight-UI/head-di.png</string>
                        </dict>
                    </dict>
                    <dict>
                        <key>type</key>
                        <string>Sprite</string>
                        <key>initProperty</key>
                        <dict>
                            <key>pos_p</key>
                            <array>
                                <string>{0,0,113,174}</string>
                            </array>
                            <key>tag</key>
                            <string>12</string>
                            <key>var</key>
                            <string>icon_0_22</string>
                            <key>imageFile</key>
                            <string>fight-UI/head-di.png</string>
                        </dict>
                    </dict>
                    <dict>
                        <key>type</key>
                        <string>Sprite</string>
                        <key>initProperty</key>
                        <dict>
                            <key>pos_p</key>
                            <array>
                                <string>{0,0,167,174}</string>
                            </array>
                            <key>tag</key>
                            <string>13</string>
                            <key>var</key>
                            <string>icon_0_23</string>
                            <key>imageFile</key>
                            <string>fight-UI/head-di.png</string>
                        </dict>
                    </dict>
                </array>
            </dict>
            <dict>
                <key>type</key>
                <string>Layer</string>
                <key>initProperty</key>
                <dict>
                    <key>pos_p</key>
                    <array>
                        <string>{0,0,0,0}</string>
                    </array>
                    <key>tag</key>
                    <string>0</string>
                </dict>
                <key>children</key>
                <array>
                    <dict>
                        <key>type</key>
                        <string>Sprite</string>
                        <key>initProperty</key>
                        <dict>
                            <key>pos_p</key>
                            <array>
                                <string>{0,3,481,43}</string>
                            </array>
                            <key>tag</key>
                            <string>0</string>
                            <key>var</key>
                            <string>flag_atlas</string>
                            <key>imageFile</key>
                            <string>fight-UI/vs.png</string>
                        </dict>
                    </dict>
                    <dict>
                        <key>type</key>
                        <string>Sprite</string>
                        <key>initProperty</key>
                        <dict>
                            <key>pos_p</key>
                            <array>
                                <string>{0,3,480,55}</string>
                            </array>
                            <key>visible</key>
                            <string>0</string>
                            <key>tag</key>
                            <string>0</string>
                            <key>var</key>
                            <string>flag_tower</string>
                            <key>imageFile</key>
                            <string>fight-UI/vs-pata.png</string>
                        </dict>
                    </dict>
                    <dict>
                        <key>type</key>
                        <string>Sprite</string>
                        <key>initProperty</key>
                        <dict>
                            <key>pos_p</key>
                            <array>
                                <string>{0,3,481,99}</string>
                            </array>
                            <key>visible</key>
                            <string>0</string>
                            <key>tag</key>
                            <string>1</string>
                            <key>var</key>
                            <string>atlas_bg</string>
                            <key>imageFile</key>
                            <string>fight-UI/chen.png</string>
                        </dict>
                    </dict>
                </array>
            </dict>
            <dict>
                <key>type</key>
                <string>Layer</string>
                <key>initProperty</key>
                <dict>
                    <key>pos_p</key>
                    <array>
                        <string>{0,0,0,0}</string>
                    </array>
                    <key>tag</key>
                    <string>3</string>
                </dict>
                <key>children</key>
                <array>
                    <dict>
                        <key>type</key>
                        <string>Sprite</string>
                        <key>initProperty</key>
                        <dict>
                            <key>pos_p</key>
                            <array>
                                <string>{0,4,382,598}</string>
                            </array>
                            <key>tag</key>
                            <string>0</string>
                            <key>touchEnable</key>
                            <string>1</string>
                            <key>tapEffectType</key>
                            <string>2</string>
                            <key>var</key>
                            <string>btn_replay</string>
                            <key>imageFile</key>
                            <string>fight-UI/redo.png</string>
                        </dict>
                    </dict>
                    <dict>
                        <key>type</key>
                        <string>Sprite</string>
                        <key>initProperty</key>
                        <dict>
                            <key>pos_p</key>
                            <array>
                                <string>{0,4,480,598}</string>
                            </array>
                            <key>tag</key>
                            <string>1</string>
                            <key>touchEnable</key>
                            <string>1</string>
                            <key>touchTag</key>
                            <string>-1</string>
                            <key>tapEffectType</key>
                            <string>2</string>
                            <key>var</key>
                            <string>btn_speed</string>
                            <key>imageFile</key>
                            <string>fight-UI/speed.png</string>
                        </dict>
                    </dict>
                    <dict>
                        <key>type</key>
                        <string>Sprite</string>
                        <key>initProperty</key>
                        <dict>
                            <key>pos_p</key>
                            <array>
                                <string>{0,4,579,598}</string>
                            </array>
                            <key>tag</key>
                            <string>2</string>
                            <key>touchEnable</key>
                            <string>1</string>
                            <key>touchTag</key>
                            <string>-1</string>
                            <key>tapEffectType</key>
                            <string>2</string>
                            <key>var</key>
                            <string>btn_skip</string>
                            <key>imageFile</key>
                            <string>fight-UI/tiaoguo.png</string>
                        </dict>
                    </dict>
                    <dict>
                        <key>type</key>
                        <string>Sprite</string>
                        <key>initProperty</key>
                        <dict>
                            <key>pos_p</key>
                            <array>
                                <string>{0,4,577,520}</string>
                            </array>
                            <key>visible</key>
                            <string>0</string>
                            <key>tag</key>
                            <string>3</string>
                            <key>touchEnable</key>
                            <string>1</string>
                            <key>touchTag</key>
                            <string>-1</string>
                            <key>tapEffectType</key>
                            <string>2</string>
                            <key>var</key>
                            <string>btn_close</string>
                            <key>imageFile</key>
                            <string>fight-UI/gou.png</string>
                        </dict>
                    </dict>
                    <dict>
                        <key>type</key>
                        <string>Sprite</string>
                        <key>initProperty</key>
                        <dict>
                            <key>pos_p</key>
                            <array>
                                <string>{0,4,915,595}</string>
                            </array>
                            <key>scaleX</key>
                            <string>0.8</string>
                            <key>scaleY</key>
                            <string>0.8</string>
                            <key>scale</key>
                            <string>0.8</string>
                            <key>visible</key>
                            <string>0</string>
                            <key>tag</key>
                            <string>0</string>
                            <key>touchEnable</key>
                            <string>1</string>
                            <key>touchTag</key>
                            <string>-1</string>
                            <key>tapEffectType</key>
                            <string>2</string>
                            <key>var</key>
                            <string>btn_share</string>
                            <key>imageFile</key>
                            <string>public/share.png</string>
                        </dict>
                    </dict>
                    <dict>
                        <key>type</key>
                        <string>Sprite</string>
                        <key>initProperty</key>
                        <dict>
                            <key>pos_p</key>
                            <array>
                                <string>{0,4,677,597}</string>
                            </array>
                            <key>tag</key>
                            <string>0</string>
                            <key>touchEnable</key>
                            <string>1</string>
                            <key>touchTag</key>
                            <string>-1</string>
                            <key>tapEffectType</key>
                            <string>2</string>
                            <key>var</key>
                            <string>btn_next</string>
                            <key>imageFile</key>
                            <string>fight-UI/next.png</string>
                        </dict>
                    </dict>
                </array>
            </dict>
            <dict>
                <key>type</key>
                <string>Layer</string>
                <key>initProperty</key>
                <dict>
                    <key>pos_p</key>
                    <array>
                        <string>{0,0,0,0}</string>
                    </array>
                    <key>tag</key>
                    <string>0</string>
                </dict>
                <key>children</key>
                <array>
                    <dict>
                        <key>type</key>
                        <string>Sprite</string>
                        <key>initProperty</key>
                        <dict>
                            <key>pos_p</key>
                            <array>
                                <string>{0,1,0,552}</string>
                            </array>
                            <key>anchor</key>
                            <string>{0,0.5}</string>
                            <key>flipX</key>
                            <string>1</string>
                            <key>tag</key>
                            <string>0</string>
                            <key>touchEnable</key>
                            <string>1</string>
                            <key>touchTag</key>
                            <string>-1</string>
                            <key>tapEffectType</key>
                            <string>2</string>
                            <key>var</key>
                            <string>btn_att0</string>
                            <key>imageFile</key>
                            <string>fight-UI/jineng.png</string>
                        </dict>
                    </dict>
                    <dict>
                        <key>type</key>
                        <string>Sprite</string>
                        <key>initProperty</key>
                        <dict>
                            <key>pos_p</key>
                            <array>
                                <string>{0,2,962,552}</string>
                            </array>
                            <key>anchor</key>
                            <string>{1,0.5}</string>
                            <key>tag</key>
                            <string>2</string>
                            <key>touchEnable</key>
                            <string>1</string>
                            <key>tapEffectType</key>
                            <string>2</string>
                            <key>var</key>
                            <string>btn_att1</string>
                            <key>imageFile</key>
                            <string>fight-UI/jineng.png</string>
                        </dict>
                    </dict>
                </array>
            </dict>
            <dict>
                <key>type</key>
                <string>Sprite</string>
                <key>initProperty</key>
                <dict>
                    <key>pos_p</key>
                    <array>
                        <string>{0,6,745,65}</string>
                    </array>
                    <key>flipX</key>
                    <string>1</string>
                    <key>tag</key>
                    <string>0</string>
                    <key>imageFile</key>
                    <string>fight-UI/BLOOD-1.png</string>
                </dict>
                <key>children</key>
                <array>
                    <dict>
                        <key>type</key>
                        <string>ColorLayer</string>
                        <key>initProperty</key>
                        <dict>
                            <key>pos_p</key>
                            <array>
                                <string>{0,0,147,-12}</string>
                            </array>
                            <key>anchor</key>
                            <string>{0,0}</string>
                            <key>tag</key>
                            <string>1</string>
                            <key>z</key>
                            <string>2</string>
                            <key>var</key>
                            <string>icon_1_0</string>
                            <key>color</key>
                            <string>{255,255,255,0}</string>
                            <key>size</key>
                            <string>{50,50}</string>
                        </dict>
                    </dict>
                    <dict>
                        <key>type</key>
                        <string>LabelTTF</string>
                        <key>initProperty</key>
                        <dict>
                            <key>pos_p</key>
                            <array>
                                <string>{0,0,-34,-19}</string>
                            </array>
                            <key>anchor</key>
                            <string>{1,0.5}</string>
                            <key>tag</key>
                            <string>0</string>
                            <key>z</key>
                            <string>1</string>
                            <key>var</key>
                            <string>lab_hp1</string>
                            <key>createMethod</key>
                            <string>1</string>
                            <key>wordString</key>
                            <string>100/100</string>
                        </dict>
                    </dict>
                    <dict>
                        <key>type</key>
                        <string>Sprite</string>
                        <key>initProperty</key>
                        <dict>
                            <key>pos_p</key>
                            <array>
                                <string>{0,0,-185,-2}</string>
                            </array>
                            <key>anchor</key>
                            <string>{0,0}</string>
                            <key>flipX</key>
                            <string>1</string>
                            <key>visible</key>
                            <string>0</string>
                            <key>tag</key>
                            <string>1</string>
                            <key>var</key>
                            <string>hp_bar1</string>
                            <key>imageFile</key>
                            <string>fight-UI/BLOOD-RED.png</string>
                        </dict>
                    </dict>
                    <dict>
                        <key>type</key>
                        <string>Sprite</string>
                        <key>initProperty</key>
                        <dict>
                            <key>pos_p</key>
                            <array>
                                <string>{0,0,-114,9}</string>
                            </array>
                            <key>flipX</key>
                            <string>1</string>
                            <key>visible</key>
                            <string>0</string>
                            <key>tag</key>
                            <string>3</string>
                            <key>var</key>
                            <string>sp_bar1</string>
                            <key>imageFile</key>
                            <string>fight-UI/BLOOD-BLUE.png</string>
                        </dict>
                    </dict>
                    <dict>
                        <key>type</key>
                        <string>LabelTTF</string>
                        <key>initProperty</key>
                        <dict>
                            <key>pos_p</key>
                            <array>
                                <string>{0,0,-113,8}</string>
                            </array>
                            <key>tag</key>
                            <string>0</string>
                            <key>z</key>
                            <string>1</string>
                            <key>var</key>
                            <string>lab_sp1</string>
                            <key>createMethod</key>
                            <string>1</string>
                            <key>wordString</key>
                            <string>100/100</string>
                        </dict>
                    </dict>
                    <dict>
                        <key>type</key>
                        <string>ColorLayer</string>
                        <key>initProperty</key>
                        <dict>
                            <key>pos_p</key>
                            <array>
                                <string>{0,0,26,30}</string>
                            </array>
                            <key>anchor</key>
                            <string>{0,0}</string>
                            <key>tag</key>
                            <string>2</string>
                            <key>z</key>
                            <string>1</string>
                            <key>var</key>
                            <string>icon_1_2</string>
                            <key>color</key>
                            <string>{255,255,255,0}</string>
                            <key>size</key>
                            <string>{20,20}</string>
                        </dict>
                    </dict>
                    <dict>
                        <key>type</key>
                        <string>ColorLayer</string>
                        <key>initProperty</key>
                        <dict>
                            <key>pos_p</key>
                            <array>
                                <string>{0,0,80,30}</string>
                            </array>
                            <key>anchor</key>
                            <string>{0,0}</string>
                            <key>tag</key>
                            <string>3</string>
                            <key>z</key>
                            <string>1</string>
                            <key>var</key>
                            <string>icon_1_1</string>
                            <key>color</key>
                            <string>{255,255,255,0}</string>
                            <key>size</key>
                            <string>{20,20}</string>
                        </dict>
                    </dict>
                    <dict>
                        <key>type</key>
                        <string>LabelTTF</string>
                        <key>initProperty</key>
                        <dict>
                            <key>pos_p</key>
                            <array>
                                <string>{0,0,103,-42}</string>
                            </array>
                            <key>anchor</key>
                            <string>{1,0.5}</string>
                            <key>tag</key>
                            <string>4</string>
                            <key>var</key>
                            <string>lab_name1</string>
                            <key>createMethod</key>
                            <string>1</string>
                            <key>wordString</key>
                            <string>name</string>
                            <key>color</key>
                            <string>{0,0,0,255}</string>
                        </dict>
                    </dict>
                    <dict>
                        <key>type</key>
                        <string>LabelTTF</string>
                        <key>initProperty</key>
                        <dict>
                            <key>pos_p</key>
                            <array>
                                <string>{0,0,173,45}</string>
                            </array>
                            <key>tag</key>
                            <string>0</string>
                            <key>var</key>
                            <string>lab_level1</string>
                            <key>createMethod</key>
                            <string>1</string>
                            <key>wordString</key>
                            <string>lv:</string>
                        </dict>
                    </dict>
                    <dict>
                        <key>type</key>
                        <string>Sprite</string>
                        <key>initProperty</key>
                        <dict>
                            <key>pos_p</key>
                            <array>
                                <string>{0,0,120,78}</string>
                            </array>
                            <key>tag</key>
                            <string>0</string>
                            <key>var</key>
                            <string>icon_1_3</string>
                            <key>imageFile</key>
                            <string>fight-UI/head-di.png</string>
                        </dict>
                    </dict>
                    <dict>
                        <key>type</key>
                        <string>Sprite</string>
                        <key>initProperty</key>
                        <dict>
                            <key>pos_p</key>
                            <array>
                                <string>{0,0,-196,78}</string>
                            </array>
                            <key>tag</key>
                            <string>0</string>
                            <key>var</key>
                            <string>icon_1_9</string>
                            <key>imageFile</key>
                            <string>fight-UI/head-di.png</string>
                        </dict>
                    </dict>
                    <dict>
                        <key>type</key>
                        <string>Sprite</string>
                        <key>initProperty</key>
                        <dict>
                            <key>pos_p</key>
                            <array>
                                <string>{0,0,-144,78}</string>
                            </array>
                            <key>tag</key>
                            <string>0</string>
                            <key>var</key>
                            <string>icon_1_8</string>
                            <key>imageFile</key>
                            <string>fight-UI/head-di.png</string>
                        </dict>
                    </dict>
                    <dict>
                        <key>type</key>
                        <string>Sprite</string>
                        <key>initProperty</key>
                        <dict>
                            <key>pos_p</key>
                            <array>
                                <string>{0,0,-91,78}</string>
                            </array>
                            <key>tag</key>
                            <string>0</string>
                            <key>var</key>
                            <string>icon_1_7</string>
                            <key>imageFile</key>
                            <string>fight-UI/head-di.png</string>
                        </dict>
                    </dict>
                    <dict>
                        <key>type</key>
                        <string>Sprite</string>
                        <key>initProperty</key>
                        <dict>
                            <key>pos_p</key>
                            <array>
                                <string>{0,0,-38,78}</string>
                            </array>
                            <key>tag</key>
                            <string>0</string>
                            <key>var</key>
                            <string>icon_1_6</string>
                            <key>imageFile</key>
                            <string>fight-UI/head-di.png</string>
                        </dict>
                    </dict>
                    <dict>
                        <key>type</key>
                        <string>Sprite</string>
                        <key>initProperty</key>
                        <dict>
                            <key>pos_p</key>
                            <array>
                                <string>{0,0,15,78}</string>
                            </array>
                            <key>tag</key>
                            <string>0</string>
                            <key>var</key>
                            <string>icon_1_5</string>
                            <key>imageFile</key>
                            <string>fight-UI/head-di.png</string>
                        </dict>
                    </dict>
                    <dict>
                        <key>type</key>
                        <string>Sprite</string>
                        <key>initProperty</key>
                        <dict>
                            <key>pos_p</key>
                            <array>
                                <string>{0,0,68,78}</string>
                            </array>
                            <key>tag</key>
                            <string>0</string>
                            <key>var</key>
                            <string>icon_1_4</string>
                            <key>imageFile</key>
                            <string>fight-UI/head-di.png</string>
                        </dict>
                    </dict>
                    <dict>
                        <key>type</key>
                        <string>Sprite</string>
                        <key>initProperty</key>
                        <dict>
                            <key>pos_p</key>
                            <array>
                                <string>{0,0,146,174}</string>
                            </array>
                            <key>tag</key>
                            <string>0</string>
                            <key>var</key>
                            <string>icon_1_17</string>
                            <key>imageFile</key>
                            <string>fight-UI/head-di.png</string>
                        </dict>
                    </dict>
                    <dict>
                        <key>type</key>
                        <string>Sprite</string>
                        <key>initProperty</key>
                        <dict>
                            <key>pos_p</key>
                            <array>
                                <string>{0,0,-181,126}</string>
                            </array>
                            <key>tag</key>
                            <string>0</string>
                            <key>var</key>
                            <string>icon_1_16</string>
                            <key>imageFile</key>
                            <string>fight-UI/head-di.png</string>
                        </dict>
                    </dict>
                    <dict>
                        <key>type</key>
                        <string>Sprite</string>
                        <key>initProperty</key>
                        <dict>
                            <key>pos_p</key>
                            <array>
                                <string>{0,0,-129,126}</string>
                            </array>
                            <key>tag</key>
                            <string>0</string>
                            <key>var</key>
                            <string>icon_1_15</string>
                            <key>imageFile</key>
                            <string>fight-UI/head-di.png</string>
                        </dict>
                    </dict>
                    <dict>
                        <key>type</key>
                        <string>Sprite</string>
                        <key>initProperty</key>
                        <dict>
                            <key>pos_p</key>
                            <array>
                                <string>{0,0,-77,126}</string>
                            </array>
                            <key>tag</key>
                            <string>0</string>
                            <key>var</key>
                            <string>icon_1_14</string>
                            <key>imageFile</key>
                            <string>fight-UI/head-di.png</string>
                        </dict>
                    </dict>
                    <dict>
                        <key>type</key>
                        <string>Sprite</string>
                        <key>initProperty</key>
                        <dict>
                            <key>pos_p</key>
                            <array>
                                <string>{0,0,-24,126}</string>
                            </array>
                            <key>tag</key>
                            <string>0</string>
                            <key>var</key>
                            <string>icon_1_13</string>
                            <key>imageFile</key>
                            <string>fight-UI/head-di.png</string>
                        </dict>
                    </dict>
                    <dict>
                        <key>type</key>
                        <string>Sprite</string>
                        <key>initProperty</key>
                        <dict>
                            <key>pos_p</key>
                            <array>
                                <string>{0,0,29,126}</string>
                            </array>
                            <key>tag</key>
                            <string>0</string>
                            <key>var</key>
                            <string>icon_1_12</string>
                            <key>imageFile</key>
                            <string>fight-UI/head-di.png</string>
                        </dict>
                    </dict>
                    <dict>
                        <key>type</key>
                        <string>Sprite</string>
                        <key>initProperty</key>
                        <dict>
                            <key>pos_p</key>
                            <array>
                                <string>{0,0,81,126}</string>
                            </array>
                            <key>tag</key>
                            <string>0</string>
                            <key>var</key>
                            <string>icon_1_11</string>
                            <key>imageFile</key>
                            <string>fight-UI/head-di.png</string>
                        </dict>
                    </dict>
                    <dict>
                        <key>type</key>
                        <string>Sprite</string>
                        <key>initProperty</key>
                        <dict>
                            <key>pos_p</key>
                            <array>
                                <string>{0,0,133,126}</string>
                            </array>
                            <key>tag</key>
                            <string>0</string>
                            <key>var</key>
                            <string>icon_1_10</string>
                            <key>imageFile</key>
                            <string>fight-UI/head-di.png</string>
                        </dict>
                    </dict>
                    <dict>
                        <key>type</key>
                        <string>Sprite</string>
                        <key>initProperty</key>
                        <dict>
                            <key>pos_p</key>
                            <array>
                                <string>{0,0,-165,174}</string>
                            </array>
                            <key>tag</key>
                            <string>0</string>
                            <key>var</key>
                            <string>icon_1_23</string>
                            <key>imageFile</key>
                            <string>fight-UI/head-di.png</string>
                        </dict>
                    </dict>
                    <dict>
                        <key>type</key>
                        <string>Sprite</string>
                        <key>initProperty</key>
                        <dict>
                            <key>pos_p</key>
                            <array>
                                <string>{0,0,-114,174}</string>
                            </array>
                            <key>tag</key>
                            <string>0</string>
                            <key>var</key>
                            <string>icon_1_22</string>
                            <key>imageFile</key>
                            <string>fight-UI/head-di.png</string>
                        </dict>
                    </dict>
                    <dict>
                        <key>type</key>
                        <string>Sprite</string>
                        <key>initProperty</key>
                        <dict>
                            <key>pos_p</key>
                            <array>
                                <string>{0,0,-62,174}</string>
                            </array>
                            <key>tag</key>
                            <string>0</string>
                            <key>var</key>
                            <string>icon_1_21</string>
                            <key>imageFile</key>
                            <string>fight-UI/head-di.png</string>
                        </dict>
                    </dict>
                    <dict>
                        <key>type</key>
                        <string>Sprite</string>
                        <key>initProperty</key>
                        <dict>
                            <key>pos_p</key>
                            <array>
                                <string>{0,0,-10,174}</string>
                            </array>
                            <key>tag</key>
                            <string>0</string>
                            <key>var</key>
                            <string>icon_1_20</string>
                            <key>imageFile</key>
                            <string>fight-UI/head-di.png</string>
                        </dict>
                    </dict>
                    <dict>
                        <key>type</key>
                        <string>Sprite</string>
                        <key>initProperty</key>
                        <dict>
                            <key>pos_p</key>
                            <array>
                                <string>{0,0,42,174}</string>
                            </array>
                            <key>tag</key>
                            <string>0</string>
                            <key>var</key>
                            <string>icon_1_19</string>
                            <key>imageFile</key>
                            <string>fight-UI/head-di.png</string>
                        </dict>
                    </dict>
                    <dict>
                        <key>type</key>
                        <string>Sprite</string>
                        <key>initProperty</key>
                        <dict>
                            <key>pos_p</key>
                            <array>
                                <string>{0,0,94,174}</string>
                            </array>
                            <key>tag</key>
                            <string>0</string>
                            <key>var</key>
                            <string>icon_1_18</string>
                            <key>imageFile</key>
                            <string>fight-UI/head-di.png</string>
                        </dict>
                    </dict>
                </array>
            </dict>
            <dict>
                <key>type</key>
                <string>Layer</string>
                <key>initProperty</key>
                <dict>
                    <key>pos_p</key>
                    <array>
                        <string>{0,0,0,0}</string>
                    </array>
                    <key>tag</key>
                    <string>0</string>
                    <key>z</key>
                    <string>-1</string>
                    <key>var</key>
                    <string>frame</string>
                </dict>
                <key>children</key>
                <array>
                    <dict>
                        <key>type</key>
                        <string>ColorLayer</string>
                        <key>initProperty</key>
                        <dict>
                            <key>pos_p</key>
                            <array>
                                <string>{0,0,-88,320}</string>
                            </array>
                            <key>anchor</key>
                            <string>{1,0.5}</string>
                            <key>tag</key>
                            <string>1</string>
                            <key>color</key>
                            <string>{0,0,0,255}</string>
                            <key>size</key>
                            <string>{250,800}</string>
                        </dict>
                    </dict>
                    <dict>
                        <key>type</key>
                        <string>ColorLayer</string>
                        <key>initProperty</key>
                        <dict>
                            <key>pos_p</key>
                            <array>
                                <string>{0,0,480,-64}</string>
                            </array>
                            <key>anchor</key>
                            <string>{0.5,0}</string>
                            <key>tag</key>
                            <string>0</string>
                            <key>color</key>
                            <string>{0,0,0,255}</string>
                            <key>size</key>
                            <string>{1640,250}</string>
                        </dict>
                    </dict>
                    <dict>
                        <key>type</key>
                        <string>ColorLayer</string>
                        <key>initProperty</key>
                        <dict>
                            <key>pos_p</key>
                            <array>
                                <string>{0,0,1048,320}</string>
                            </array>
                            <key>anchor</key>
                            <string>{0,0.5}</string>
                            <key>tag</key>
                            <string>1</string>
                            <key>color</key>
                            <string>{0,0,0,255}</string>
                            <key>size</key>
                            <string>{250,800}</string>
                        </dict>
                    </dict>
                    <dict>
                        <key>type</key>
                        <string>ColorLayer</string>
                        <key>initProperty</key>
                        <dict>
                            <key>pos_p</key>
                            <array>
                                <string>{0,0,480,704}</string>
                            </array>
                            <key>anchor</key>
                            <string>{0.5,1}</string>
                            <key>tag</key>
                            <string>0</string>
                            <key>color</key>
                            <string>{0,0,0,255}</string>
                            <key>size</key>
                            <string>{1640,250}</string>
                        </dict>
                    </dict>
                </array>
            </dict>
        </array>
    </dict>
    <key>images</key>
    <string>fight-UI/BLOOD-1.png,fight-UI/BLOOD-RED.png,fight-UI/BLOOD-BLUE.png,fight-UI/head-di.png,fight-UI/vs.png,fight-UI/vs-pata.png,fight-UI/chen.png,fight-UI/redo.png,fight-UI/speed.png,fight-UI/tiaoguo.png,fight-UI/gou.png,public/share.png,fight-UI/next.png,fight-UI/jineng.png</string>
</dict>
