<?xml version="1.0" encoding="UTF-8"?>
<dict>
    <key>mapInfo</key>
    <dict>
        <key>mapName</key>
        <string>mapName</string>
        <key>mapSize</key>
        <string>{100,100}</string>
        <key>backgroundColor</key>
        <string>{128,128,128,255}</string>
        <key>gridInfo</key>
        <string>{960,640,1,1}</string>
    </dict>
    <key>nodeGraph</key>
    <dict>
        <key>type</key>
        <string>Layer</string>
        <key>initProperty</key>
        <dict>
            <key>pos_p</key>
            <array>
                <string>{0,0,0,0}</string>
            </array>
        </dict>
        <key>children</key>
        <array>
            <dict>
                <key>type</key>
                <string>Sprite</string>
                <key>initProperty</key>
                <dict>
                    <key>pos_p</key>
                    <array>
                        <string>{0,0,164,321}</string>
                    </array>
                    <key>scaleX</key>
                    <string>2</string>
                    <key>scaleY</key>
                    <string>2</string>
                    <key>scale</key>
                    <string>2</string>
                    <key>tag</key>
                    <string>1</string>
                    <key>z</key>
                    <string>-2</string>
                    <key>imageFile</key>
                    <string>16fight/16-bg.png</string>
                </dict>
                <key>children</key>
                <array>
                    <dict>
                        <key>type</key>
                        <string>Sprite</string>
                        <key>initProperty</key>
                        <dict>
                            <key>pos_p</key>
                            <array>
                                <string>{0,0,320,0}</string>
                            </array>
                            <key>flipX</key>
                            <string>1</string>
                            <key>tag</key>
                            <string>0</string>
                            <key>imageFile</key>
                            <string>16fight/16-bg.png</string>
                        </dict>
                    </dict>
                    <dict>
                        <key>type</key>
                        <string>Sprite</string>
                        <key>initProperty</key>
                        <dict>
                            <key>pos_p</key>
                            <array>
                                <string>{0,0,162,17}</string>
                            </array>
                            <key>tag</key>
                            <string>1</string>
                            <key>z</key>
                            <string>1</string>
                            <key>imageFile</key>
                            <string>16fight/16-5.png</string>
                        </dict>
                        <key>actions</key>
                        <array>
                            <string>FadeTo(3,100)</string>
                            <string>FadeTo(3,255)</string>
                            <string>Sequence(Item 0,Item 1)</string>
                            <string>RepeatForever(Item 2)</string>
                        </array>
                        <key>runAction</key>
                        <string>Item 3</string>
                    </dict>
                    <dict>
                        <key>type</key>
                        <string>Sprite</string>
                        <key>initProperty</key>
                        <dict>
                            <key>pos_p</key>
                            <array>
                                <string>{0,0,159,-5}</string>
                            </array>
                            <key>scaleX</key>
                            <string>2.2</string>
                            <key>scaleY</key>
                            <string>2.2</string>
                            <key>scale</key>
                            <string>2.2</string>
                            <key>visible</key>
                            <string>0</string>
                            <key>tag</key>
                            <string>0</string>
                            <key>imageFile</key>
                            <string>16fight/16-yan2.png</string>
                        </dict>
                    </dict>
                </array>
            </dict>
            <dict>
                <key>type</key>
                <string>Sprite</string>
                <key>initProperty</key>
                <dict>
                    <key>pos_p</key>
                    <array>
                        <string>{0,3,601,36}</string>
                    </array>
                    <key>tag</key>
                    <string>3</string>
                    <key>z</key>
                    <string>1</string>
                    <key>imageFile</key>
                    <string>16fight/16-10.png</string>
                </dict>
                <key>children</key>
                <array>
                    <dict>
                        <key>type</key>
                        <string>Sprite</string>
                        <key>initProperty</key>
                        <dict>
                            <key>pos_p</key>
                            <array>
                                <string>{0,0,-241,0}</string>
                            </array>
                            <key>flipX</key>
                            <string>1</string>
                            <key>tag</key>
                            <string>0</string>
                            <key>imageFile</key>
                            <string>16fight/16-10.png</string>
                        </dict>
                    </dict>
                    <dict>
                        <key>type</key>
                        <string>Sprite</string>
                        <key>initProperty</key>
                        <dict>
                            <key>pos_p</key>
                            <array>
                                <string>{0,0,-114,13}</string>
                            </array>
                            <key>tag</key>
                            <string>1</string>
                            <key>imageFile</key>
                            <string>16fight/16-9.png</string>
                        </dict>
                    </dict>
                    <dict>
                        <key>type</key>
                        <string>Sprite</string>
                        <key>initProperty</key>
                        <dict>
                            <key>pos_p</key>
                            <array>
                                <string>{0,0,-313,-50}</string>
                            </array>
                            <key>anchor</key>
                            <string>{0.5,1}</string>
                            <key>tag</key>
                            <string>2</string>
                            <key>imageFile</key>
                            <string>16fight/16-8.png</string>
                        </dict>
                        <key>actions</key>
                        <array>
                            <string>RotateTo(5,-5)</string>
                            <string>RotateTo(5,5)</string>
                            <string>Sequence(Item 1,Item 0)</string>
                            <string>RepeatForever(Item 2)</string>
                        </array>
                        <key>runAction</key>
                        <string>Item 3</string>
                        <key>children</key>
                        <array>
                            <dict>
                                <key>type</key>
                                <string>Sprite</string>
                                <key>initProperty</key>
                                <dict>
                                    <key>pos_p</key>
                                    <array>
                                        <string>{0,0,-9,125}</string>
                                    </array>
                                    <key>tag</key>
                                    <string>0</string>
                                    <key>imageFile</key>
                                    <string>16fight/16-13.png</string>
                                </dict>
                            </dict>
                        </array>
                    </dict>
                    <dict>
                        <key>type</key>
                        <string>Sprite</string>
                        <key>initProperty</key>
                        <dict>
                            <key>pos_p</key>
                            <array>
                                <string>{0,0,91,-50}</string>
                            </array>
                            <key>anchor</key>
                            <string>{0.5,1}</string>
                            <key>flipX</key>
                            <string>1</string>
                            <key>tag</key>
                            <string>3</string>
                            <key>imageFile</key>
                            <string>16fight/16-8.png</string>
                        </dict>
                        <key>actions</key>
                        <array>
                            <string>RotateTo(5,-5)</string>
                            <string>RotateTo(5,5)</string>
                            <string>Sequence(Item 0,Item 1)</string>
                            <string>RepeatForever(Item 2)</string>
                        </array>
                        <key>runAction</key>
                        <string>Item 3</string>
                        <key>children</key>
                        <array>
                            <dict>
                                <key>type</key>
                                <string>Sprite</string>
                                <key>initProperty</key>
                                <dict>
                                    <key>pos_p</key>
                                    <array>
                                        <string>{0,0,8,125}</string>
                                    </array>
                                    <key>tag</key>
                                    <string>1</string>
                                    <key>imageFile</key>
                                    <string>16fight/16-13.png</string>
                                </dict>
                            </dict>
                        </array>
                    </dict>
                </array>
            </dict>
            <dict>
                <key>type</key>
                <string>Layer</string>
                <key>initProperty</key>
                <dict>
                    <key>pos_p</key>
                    <array>
                        <string>{0,0,0,0}</string>
                    </array>
                    <key>tag</key>
                    <string>4</string>
                </dict>
                <key>children</key>
                <array>
                    <dict>
                        <key>type</key>
                        <string>Sprite</string>
                        <key>initProperty</key>
                        <dict>
                            <key>pos_p</key>
                            <array>
                                <string>{0,0,480,543}</string>
                            </array>
                            <key>visible</key>
                            <string>0</string>
                            <key>tag</key>
                            <string>0</string>
                            <key>imageFile</key>
                            <string>16fight/16-7.png</string>
                        </dict>
                    </dict>
                    <dict>
                        <key>type</key>
                        <string>Sprite</string>
                        <key>initProperty</key>
                        <dict>
                            <key>pos_p</key>
                            <array>
                                <string>{0,0,680,544}</string>
                            </array>
                            <key>visible</key>
                            <string>0</string>
                            <key>tag</key>
                            <string>1</string>
                            <key>imageFile</key>
                            <string>16fight/16-7.png</string>
                        </dict>
                    </dict>
                    <dict>
                        <key>type</key>
                        <string>Sprite</string>
                        <key>initProperty</key>
                        <dict>
                            <key>pos_p</key>
                            <array>
                                <string>{0,0,880,545}</string>
                            </array>
                            <key>visible</key>
                            <string>0</string>
                            <key>tag</key>
                            <string>2</string>
                            <key>imageFile</key>
                            <string>16fight/16-7.png</string>
                        </dict>
                    </dict>
                    <dict>
                        <key>type</key>
                        <string>Sprite</string>
                        <key>initProperty</key>
                        <dict>
                            <key>pos_p</key>
                            <array>
                                <string>{0,0,280,543}</string>
                            </array>
                            <key>visible</key>
                            <string>0</string>
                            <key>tag</key>
                            <string>3</string>
                            <key>imageFile</key>
                            <string>16fight/16-7.png</string>
                        </dict>
                    </dict>
                    <dict>
                        <key>type</key>
                        <string>Sprite</string>
                        <key>initProperty</key>
                        <dict>
                            <key>pos_p</key>
                            <array>
                                <string>{0,0,80,543}</string>
                            </array>
                            <key>visible</key>
                            <string>0</string>
                            <key>tag</key>
                            <string>4</string>
                            <key>var</key>
                            <string>role_bottom0</string>
                            <key>imageFile</key>
                            <string>16fight/16-7.png</string>
                        </dict>
                    </dict>
                    <dict>
                        <key>type</key>
                        <string>ColorLayer</string>
                        <key>initProperty</key>
                        <dict>
                            <key>pos_p</key>
                            <array>
                                <string>{0,0,480,359}</string>
                            </array>
                            <key>visible</key>
                            <string>0</string>
                            <key>tag</key>
                            <string>0</string>
                            <key>var</key>
                            <string>scroll_bg</string>
                            <key>color</key>
                            <string>{255,255,255,0}</string>
                            <key>size</key>
                            <string>{1136,550}</string>
                        </dict>
                    </dict>
                    <dict>
                        <key>type</key>
                        <string>Sprite</string>
                        <key>initProperty</key>
                        <dict>
                            <key>pos_p</key>
                            <array>
                                <string>{0,0,1080,545}</string>
                            </array>
                            <key>visible</key>
                            <string>0</string>
                            <key>tag</key>
                            <string>2</string>
                            <key>imageFile</key>
                            <string>16fight/16-7.png</string>
                        </dict>
                    </dict>
                    <dict>
                        <key>type</key>
                        <string>Sprite</string>
                        <key>initProperty</key>
                        <dict>
                            <key>pos_p</key>
                            <array>
                                <string>{0,0,1280,545}</string>
                            </array>
                            <key>visible</key>
                            <string>0</string>
                            <key>tag</key>
                            <string>2</string>
                            <key>imageFile</key>
                            <string>16fight/16-7.png</string>
                        </dict>
                    </dict>
                    <dict>
                        <key>type</key>
                        <string>Sprite</string>
                        <key>initProperty</key>
                        <dict>
                            <key>pos_p</key>
                            <array>
                                <string>{0,0,1480,545}</string>
                            </array>
                            <key>visible</key>
                            <string>0</string>
                            <key>tag</key>
                            <string>2</string>
                            <key>imageFile</key>
                            <string>16fight/16-7.png</string>
                        </dict>
                    </dict>
                    <dict>
                        <key>type</key>
                        <string>Sprite</string>
                        <key>initProperty</key>
                        <dict>
                            <key>pos_p</key>
                            <array>
                                <string>{0,0,1680,545}</string>
                            </array>
                            <key>visible</key>
                            <string>0</string>
                            <key>tag</key>
                            <string>2</string>
                            <key>imageFile</key>
                            <string>16fight/16-7.png</string>
                        </dict>
                    </dict>
                    <dict>
                        <key>type</key>
                        <string>Sprite</string>
                        <key>initProperty</key>
                        <dict>
                            <key>pos_p</key>
                            <array>
                                <string>{0,0,1880,545}</string>
                            </array>
                            <key>visible</key>
                            <string>0</string>
                            <key>tag</key>
                            <string>2</string>
                            <key>imageFile</key>
                            <string>16fight/16-7.png</string>
                        </dict>
                    </dict>
                    <dict>
                        <key>type</key>
                        <string>Sprite</string>
                        <key>initProperty</key>
                        <dict>
                            <key>pos_p</key>
                            <array>
                                <string>{0,0,2080,545}</string>
                            </array>
                            <key>visible</key>
                            <string>0</string>
                            <key>tag</key>
                            <string>2</string>
                            <key>imageFile</key>
                            <string>16fight/16-7.png</string>
                        </dict>
                    </dict>
                    <dict>
                        <key>type</key>
                        <string>Sprite</string>
                        <key>initProperty</key>
                        <dict>
                            <key>pos_p</key>
                            <array>
                                <string>{0,0,2280,545}</string>
                            </array>
                            <key>visible</key>
                            <string>0</string>
                            <key>tag</key>
                            <string>2</string>
                            <key>imageFile</key>
                            <string>16fight/16-7.png</string>
                        </dict>
                    </dict>
                    <dict>
                        <key>type</key>
                        <string>Sprite</string>
                        <key>initProperty</key>
                        <dict>
                            <key>pos_p</key>
                            <array>
                                <string>{0,0,2480,545}</string>
                            </array>
                            <key>visible</key>
                            <string>0</string>
                            <key>tag</key>
                            <string>2</string>
                            <key>imageFile</key>
                            <string>16fight/16-7.png</string>
                        </dict>
                    </dict>
                    <dict>
                        <key>type</key>
                        <string>Sprite</string>
                        <key>initProperty</key>
                        <dict>
                            <key>pos_p</key>
                            <array>
                                <string>{0,0,2680,545}</string>
                            </array>
                            <key>visible</key>
                            <string>0</string>
                            <key>tag</key>
                            <string>2</string>
                            <key>imageFile</key>
                            <string>16fight/16-7.png</string>
                        </dict>
                    </dict>
                    <dict>
                        <key>type</key>
                        <string>Sprite</string>
                        <key>initProperty</key>
                        <dict>
                            <key>pos_p</key>
                            <array>
                                <string>{0,0,2880,545}</string>
                            </array>
                            <key>visible</key>
                            <string>0</string>
                            <key>tag</key>
                            <string>2</string>
                            <key>imageFile</key>
                            <string>16fight/16-7.png</string>
                        </dict>
                    </dict>
                    <dict>
                        <key>type</key>
                        <string>Sprite</string>
                        <key>initProperty</key>
                        <dict>
                            <key>pos_p</key>
                            <array>
                                <string>{0,0,3080,545}</string>
                            </array>
                            <key>visible</key>
                            <string>0</string>
                            <key>tag</key>
                            <string>2</string>
                            <key>imageFile</key>
                            <string>16fight/16-7.png</string>
                        </dict>
                    </dict>
                    <dict>
                        <key>type</key>
                        <string>Sprite</string>
                        <key>initProperty</key>
                        <dict>
                            <key>pos_p</key>
                            <array>
                                <string>{0,0,3280,545}</string>
                            </array>
                            <key>visible</key>
                            <string>0</string>
                            <key>tag</key>
                            <string>2</string>
                            <key>imageFile</key>
                            <string>16fight/16-7.png</string>
                        </dict>
                    </dict>
                    <dict>
                        <key>type</key>
                        <string>ColorLayer</string>
                        <key>initProperty</key>
                        <dict>
                            <key>pos_p</key>
                            <array>
                                <string>{0,0,484,355}</string>
                            </array>
                            <key>tag</key>
                            <string>0</string>
                            <key>var</key>
                            <string>top16_bg</string>
                            <key>color</key>
                            <string>{255,255,255,0}</string>
                            <key>size</key>
                            <string>{50,50}</string>
                        </dict>
                    </dict>
                </array>
            </dict>
            <dict>
                <key>type</key>
                <string>Layer</string>
                <key>initProperty</key>
                <dict>
                    <key>pos_p</key>
                    <array>
                        <string>{0,0,0,0}</string>
                    </array>
                    <key>tag</key>
                    <string>5</string>
                    <key>z</key>
                    <string>1</string>
                </dict>
                <key>children</key>
                <array>
                    <dict>
                        <key>type</key>
                        <string>Sprite</string>
                        <key>initProperty</key>
                        <dict>
                            <key>pos_p</key>
                            <array>
                                <string>{0,0,418,233}</string>
                            </array>
                            <key>tag</key>
                            <string>0</string>
                            <key>imageFile</key>
                            <string>16fight/16-4.png</string>
                        </dict>
                        <key>children</key>
                        <array>
                            <dict>
                                <key>type</key>
                                <string>Sprite</string>
                                <key>initProperty</key>
                                <dict>
                                    <key>pos_p</key>
                                    <array>
                                        <string>{0,0,0,243}</string>
                                    </array>
                                    <key>flipY</key>
                                    <string>1</string>
                                    <key>tag</key>
                                    <string>0</string>
                                    <key>imageFile</key>
                                    <string>16fight/16-4.png</string>
                                </dict>
                            </dict>
                            <dict>
                                <key>type</key>
                                <string>Sprite</string>
                                <key>initProperty</key>
                                <dict>
                                    <key>pos_p</key>
                                    <array>
                                        <string>{0,0,136,0}</string>
                                    </array>
                                    <key>flipX</key>
                                    <string>1</string>
                                    <key>tag</key>
                                    <string>1</string>
                                    <key>imageFile</key>
                                    <string>16fight/16-4.png</string>
                                </dict>
                            </dict>
                            <dict>
                                <key>type</key>
                                <string>Sprite</string>
                                <key>initProperty</key>
                                <dict>
                                    <key>pos_p</key>
                                    <array>
                                        <string>{0,0,136,243}</string>
                                    </array>
                                    <key>flipX</key>
                                    <string>1</string>
                                    <key>flipY</key>
                                    <string>1</string>
                                    <key>tag</key>
                                    <string>2</string>
                                    <key>imageFile</key>
                                    <string>16fight/16-4.png</string>
                                </dict>
                            </dict>
                            <dict>
                                <key>type</key>
                                <string>Sprite</string>
                                <key>initProperty</key>
                                <dict>
                                    <key>pos_p</key>
                                    <array>
                                        <string>{0,0,69,295}</string>
                                    </array>
                                    <key>scaleX</key>
                                    <string>0.7</string>
                                    <key>scaleY</key>
                                    <string>0.7</string>
                                    <key>scale</key>
                                    <string>0.7</string>
                                    <key>tag</key>
                                    <string>3</string>
                                    <key>touchEnable</key>
                                    <string>1</string>
                                    <key>tapEffectType</key>
                                    <string>1</string>
                                    <key>var</key>
                                    <string>btn_fight</string>
                                    <key>imageFile</key>
                                    <string>npc-choose/big-button2.png</string>
                                </dict>
                                <key>children</key>
                                <array>
                                    <dict>
                                        <key>type</key>
                                        <string>LabelTTF</string>
                                        <key>initProperty</key>
                                        <dict>
                                            <key>pos_p</key>
                                            <array>
                                                <string>{0,0,0,0}</string>
                                            </array>
                                            <key>tag</key>
                                            <string>0</string>
                                            <key>fontSize</key>
                                            <string>30</string>
                                            <key>wordFile</key>
                                            <string>btnWord.plist</string>
                                            <key>wordKey</key>
                                            <string>btn_chal</string>
                                            <key>color</key>
                                            <string>{0,0,0,255}</string>
                                        </dict>
                                    </dict>
                                </array>
                            </dict>
                            <dict>
                                <key>type</key>
                                <string>Sprite</string>
                                <key>initProperty</key>
                                <dict>
                                    <key>pos_p</key>
                                    <array>
                                        <string>{0,0,17,213}</string>
                                    </array>
                                    <key>tag</key>
                                    <string>4</string>
                                    <key>imageFile</key>
                                    <string>16fight/16-6.png</string>
                                </dict>
                                <key>children</key>
                                <array>
                                    <dict>
                                        <key>type</key>
                                        <string>Sprite</string>
                                        <key>initProperty</key>
                                        <dict>
                                            <key>pos_p</key>
                                            <array>
                                                <string>{0,0,103,0}</string>
                                            </array>
                                            <key>flipX</key>
                                            <string>1</string>
                                            <key>tag</key>
                                            <string>0</string>
                                            <key>imageFile</key>
                                            <string>16fight/16-6.png</string>
                                        </dict>
                                    </dict>
                                    <dict>
                                        <key>type</key>
                                        <string>ColorLayer</string>
                                        <key>initProperty</key>
                                        <dict>
                                            <key>pos_p</key>
                                            <array>
                                                <string>{0,0,50,-1}</string>
                                            </array>
                                            <key>tag</key>
                                            <string>0</string>
                                            <key>var</key>
                                            <string>layer_winrate</string>
                                            <key>color</key>
                                            <string>{255,255,255,0}</string>
                                            <key>size</key>
                                            <string>{200,80}</string>
                                        </dict>
                                    </dict>
                                </array>
                            </dict>
                            <dict>
                                <key>type</key>
                                <string>Sprite</string>
                                <key>initProperty</key>
                                <dict>
                                    <key>pos_p</key>
                                    <array>
                                        <string>{0,0,69,363}</string>
                                    </array>
                                    <key>scaleX</key>
                                    <string>0.7</string>
                                    <key>scaleY</key>
                                    <string>0.7</string>
                                    <key>scale</key>
                                    <string>0.7</string>
                                    <key>tag</key>
                                    <string>0</string>
                                    <key>touchEnable</key>
                                    <string>1</string>
                                    <key>touchTag</key>
                                    <string>-1</string>
                                    <key>tapEffectType</key>
                                    <string>1</string>
                                    <key>var</key>
                                    <string>btn_next</string>
                                    <key>imageFile</key>
                                    <string>npc-choose/big-button2.png</string>
                                </dict>
                                <key>children</key>
                                <array>
                                    <dict>
                                        <key>type</key>
                                        <string>LabelTTF</string>
                                        <key>initProperty</key>
                                        <dict>
                                            <key>pos_p</key>
                                            <array>
                                                <string>{0,0,0,0}</string>
                                            </array>
                                            <key>tag</key>
                                            <string>0</string>
                                            <key>fontSize</key>
                                            <string>30</string>
                                            <key>wordFile</key>
                                            <string>btnWord.plist</string>
                                            <key>wordKey</key>
                                            <string>btn_skip2</string>
                                            <key>color</key>
                                            <string>{0,0,0,255}</string>
                                        </dict>
                                    </dict>
                                </array>
                            </dict>
                        </array>
                    </dict>
                    <dict>
                        <key>type</key>
                        <string>Sprite</string>
                        <key>initProperty</key>
                        <dict>
                            <key>pos_p</key>
                            <array>
                                <string>{0,0,466,504}</string>
                            </array>
                            <key>scaleX</key>
                            <string>3.3</string>
                            <key>scaleY</key>
                            <string>3.3</string>
                            <key>scale</key>
                            <string>3.3</string>
                            <key>visible</key>
                            <string>0</string>
                            <key>tag</key>
                            <string>0</string>
                            <key>z</key>
                            <string>-1</string>
                            <key>imageFile</key>
                            <string>16fight/16-yan.png</string>
                        </dict>
                    </dict>
                </array>
            </dict>
            <dict>
                <key>type</key>
                <string>Layer</string>
                <key>initProperty</key>
                <dict>
                    <key>pos_p</key>
                    <array>
                        <string>{0,0,0,0}</string>
                    </array>
                    <key>tag</key>
                    <string>6</string>
                    <key>z</key>
                    <string>1</string>
                </dict>
                <key>children</key>
                <array>
                    <dict>
                        <key>type</key>
                        <string>Sprite</string>
                        <key>initProperty</key>
                        <dict>
                            <key>pos_p</key>
                            <array>
                                <string>{0,7,69,610}</string>
                            </array>
                            <key>tag</key>
                            <string>0</string>
                            <key>touchEnable</key>
                            <string>1</string>
                            <key>tapEffectType</key>
                            <string>2</string>
                            <key>var</key>
                            <string>btn_buff</string>
                            <key>imageFile</key>
                            <string>public/pop_button2.png</string>
                        </dict>
                        <key>children</key>
                        <array>
                            <dict>
                                <key>type</key>
                                <string>LabelTTF</string>
                                <key>initProperty</key>
                                <dict>
                                    <key>pos_p</key>
                                    <array>
                                        <string>{0,0,0,-2}</string>
                                    </array>
                                    <key>tag</key>
                                    <string>0</string>
                                    <key>wordFile</key>
                                    <string>btnWord.plist</string>
                                    <key>wordKey</key>
                                    <string>btn_add_buff</string>
                                    <key>color</key>
                                    <string>{0,0,0,255}</string>
                                </dict>
                            </dict>
                        </array>
                    </dict>
                    <dict>
                        <key>type</key>
                        <string>Sprite</string>
                        <key>initProperty</key>
                        <dict>
                            <key>pos_p</key>
                            <array>
                                <string>{0,7,199,610}</string>
                            </array>
                            <key>tag</key>
                            <string>1</string>
                            <key>touchEnable</key>
                            <string>1</string>
                            <key>tapEffectType</key>
                            <string>2</string>
                            <key>var</key>
                            <string>btn_rank</string>
                            <key>imageFile</key>
                            <string>public/pop_button2.png</string>
                        </dict>
                        <key>children</key>
                        <array>
                            <dict>
                                <key>type</key>
                                <string>LabelTTF</string>
                                <key>initProperty</key>
                                <dict>
                                    <key>pos_p</key>
                                    <array>
                                        <string>{0,0,0,-2}</string>
                                    </array>
                                    <key>tag</key>
                                    <string>0</string>
                                    <key>wordFile</key>
                                    <string>btnWord.plist</string>
                                    <key>wordKey</key>
                                    <string>btn_chal_rank</string>
                                    <key>color</key>
                                    <string>{0,0,0,255}</string>
                                </dict>
                            </dict>
                        </array>
                    </dict>
                    <dict>
                        <key>type</key>
                        <string>Sprite</string>
                        <key>initProperty</key>
                        <dict>
                            <key>pos_p</key>
                            <array>
                                <string>{0,7,34,540}</string>
                            </array>
                            <key>tag</key>
                            <string>2</string>
                            <key>imageFile</key>
                            <string>16fight/baodi-1.png</string>
                        </dict>
                        <key>children</key>
                        <array>
                            <dict>
                                <key>type</key>
                                <string>Sprite</string>
                                <key>initProperty</key>
                                <dict>
                                    <key>pos_p</key>
                                    <array>
                                        <string>{0,0,96,0}</string>
                                    </array>
                                    <key>flipX</key>
                                    <string>1</string>
                                    <key>tag</key>
                                    <string>0</string>
                                    <key>imageFile</key>
                                    <string>16fight/baodi-1.png</string>
                                </dict>
                                <key>children</key>
                                <array>
                                    <dict>
                                        <key>type</key>
                                        <string>Sprite</string>
                                        <key>initProperty</key>
                                        <dict>
                                            <key>pos_p</key>
                                            <array>
                                                <string>{0,0,-48,0}</string>
                                            </array>
                                            <key>tag</key>
                                            <string>0</string>
                                            <key>imageFile</key>
                                            <string>16fight/baodi-2.png</string>
                                        </dict>
                                    </dict>
                                </array>
                            </dict>
                            <dict>
                                <key>type</key>
                                <string>Sprite</string>
                                <key>initProperty</key>
                                <dict>
                                    <key>pos_p</key>
                                    <array>
                                        <string>{0,0,47,-44}</string>
                                    </array>
                                    <key>tag</key>
                                    <string>1</string>
                                    <key>touchEnable</key>
                                    <string>1</string>
                                    <key>tapEffectType</key>
                                    <string>1</string>
                                    <key>var</key>
                                    <string>btn_get_box</string>
                                    <key>imageFile</key>
                                    <string>16fight/bao-1.png</string>
                                </dict>
                            </dict>
                            <dict>
                                <key>type</key>
                                <string>LabelTTF</string>
                                <key>initProperty</key>
                                <dict>
                                    <key>pos_p</key>
                                    <array>
                                        <string>{0,0,45,13}</string>
                                    </array>
                                    <key>tag</key>
                                    <string>0</string>
                                    <key>var</key>
                                    <string>lab_box_word</string>
                                    <key>createMethod</key>
                                    <string>1</string>
                                    <key>fontSize</key>
                                    <string>16</string>
                                    <key>wordString</key>
                                    <string></string>
                                    <key>color</key>
                                    <string>{254,211,120,255}</string>
                                </dict>
                            </dict>
                        </array>
                    </dict>
                    <dict>
                        <key>type</key>
                        <string>Sprite</string>
                        <key>initProperty</key>
                        <dict>
                            <key>pos_p</key>
                            <array>
                                <string>{0,8,839,507}</string>
                            </array>
                            <key>tag</key>
                            <string>3</string>
                            <key>imageFile</key>
                            <string>shop/paper1.png</string>
                        </dict>
                        <key>children</key>
                        <array>
                            <dict>
                                <key>type</key>
                                <string>Sprite</string>
                                <key>initProperty</key>
                                <dict>
                                    <key>pos_p</key>
                                    <array>
                                        <string>{0,0,0,76}</string>
                                    </array>
                                    <key>flipY</key>
                                    <string>1</string>
                                    <key>tag</key>
                                    <string>0</string>
                                    <key>imageFile</key>
                                    <string>shop/paper1.png</string>
                                </dict>
                            </dict>
                            <dict>
                                <key>type</key>
                                <string>Sprite</string>
                                <key>initProperty</key>
                                <dict>
                                    <key>pos_p</key>
                                    <array>
                                        <string>{0,0,63,0}</string>
                                    </array>
                                    <key>flipX</key>
                                    <string>1</string>
                                    <key>tag</key>
                                    <string>1</string>
                                    <key>imageFile</key>
                                    <string>shop/paper1.png</string>
                                </dict>
                            </dict>
                            <dict>
                                <key>type</key>
                                <string>Sprite</string>
                                <key>initProperty</key>
                                <dict>
                                    <key>pos_p</key>
                                    <array>
                                        <string>{0,0,63,77}</string>
                                    </array>
                                    <key>flipX</key>
                                    <string>1</string>
                                    <key>flipY</key>
                                    <string>1</string>
                                    <key>tag</key>
                                    <string>2</string>
                                    <key>imageFile</key>
                                    <string>shop/paper1.png</string>
                                </dict>
                                <key>children</key>
                                <array>
                                    <dict>
                                        <key>type</key>
                                        <string>ColorLayer</string>
                                        <key>initProperty</key>
                                        <dict>
                                            <key>pos_p</key>
                                            <array>
                                                <string>{0,0,-21,-45}</string>
                                            </array>
                                            <key>tag</key>
                                            <string>0</string>
                                            <key>var</key>
                                            <string>layer_gold</string>
                                            <key>color</key>
                                            <string>{190,148,89,255}</string>
                                            <key>size</key>
                                            <string>{88,22}</string>
                                        </dict>
                                        <key>children</key>
                                        <array>
                                            <dict>
                                                <key>type</key>
                                                <string>LabelTTF</string>
                                                <key>initProperty</key>
                                                <dict>
                                                    <key>pos_p</key>
                                                    <array>
                                                        <string>{0,0,40,11}</string>
                                                    </array>
                                                    <key>tag</key>
                                                    <string>0</string>
                                                    <key>var</key>
                                                    <string>lab_reward_gold</string>
                                                    <key>createMethod</key>
                                                    <string>1</string>
                                                    <key>wordString</key>
                                                    <string>0</string>
                                                    <key>color</key>
                                                    <string>{42,15,4,255}</string>
                                                </dict>
                                            </dict>
                                        </array>
                                    </dict>
                                    <dict>
                                        <key>type</key>
                                        <string>ColorLayer</string>
                                        <key>initProperty</key>
                                        <dict>
                                            <key>pos_p</key>
                                            <array>
                                                <string>{0,0,-21,-14}</string>
                                            </array>
                                            <key>tag</key>
                                            <string>0</string>
                                            <key>var</key>
                                            <string>layer_diamond</string>
                                            <key>color</key>
                                            <string>{190,148,89,255}</string>
                                            <key>size</key>
                                            <string>{88,22}</string>
                                        </dict>
                                        <key>children</key>
                                        <array>
                                            <dict>
                                                <key>type</key>
                                                <string>LabelTTF</string>
                                                <key>initProperty</key>
                                                <dict>
                                                    <key>pos_p</key>
                                                    <array>
                                                        <string>{0,0,40,11}</string>
                                                    </array>
                                                    <key>tag</key>
                                                    <string>0</string>
                                                    <key>var</key>
                                                    <string>lab_reward_repu</string>
                                                    <key>createMethod</key>
                                                    <string>1</string>
                                                    <key>wordString</key>
                                                    <string>0</string>
                                                    <key>color</key>
                                                    <string>{42,15,4,255}</string>
                                                </dict>
                                            </dict>
                                        </array>
                                    </dict>
                                </array>
                            </dict>
                            <dict>
                                <key>type</key>
                                <string>Sprite</string>
                                <key>initProperty</key>
                                <dict>
                                    <key>pos_p</key>
                                    <array>
                                        <string>{0,0,34,106}</string>
                                    </array>
                                    <key>tag</key>
                                    <string>3</string>
                                    <key>touchEnable</key>
                                    <string>1</string>
                                    <key>tapEffectType</key>
                                    <string>2</string>
                                    <key>var</key>
                                    <string>btn_get_reward</string>
                                    <key>imageFile</key>
                                    <string>public/pop_button0.png</string>
                                </dict>
                                <key>children</key>
                                <array>
                                    <dict>
                                        <key>type</key>
                                        <string>LabelTTF</string>
                                        <key>initProperty</key>
                                        <dict>
                                            <key>pos_p</key>
                                            <array>
                                                <string>{0,0,0,-2}</string>
                                            </array>
                                            <key>tag</key>
                                            <string>0</string>
                                            <key>wordFile</key>
                                            <string>btnWord.plist</string>
                                            <key>wordKey</key>
                                            <string>btn_get</string>
                                            <key>color</key>
                                            <string>{0,0,0,255}</string>
                                        </dict>
                                    </dict>
                                </array>
                            </dict>
                            <dict>
                                <key>type</key>
                                <string>Sprite</string>
                                <key>initProperty</key>
                                <dict>
                                    <key>pos_p</key>
                                    <array>
                                        <string>{0,0,33,-9}</string>
                                    </array>
                                    <key>tag</key>
                                    <string>0</string>
                                    <key>imageFile</key>
                                    <string>16fight/leiji.png</string>
                                </dict>
                            </dict>
                            <dict>
                                <key>type</key>
                                <string>Sprite</string>
                                <key>initProperty</key>
                                <dict>
                                    <key>pos_p</key>
                                    <array>
                                        <string>{0,0,-7,33}</string>
                                    </array>
                                    <key>scaleX</key>
                                    <string>0.7</string>
                                    <key>scaleY</key>
                                    <string>0.7</string>
                                    <key>scale</key>
                                    <string>0.7</string>
                                    <key>tag</key>
                                    <string>0</string>
                                    <key>imageFile</key>
                                    <string>public/icon_gold.png</string>
                                </dict>
                            </dict>
                            <dict>
                                <key>type</key>
                                <string>Sprite</string>
                                <key>initProperty</key>
                                <dict>
                                    <key>pos_p</key>
                                    <array>
                                        <string>{0,0,-7,64}</string>
                                    </array>
                                    <key>scaleX</key>
                                    <string>0.7</string>
                                    <key>scaleY</key>
                                    <string>0.7</string>
                                    <key>scale</key>
                                    <string>0.7</string>
                                    <key>tag</key>
                                    <string>1</string>
                                    <key>imageFile</key>
                                    <string>public/icon_reward.png</string>
                                </dict>
                            </dict>
                            <dict>
                                <key>type</key>
                                <string>LabelTTF</string>
                                <key>initProperty</key>
                                <dict>
                                    <key>pos_p</key>
                                    <array>
                                        <string>{0,0,34,5}</string>
                                    </array>
                                    <key>tag</key>
                                    <string>0</string>
                                    <key>fontSize</key>
                                    <string>16</string>
                                    <key>wordFile</key>
                                    <string>fight16Word.plist</string>
                                    <key>wordKey</key>
                                    <string>reward_subtitle</string>
                                    <key>color</key>
                                    <string>{153,0,0,255}</string>
                                </dict>
                            </dict>
                        </array>
                    </dict>
                    <dict>
                        <key>type</key>
                        <string>Sprite</string>
                        <key>initProperty</key>
                        <dict>
                            <key>pos_p</key>
                            <array>
                                <string>{0,6,971,37}</string>
                            </array>
                            <key>tag</key>
                            <string>0</string>
                            <key>imageFile</key>
                            <string>skill/ji-10.png</string>
                        </dict>
                        <key>children</key>
                        <array>
                            <dict>
                                <key>type</key>
                                <string>Sprite</string>
                                <key>initProperty</key>
                                <dict>
                                    <key>pos_p</key>
                                    <array>
                                        <string>{0,0,-41,0}</string>
                                    </array>
                                    <key>tag</key>
                                    <string>1</string>
                                    <key>touchEnable</key>
                                    <string>1</string>
                                    <key>touchTag</key>
                                    <string>-1</string>
                                    <key>tapEffectType</key>
                                    <string>2</string>
                                    <key>var</key>
                                    <string>btn_close</string>
                                    <key>imageFile</key>
                                    <string>public/icon_close.png</string>
                                </dict>
                            </dict>
                        </array>
                    </dict>
                    <dict>
                        <key>type</key>
                        <string>Sprite</string>
                        <key>initProperty</key>
                        <dict>
                            <key>pos_p</key>
                            <array>
                                <string>{0,5,70,60}</string>
                            </array>
                            <key>tag</key>
                            <string>4</string>
                            <key>imageFile</key>
                            <string>jingjichang/head-di2.png</string>
                        </dict>
                        <key>children</key>
                        <array>
                            <dict>
                                <key>type</key>
                                <string>Sprite</string>
                                <key>initProperty</key>
                                <dict>
                                    <key>pos_p</key>
                                    <array>
                                        <string>{0,0,-31,76}</string>
                                    </array>
                                    <key>tag</key>
                                    <string>5</string>
                                    <key>imageFile</key>
                                    <string>jingjichang/jinneng-1.png</string>
                                </dict>
                                <key>children</key>
                                <array>
                                    <dict>
                                        <key>type</key>
                                        <string>ColorLayer</string>
                                        <key>initProperty</key>
                                        <dict>
                                            <key>pos_p</key>
                                            <array>
                                                <string>{0,0,-25,22}</string>
                                            </array>
                                            <key>anchor</key>
                                            <string>{0,0}</string>
                                            <key>tag</key>
                                            <string>5</string>
                                            <key>touchEnable</key>
                                            <string>1</string>
                                            <key>touchTag</key>
                                            <string>-1</string>
                                            <key>tapEffectType</key>
                                            <string>3</string>
                                            <key>selectedImage</key>
                                            <string>home_ui/SKILL-2.png</string>
                                            <key>var</key>
                                            <string>btn_skill</string>
                                            <key>color</key>
                                            <string>{255,255,255,0}</string>
                                            <key>size</key>
                                            <string>{50,50}</string>
                                        </dict>
                                    </dict>
                                </array>
                            </dict>
                            <dict>
                                <key>type</key>
                                <string>ColorLayer</string>
                                <key>initProperty</key>
                                <dict>
                                    <key>pos_p</key>
                                    <array>
                                        <string>{0,0,4,-3}</string>
                                    </array>
                                    <key>tag</key>
                                    <string>4</string>
                                    <key>touchEnable</key>
                                    <string>1</string>
                                    <key>touchTag</key>
                                    <string>-1</string>
                                    <key>tapEffectType</key>
                                    <string>1</string>
                                    <key>var</key>
                                    <string>btn_head</string>
                                    <key>color</key>
                                    <string>{255,255,255,0}</string>
                                    <key>size</key>
                                    <string>{80,80}</string>
                                </dict>
                            </dict>
                            <dict>
                                <key>type</key>
                                <string>Sprite</string>
                                <key>initProperty</key>
                                <dict>
                                    <key>pos_p</key>
                                    <array>
                                        <string>{0,0,-29,-43}</string>
                                    </array>
                                    <key>tag</key>
                                    <string>8</string>
                                    <key>var</key>
                                    <string>flag_vip</string>
                                    <key>imageFile</key>
                                    <string>home_ui/vip.png</string>
                                </dict>
                                <key>children</key>
                                <array>
                                    <dict>
                                        <key>type</key>
                                        <string>LabelTTF</string>
                                        <key>initProperty</key>
                                        <dict>
                                            <key>pos_p</key>
                                            <array>
                                                <string>{0,0,7,-2}</string>
                                            </array>
                                            <key>anchor</key>
                                            <string>{0,0.5}</string>
                                            <key>tag</key>
                                            <string>0</string>
                                            <key>var</key>
                                            <string>lab_vip</string>
                                            <key>createMethod</key>
                                            <string>1</string>
                                            <key>wordString</key>
                                            <string>0</string>
                                        </dict>
                                    </dict>
                                </array>
                            </dict>
                        </array>
                    </dict>
                    <dict>
                        <key>type</key>
                        <string>Sprite</string>
                        <key>initProperty</key>
                        <dict>
                            <key>pos_p</key>
                            <array>
                                <string>{0,5,141,23}</string>
                            </array>
                            <key>tag</key>
                            <string>2</string>
                            <key>imageFile</key>
                            <string>xiulian/x-1.png</string>
                        </dict>
                        <key>children</key>
                        <array>
                            <dict>
                                <key>type</key>
                                <string>Sprite</string>
                                <key>initProperty</key>
                                <dict>
                                    <key>pos_p</key>
                                    <array>
                                        <string>{0,0,161,0}</string>
                                    </array>
                                    <key>flipX</key>
                                    <string>1</string>
                                    <key>tag</key>
                                    <string>0</string>
                                    <key>imageFile</key>
                                    <string>xiulian/x-1.png</string>
                                </dict>
                            </dict>
                            <dict>
                                <key>type</key>
                                <string>Sprite</string>
                                <key>initProperty</key>
                                <dict>
                                    <key>pos_p</key>
                                    <array>
                                        <string>{0,0,38,0}</string>
                                    </array>
                                    <key>tag</key>
                                    <string>1</string>
                                    <key>imageFile</key>
                                    <string>xiulian/x-2.png</string>
                                </dict>
                                <key>children</key>
                                <array>
                                    <dict>
                                        <key>type</key>
                                        <string>Sprite</string>
                                        <key>initProperty</key>
                                        <dict>
                                            <key>pos_p</key>
                                            <array>
                                                <string>{0,0,42,0}</string>
                                            </array>
                                            <key>tag</key>
                                            <string>0</string>
                                            <key>imageFile</key>
                                            <string>xiulian/x-2.png</string>
                                        </dict>
                                    </dict>
                                    <dict>
                                        <key>type</key>
                                        <string>Sprite</string>
                                        <key>initProperty</key>
                                        <dict>
                                            <key>pos_p</key>
                                            <array>
                                                <string>{0,0,84,0}</string>
                                            </array>
                                            <key>tag</key>
                                            <string>1</string>
                                            <key>imageFile</key>
                                            <string>xiulian/x-2.png</string>
                                        </dict>
                                    </dict>
                                </array>
                            </dict>
                            <dict>
                                <key>type</key>
                                <string>LabelTTF</string>
                                <key>initProperty</key>
                                <dict>
                                    <key>pos_p</key>
                                    <array>
                                        <string>{0,0,68,-2}</string>
                                    </array>
                                    <key>tag</key>
                                    <string>0</string>
                                    <key>var</key>
                                    <string>lab_battle_times</string>
                                    <key>wordFile</key>
                                    <string>fight16Word.plist</string>
                                    <key>wordKey</key>
                                    <string>battle_times</string>
                                    <key>color</key>
                                    <string>{252,233,187,255}</string>
                                </dict>
                            </dict>
                        </array>
                    </dict>
                    <dict>
                        <key>type</key>
                        <string>Sprite</string>
                        <key>initProperty</key>
                        <dict>
                            <key>pos_p</key>
                            <array>
                                <string>{0,8,741,614}</string>
                            </array>
                            <key>tag</key>
                            <string>0</string>
                            <key>touchEnable</key>
                            <string>1</string>
                            <key>tapEffectType</key>
                            <string>2</string>
                            <key>var</key>
                            <string>btn_rule</string>
                            <key>imageFile</key>
                            <string>public/pop_button1.png</string>
                        </dict>
                        <key>children</key>
                        <array>
                            <dict>
                                <key>type</key>
                                <string>LabelTTF</string>
                                <key>initProperty</key>
                                <dict>
                                    <key>pos_p</key>
                                    <array>
                                        <string>{0,0,0,-2}</string>
                                    </array>
                                    <key>tag</key>
                                    <string>0</string>
                                    <key>wordFile</key>
                                    <string>btnWord.plist</string>
                                    <key>wordKey</key>
                                    <string>btn_rule</string>
                                    <key>color</key>
                                    <string>{0,0,0,255}</string>
                                </dict>
                            </dict>
                        </array>
                    </dict>
                </array>
            </dict>
            <dict>
                <key>type</key>
                <string>Layer</string>
                <key>initProperty</key>
                <dict>
                    <key>pos_p</key>
                    <array>
                        <string>{0,0,0,0}</string>
                    </array>
                    <key>tag</key>
                    <string>0</string>
                </dict>
                <key>children</key>
                <array>
                    <dict>
                        <key>type</key>
                        <string>Sprite</string>
                        <key>initProperty</key>
                        <dict>
                            <key>pos_p</key>
                            <array>
                                <string>{0,0,480,637}</string>
                            </array>
                            <key>scale</key>
                            <string>1.2</string>
                            <key>isScaleX</key>
                            <string>1</string>
                            <key>scaleOffset</key>
                            <string>0</string>
                            <key>tag</key>
                            <string>0</string>
                            <key>imageFile</key>
                            <string>16fight/16-black.png</string>
                        </dict>
                    </dict>
                    <dict>
                        <key>type</key>
                        <string>Sprite</string>
                        <key>initProperty</key>
                        <dict>
                            <key>pos_p</key>
                            <array>
                                <string>{0,0,480,6}</string>
                            </array>
                            <key>scale</key>
                            <string>1.2</string>
                            <key>isScaleX</key>
                            <string>1</string>
                            <key>scaleOffset</key>
                            <string>0</string>
                            <key>flipY</key>
                            <string>1</string>
                            <key>tag</key>
                            <string>0</string>
                            <key>imageFile</key>
                            <string>16fight/16-black.png</string>
                        </dict>
                    </dict>
                </array>
            </dict>
        </array>
    </dict>
    <key>images</key>
    <string>16fight/16-bg.png,16fight/16-5.png,16fight/16-yan2.png,16fight/16-10.png,16fight/16-9.png,16fight/16-8.png,16fight/16-13.png,16fight/16-7.png,16fight/16-4.png,npc-choose/big-button2.png,16fight/16-6.png,16fight/16-yan.png,public/pop_button2.png,16fight/baodi-1.png,16fight/baodi-2.png,16fight/bao-1.png,shop/paper1.png,public/pop_button0.png,16fight/leiji.png,public/icon_gold.png,public/icon_reward.png,skill/ji-10.png,public/icon_close.png,jingjichang/head-di2.png,jingjichang/jinneng-1.png,home_ui/SKILL-2.png,home_ui/vip.png,xiulian/x-1.png,xiulian/x-2.png,public/pop_button1.png,16fight/16-black.png</string>
</dict>
