<?xml version="1.0" encoding="UTF-8"?>
<dict>
    <key>mapInfo</key>
    <dict>
        <key>mapName</key>
        <string>mapName</string>
        <key>mapSize</key>
        <string>{100,100}</string>
        <key>backgroundColor</key>
        <string>{128,128,128,255}</string>
        <key>gridInfo</key>
        <string>{960,640,1,1}</string>
    </dict>
    <key>nodeGraph</key>
    <dict>
        <key>type</key>
        <string>Layer</string>
        <key>initProperty</key>
        <dict>
            <key>pos_p</key>
            <array>
                <string>{0,0,0,0}</string>
            </array>
        </dict>
        <key>children</key>
        <array>
            <dict>
                <key>type</key>
                <string>Layer</string>
                <key>initProperty</key>
                <dict>
                    <key>pos_p</key>
                    <array>
                        <string>{0,0,0,0}</string>
                    </array>
                    <key>tag</key>
                    <string>0</string>
                </dict>
                <key>children</key>
                <array>
                    <dict>
                        <key>type</key>
                        <string>Sprite</string>
                        <key>initProperty</key>
                        <dict>
                            <key>pos_p</key>
                            <array>
                                <string>{0,0,425,152}</string>
                            </array>
                            <key>tag</key>
                            <string>0</string>
                            <key>imageFile</key>
                            <string>teach/jiao-2.png</string>
                        </dict>
                        <key>children</key>
                        <array>
                            <dict>
                                <key>type</key>
                                <string>Sprite</string>
                                <key>initProperty</key>
                                <dict>
                                    <key>pos_p</key>
                                    <array>
                                        <string>{0,0,191,0}</string>
                                    </array>
                                    <key>flipX</key>
                                    <string>1</string>
                                    <key>tag</key>
                                    <string>0</string>
                                    <key>imageFile</key>
                                    <string>teach/jiao-2.png</string>
                                </dict>
                            </dict>
                            <dict>
                                <key>type</key>
                                <string>Sprite</string>
                                <key>initProperty</key>
                                <dict>
                                    <key>pos_p</key>
                                    <array>
                                        <string>{0,0,64,0}</string>
                                    </array>
                                    <key>tag</key>
                                    <string>1</string>
                                    <key>imageFile</key>
                                    <string>teach/jiao-3.png</string>
                                </dict>
                                <key>children</key>
                                <array>
                                    <dict>
                                        <key>type</key>
                                        <string>Sprite</string>
                                        <key>initProperty</key>
                                        <dict>
                                            <key>pos_p</key>
                                            <array>
                                                <string>{0,0,64,0}</string>
                                            </array>
                                            <key>tag</key>
                                            <string>0</string>
                                            <key>imageFile</key>
                                            <string>teach/jiao-3.png</string>
                                        </dict>
                                    </dict>
                                </array>
                            </dict>
                            <dict>
                                <key>type</key>
                                <string>Sprite</string>
                                <key>initProperty</key>
                                <dict>
                                    <key>pos_p</key>
                                    <array>
                                        <string>{0,0,0,117}</string>
                                    </array>
                                    <key>flipY</key>
                                    <string>1</string>
                                    <key>tag</key>
                                    <string>0</string>
                                    <key>z</key>
                                    <string>2</string>
                                    <key>imageFile</key>
                                    <string>teach/jiao-2.png</string>
                                </dict>
                                <key>children</key>
                                <array>
                                    <dict>
                                        <key>type</key>
                                        <string>Sprite</string>
                                        <key>initProperty</key>
                                        <dict>
                                            <key>pos_p</key>
                                            <array>
                                                <string>{0,0,191,0}</string>
                                            </array>
                                            <key>flipX</key>
                                            <string>1</string>
                                            <key>flipY</key>
                                            <string>1</string>
                                            <key>tag</key>
                                            <string>0</string>
                                            <key>imageFile</key>
                                            <string>teach/jiao-2.png</string>
                                        </dict>
                                    </dict>
                                    <dict>
                                        <key>type</key>
                                        <string>Sprite</string>
                                        <key>initProperty</key>
                                        <dict>
                                            <key>pos_p</key>
                                            <array>
                                                <string>{0,0,64,0}</string>
                                            </array>
                                            <key>flipY</key>
                                            <string>1</string>
                                            <key>tag</key>
                                            <string>1</string>
                                            <key>imageFile</key>
                                            <string>teach/jiao-3.png</string>
                                        </dict>
                                        <key>children</key>
                                        <array>
                                            <dict>
                                                <key>type</key>
                                                <string>Sprite</string>
                                                <key>initProperty</key>
                                                <dict>
                                                    <key>pos_p</key>
                                                    <array>
                                                        <string>{0,0,64,0}</string>
                                                    </array>
                                                    <key>flipY</key>
                                                    <string>1</string>
                                                    <key>tag</key>
                                                    <string>0</string>
                                                    <key>imageFile</key>
                                                    <string>teach/jiao-3.png</string>
                                                </dict>
                                            </dict>
                                        </array>
                                    </dict>
                                </array>
                            </dict>
                            <dict>
                                <key>type</key>
                                <string>Sprite</string>
                                <key>initProperty</key>
                                <dict>
                                    <key>pos_p</key>
                                    <array>
                                        <string>{0,0,234,39}</string>
                                    </array>
                                    <key>rotation</key>
                                    <string>90</string>
                                    <key>tag</key>
                                    <string>4</string>
                                    <key>z</key>
                                    <string>2</string>
                                    <key>imageFile</key>
                                    <string>teach/jiao-5.png</string>
                                </dict>
                            </dict>
                            <dict>
                                <key>type</key>
                                <string>Sprite</string>
                                <key>initProperty</key>
                                <dict>
                                    <key>pos_p</key>
                                    <array>
                                        <string>{0,0,286,32}</string>
                                    </array>
                                    <key>scaleX</key>
                                    <string>0.8</string>
                                    <key>scaleY</key>
                                    <string>0.8</string>
                                    <key>scale</key>
                                    <string>0.8</string>
                                    <key>tag</key>
                                    <string>4</string>
                                    <key>z</key>
                                    <string>-1</string>
                                    <key>imageFile</key>
                                    <string>teach/quan.png</string>
                                </dict>
                            </dict>
                            <dict>
                                <key>type</key>
                                <string>Sprite</string>
                                <key>initProperty</key>
                                <dict>
                                    <key>pos_p</key>
                                    <array>
                                        <string>{0,0,0,54}</string>
                                    </array>
                                    <key>tag</key>
                                    <string>2</string>
                                    <key>imageFile</key>
                                    <string>teach/jiao-4.png</string>
                                </dict>
                                <key>children</key>
                                <array>
                                    <dict>
                                        <key>type</key>
                                        <string>Sprite</string>
                                        <key>initProperty</key>
                                        <dict>
                                            <key>pos_p</key>
                                            <array>
                                                <string>{0,0,191,5}</string>
                                            </array>
                                            <key>flipX</key>
                                            <string>1</string>
                                            <key>tag</key>
                                            <string>0</string>
                                            <key>imageFile</key>
                                            <string>teach/jiao-4.png</string>
                                        </dict>
                                    </dict>
                                    <dict>
                                        <key>type</key>
                                        <string>Sprite</string>
                                        <key>initProperty</key>
                                        <dict>
                                            <key>pos_p</key>
                                            <array>
                                                <string>{0,0,128,0}</string>
                                            </array>
                                            <key>tag</key>
                                            <string>1</string>
                                            <key>imageFile</key>
                                            <string>teach/jiao-1.png</string>
                                        </dict>
                                    </dict>
                                    <dict>
                                        <key>type</key>
                                        <string>Sprite</string>
                                        <key>initProperty</key>
                                        <dict>
                                            <key>pos_p</key>
                                            <array>
                                                <string>{0,0,40,0}</string>
                                            </array>
                                            <key>tag</key>
                                            <string>1</string>
                                            <key>imageFile</key>
                                            <string>teach/jiao-1.png</string>
                                        </dict>
                                    </dict>
                                    <dict>
                                        <key>type</key>
                                        <string>Sprite</string>
                                        <key>initProperty</key>
                                        <dict>
                                            <key>pos_p</key>
                                            <array>
                                                <string>{0,0,79,-1}</string>
                                            </array>
                                            <key>tag</key>
                                            <string>1</string>
                                            <key>imageFile</key>
                                            <string>teach/jiao-1.png</string>
                                        </dict>
                                    </dict>
                                </array>
                            </dict>
                            <dict>
                                <key>type</key>
                                <string>ColorLayer</string>
                                <key>initProperty</key>
                                <dict>
                                    <key>pos_p</key>
                                    <array>
                                        <string>{0,0,111,57}</string>
                                    </array>
                                    <key>tag</key>
                                    <string>0</string>
                                    <key>z</key>
                                    <string>3</string>
                                    <key>color</key>
                                    <string>{255,255,255,0}</string>
                                    <key>size</key>
                                    <string>{250,150}</string>
                                    <key>scroll_flag</key>
                                    <string>1</string>
                                </dict>
                                <key>children</key>
                                <array>
                                    <dict>
                                        <key>type</key>
                                        <string>LabelTTF</string>
                                        <key>initProperty</key>
                                        <dict>
                                            <key>pos_p</key>
                                            <array>
                                                <string>{0,0,110,77}</string>
                                            </array>
                                            <key>tag</key>
                                            <string>2</string>
                                            <key>z</key>
                                            <string>3</string>
                                            <key>fontSize</key>
                                            <string>24</string>
                                            <key>dimensions</key>
                                            <string>{205,0}</string>
                                            <key>wordFile</key>
                                            <string>helpWord.plist</string>
                                            <key>wordKey</key>
                                            <string>constellation_1</string>
                                            <key>color</key>
                                            <string>{0,0,0,255}</string>
                                        </dict>
                                    </dict>
                                </array>
                            </dict>
                        </array>
                    </dict>
                    <dict>
                        <key>type</key>
                        <string>Sprite</string>
                        <key>initProperty</key>
                        <dict>
                            <key>pos_p</key>
                            <array>
                                <string>{0,4,200,448}</string>
                            </array>
                            <key>tag</key>
                            <string>0</string>
                            <key>imageFile</key>
                            <string>teach/jiao-2.png</string>
                        </dict>
                        <key>children</key>
                        <array>
                            <dict>
                                <key>type</key>
                                <string>Sprite</string>
                                <key>initProperty</key>
                                <dict>
                                    <key>pos_p</key>
                                    <array>
                                        <string>{0,0,191,0}</string>
                                    </array>
                                    <key>flipX</key>
                                    <string>1</string>
                                    <key>tag</key>
                                    <string>0</string>
                                    <key>imageFile</key>
                                    <string>teach/jiao-2.png</string>
                                </dict>
                            </dict>
                            <dict>
                                <key>type</key>
                                <string>Sprite</string>
                                <key>initProperty</key>
                                <dict>
                                    <key>pos_p</key>
                                    <array>
                                        <string>{0,0,64,0}</string>
                                    </array>
                                    <key>tag</key>
                                    <string>1</string>
                                    <key>imageFile</key>
                                    <string>teach/jiao-3.png</string>
                                </dict>
                                <key>children</key>
                                <array>
                                    <dict>
                                        <key>type</key>
                                        <string>Sprite</string>
                                        <key>initProperty</key>
                                        <dict>
                                            <key>pos_p</key>
                                            <array>
                                                <string>{0,0,64,0}</string>
                                            </array>
                                            <key>tag</key>
                                            <string>0</string>
                                            <key>imageFile</key>
                                            <string>teach/jiao-3.png</string>
                                        </dict>
                                    </dict>
                                </array>
                            </dict>
                            <dict>
                                <key>type</key>
                                <string>Sprite</string>
                                <key>initProperty</key>
                                <dict>
                                    <key>pos_p</key>
                                    <array>
                                        <string>{0,0,0,108}</string>
                                    </array>
                                    <key>flipY</key>
                                    <string>1</string>
                                    <key>tag</key>
                                    <string>0</string>
                                    <key>z</key>
                                    <string>2</string>
                                    <key>imageFile</key>
                                    <string>teach/jiao-2.png</string>
                                </dict>
                                <key>children</key>
                                <array>
                                    <dict>
                                        <key>type</key>
                                        <string>Sprite</string>
                                        <key>initProperty</key>
                                        <dict>
                                            <key>pos_p</key>
                                            <array>
                                                <string>{0,0,191,0}</string>
                                            </array>
                                            <key>flipX</key>
                                            <string>1</string>
                                            <key>flipY</key>
                                            <string>1</string>
                                            <key>tag</key>
                                            <string>0</string>
                                            <key>imageFile</key>
                                            <string>teach/jiao-2.png</string>
                                        </dict>
                                    </dict>
                                    <dict>
                                        <key>type</key>
                                        <string>Sprite</string>
                                        <key>initProperty</key>
                                        <dict>
                                            <key>pos_p</key>
                                            <array>
                                                <string>{0,0,64,0}</string>
                                            </array>
                                            <key>flipY</key>
                                            <string>1</string>
                                            <key>tag</key>
                                            <string>1</string>
                                            <key>imageFile</key>
                                            <string>teach/jiao-3.png</string>
                                        </dict>
                                        <key>children</key>
                                        <array>
                                            <dict>
                                                <key>type</key>
                                                <string>Sprite</string>
                                                <key>initProperty</key>
                                                <dict>
                                                    <key>pos_p</key>
                                                    <array>
                                                        <string>{0,0,64,0}</string>
                                                    </array>
                                                    <key>flipY</key>
                                                    <string>1</string>
                                                    <key>tag</key>
                                                    <string>0</string>
                                                    <key>imageFile</key>
                                                    <string>teach/jiao-3.png</string>
                                                </dict>
                                            </dict>
                                        </array>
                                    </dict>
                                </array>
                            </dict>
                            <dict>
                                <key>type</key>
                                <string>Sprite</string>
                                <key>initProperty</key>
                                <dict>
                                    <key>pos_p</key>
                                    <array>
                                        <string>{0,0,233,43}</string>
                                    </array>
                                    <key>rotation</key>
                                    <string>90</string>
                                    <key>tag</key>
                                    <string>4</string>
                                    <key>z</key>
                                    <string>1</string>
                                    <key>imageFile</key>
                                    <string>teach/jiao-5.png</string>
                                </dict>
                            </dict>
                            <dict>
                                <key>type</key>
                                <string>Sprite</string>
                                <key>initProperty</key>
                                <dict>
                                    <key>pos_p</key>
                                    <array>
                                        <string>{0,0,286,32}</string>
                                    </array>
                                    <key>scaleX</key>
                                    <string>0.8</string>
                                    <key>scaleY</key>
                                    <string>0.8</string>
                                    <key>scale</key>
                                    <string>0.8</string>
                                    <key>tag</key>
                                    <string>4</string>
                                    <key>z</key>
                                    <string>-1</string>
                                    <key>imageFile</key>
                                    <string>teach/quan.png</string>
                                </dict>
                            </dict>
                            <dict>
                                <key>type</key>
                                <string>Sprite</string>
                                <key>initProperty</key>
                                <dict>
                                    <key>pos_p</key>
                                    <array>
                                        <string>{0,0,0,54}</string>
                                    </array>
                                    <key>tag</key>
                                    <string>2</string>
                                    <key>imageFile</key>
                                    <string>teach/jiao-4.png</string>
                                </dict>
                                <key>children</key>
                                <array>
                                    <dict>
                                        <key>type</key>
                                        <string>Sprite</string>
                                        <key>initProperty</key>
                                        <dict>
                                            <key>pos_p</key>
                                            <array>
                                                <string>{0,0,191,5}</string>
                                            </array>
                                            <key>flipX</key>
                                            <string>1</string>
                                            <key>tag</key>
                                            <string>0</string>
                                            <key>imageFile</key>
                                            <string>teach/jiao-4.png</string>
                                        </dict>
                                    </dict>
                                    <dict>
                                        <key>type</key>
                                        <string>Sprite</string>
                                        <key>initProperty</key>
                                        <dict>
                                            <key>pos_p</key>
                                            <array>
                                                <string>{0,0,128,0}</string>
                                            </array>
                                            <key>tag</key>
                                            <string>1</string>
                                            <key>imageFile</key>
                                            <string>teach/jiao-1.png</string>
                                        </dict>
                                    </dict>
                                    <dict>
                                        <key>type</key>
                                        <string>Sprite</string>
                                        <key>initProperty</key>
                                        <dict>
                                            <key>pos_p</key>
                                            <array>
                                                <string>{0,0,40,0}</string>
                                            </array>
                                            <key>tag</key>
                                            <string>1</string>
                                            <key>imageFile</key>
                                            <string>teach/jiao-1.png</string>
                                        </dict>
                                    </dict>
                                    <dict>
                                        <key>type</key>
                                        <string>Sprite</string>
                                        <key>initProperty</key>
                                        <dict>
                                            <key>pos_p</key>
                                            <array>
                                                <string>{0,0,79,-1}</string>
                                            </array>
                                            <key>tag</key>
                                            <string>1</string>
                                            <key>imageFile</key>
                                            <string>teach/jiao-1.png</string>
                                        </dict>
                                    </dict>
                                </array>
                            </dict>
                            <dict>
                                <key>type</key>
                                <string>ColorLayer</string>
                                <key>initProperty</key>
                                <dict>
                                    <key>pos_p</key>
                                    <array>
                                        <string>{0,0,96,56}</string>
                                    </array>
                                    <key>tag</key>
                                    <string>0</string>
                                    <key>z</key>
                                    <string>3</string>
                                    <key>color</key>
                                    <string>{255,255,255,0}</string>
                                    <key>size</key>
                                    <string>{220,130}</string>
                                    <key>scroll_flag</key>
                                    <string>1</string>
                                </dict>
                                <key>children</key>
                                <array>
                                    <dict>
                                        <key>type</key>
                                        <string>LabelTTF</string>
                                        <key>initProperty</key>
                                        <dict>
                                            <key>pos_p</key>
                                            <array>
                                                <string>{0,0,117,98}</string>
                                            </array>
                                            <key>tag</key>
                                            <string>2</string>
                                            <key>z</key>
                                            <string>3</string>
                                            <key>fontSize</key>
                                            <string>24</string>
                                            <key>dimensions</key>
                                            <string>{205,0}</string>
                                            <key>wordFile</key>
                                            <string>helpWord.plist</string>
                                            <key>wordKey</key>
                                            <string>constellation_3</string>
                                            <key>color</key>
                                            <string>{0,0,0,255}</string>
                                        </dict>
                                    </dict>
                                </array>
                            </dict>
                        </array>
                    </dict>
                    <dict>
                        <key>type</key>
                        <string>Sprite</string>
                        <key>initProperty</key>
                        <dict>
                            <key>pos_p</key>
                            <array>
                                <string>{0,8,579,390}</string>
                            </array>
                            <key>tag</key>
                            <string>0</string>
                            <key>imageFile</key>
                            <string>teach/jiao-2.png</string>
                        </dict>
                        <key>children</key>
                        <array>
                            <dict>
                                <key>type</key>
                                <string>Sprite</string>
                                <key>initProperty</key>
                                <dict>
                                    <key>pos_p</key>
                                    <array>
                                        <string>{0,0,179,0}</string>
                                    </array>
                                    <key>flipX</key>
                                    <string>1</string>
                                    <key>tag</key>
                                    <string>0</string>
                                    <key>imageFile</key>
                                    <string>teach/jiao-2.png</string>
                                </dict>
                            </dict>
                            <dict>
                                <key>type</key>
                                <string>Sprite</string>
                                <key>initProperty</key>
                                <dict>
                                    <key>pos_p</key>
                                    <array>
                                        <string>{0,0,64,0}</string>
                                    </array>
                                    <key>tag</key>
                                    <string>1</string>
                                    <key>imageFile</key>
                                    <string>teach/jiao-3.png</string>
                                </dict>
                                <key>children</key>
                                <array>
                                    <dict>
                                        <key>type</key>
                                        <string>Sprite</string>
                                        <key>initProperty</key>
                                        <dict>
                                            <key>pos_p</key>
                                            <array>
                                                <string>{0,0,64,0}</string>
                                            </array>
                                            <key>tag</key>
                                            <string>0</string>
                                            <key>imageFile</key>
                                            <string>teach/jiao-3.png</string>
                                        </dict>
                                    </dict>
                                </array>
                            </dict>
                            <dict>
                                <key>type</key>
                                <string>Sprite</string>
                                <key>initProperty</key>
                                <dict>
                                    <key>pos_p</key>
                                    <array>
                                        <string>{0,0,0,118}</string>
                                    </array>
                                    <key>flipY</key>
                                    <string>1</string>
                                    <key>tag</key>
                                    <string>0</string>
                                    <key>z</key>
                                    <string>2</string>
                                    <key>imageFile</key>
                                    <string>teach/jiao-2.png</string>
                                </dict>
                                <key>children</key>
                                <array>
                                    <dict>
                                        <key>type</key>
                                        <string>Sprite</string>
                                        <key>initProperty</key>
                                        <dict>
                                            <key>pos_p</key>
                                            <array>
                                                <string>{0,0,179,0}</string>
                                            </array>
                                            <key>flipX</key>
                                            <string>1</string>
                                            <key>flipY</key>
                                            <string>1</string>
                                            <key>tag</key>
                                            <string>0</string>
                                            <key>imageFile</key>
                                            <string>teach/jiao-2.png</string>
                                        </dict>
                                    </dict>
                                    <dict>
                                        <key>type</key>
                                        <string>Sprite</string>
                                        <key>initProperty</key>
                                        <dict>
                                            <key>pos_p</key>
                                            <array>
                                                <string>{0,0,64,0}</string>
                                            </array>
                                            <key>flipY</key>
                                            <string>1</string>
                                            <key>tag</key>
                                            <string>1</string>
                                            <key>imageFile</key>
                                            <string>teach/jiao-3.png</string>
                                        </dict>
                                        <key>children</key>
                                        <array>
                                            <dict>
                                                <key>type</key>
                                                <string>Sprite</string>
                                                <key>initProperty</key>
                                                <dict>
                                                    <key>pos_p</key>
                                                    <array>
                                                        <string>{0,0,64,0}</string>
                                                    </array>
                                                    <key>flipY</key>
                                                    <string>1</string>
                                                    <key>tag</key>
                                                    <string>0</string>
                                                    <key>imageFile</key>
                                                    <string>teach/jiao-3.png</string>
                                                </dict>
                                            </dict>
                                        </array>
                                    </dict>
                                </array>
                            </dict>
                            <dict>
                                <key>type</key>
                                <string>Sprite</string>
                                <key>initProperty</key>
                                <dict>
                                    <key>pos_p</key>
                                    <array>
                                        <string>{0,0,222,43}</string>
                                    </array>
                                    <key>rotation</key>
                                    <string>90</string>
                                    <key>tag</key>
                                    <string>4</string>
                                    <key>z</key>
                                    <string>1</string>
                                    <key>imageFile</key>
                                    <string>teach/jiao-5.png</string>
                                </dict>
                            </dict>
                            <dict>
                                <key>type</key>
                                <string>Sprite</string>
                                <key>initProperty</key>
                                <dict>
                                    <key>pos_p</key>
                                    <array>
                                        <string>{0,0,272,15}</string>
                                    </array>
                                    <key>scaleX</key>
                                    <string>0.8</string>
                                    <key>scaleY</key>
                                    <string>0.8</string>
                                    <key>scale</key>
                                    <string>0.8</string>
                                    <key>tag</key>
                                    <string>4</string>
                                    <key>z</key>
                                    <string>-1</string>
                                    <key>imageFile</key>
                                    <string>teach/quan.png</string>
                                </dict>
                            </dict>
                            <dict>
                                <key>type</key>
                                <string>LabelTTF</string>
                                <key>initProperty</key>
                                <dict>
                                    <key>pos_p</key>
                                    <array>
                                        <string>{0,0,90,54}</string>
                                    </array>
                                    <key>tag</key>
                                    <string>2</string>
                                    <key>z</key>
                                    <string>3</string>
                                    <key>fontSize</key>
                                    <string>24</string>
                                    <key>dimensions</key>
                                    <string>{205,0}</string>
                                    <key>wordFile</key>
                                    <string>helpWord.plist</string>
                                    <key>wordKey</key>
                                    <string>constellation_4</string>
                                    <key>color</key>
                                    <string>{0,0,0,255}</string>
                                </dict>
                            </dict>
                            <dict>
                                <key>type</key>
                                <string>Sprite</string>
                                <key>initProperty</key>
                                <dict>
                                    <key>pos_p</key>
                                    <array>
                                        <string>{0,0,0,54}</string>
                                    </array>
                                    <key>tag</key>
                                    <string>2</string>
                                    <key>imageFile</key>
                                    <string>teach/jiao-4.png</string>
                                </dict>
                                <key>children</key>
                                <array>
                                    <dict>
                                        <key>type</key>
                                        <string>Sprite</string>
                                        <key>initProperty</key>
                                        <dict>
                                            <key>pos_p</key>
                                            <array>
                                                <string>{0,0,179,5}</string>
                                            </array>
                                            <key>flipX</key>
                                            <string>1</string>
                                            <key>tag</key>
                                            <string>0</string>
                                            <key>imageFile</key>
                                            <string>teach/jiao-4.png</string>
                                        </dict>
                                    </dict>
                                    <dict>
                                        <key>type</key>
                                        <string>Sprite</string>
                                        <key>initProperty</key>
                                        <dict>
                                            <key>pos_p</key>
                                            <array>
                                                <string>{0,0,128,0}</string>
                                            </array>
                                            <key>tag</key>
                                            <string>1</string>
                                            <key>imageFile</key>
                                            <string>teach/jiao-1.png</string>
                                        </dict>
                                    </dict>
                                    <dict>
                                        <key>type</key>
                                        <string>Sprite</string>
                                        <key>initProperty</key>
                                        <dict>
                                            <key>pos_p</key>
                                            <array>
                                                <string>{0,0,40,0}</string>
                                            </array>
                                            <key>tag</key>
                                            <string>1</string>
                                            <key>imageFile</key>
                                            <string>teach/jiao-1.png</string>
                                        </dict>
                                    </dict>
                                    <dict>
                                        <key>type</key>
                                        <string>Sprite</string>
                                        <key>initProperty</key>
                                        <dict>
                                            <key>pos_p</key>
                                            <array>
                                                <string>{0,0,79,-1}</string>
                                            </array>
                                            <key>tag</key>
                                            <string>1</string>
                                            <key>imageFile</key>
                                            <string>teach/jiao-1.png</string>
                                        </dict>
                                    </dict>
                                </array>
                            </dict>
                            <dict>
                                <key>type</key>
                                <string>ColorLayer</string>
                                <key>initProperty</key>
                                <dict>
                                    <key>pos_p</key>
                                    <array>
                                        <string>{0,0,107,56}</string>
                                    </array>
                                    <key>tag</key>
                                    <string>0</string>
                                    <key>z</key>
                                    <string>2</string>
                                    <key>color</key>
                                    <string>{255,255,255,0}</string>
                                    <key>size</key>
                                    <string>{250,150}</string>
                                    <key>scroll_flag</key>
                                    <string>1</string>
                                </dict>
                            </dict>
                        </array>
                    </dict>
                    <dict>
                        <key>type</key>
                        <string>Sprite</string>
                        <key>initProperty</key>
                        <dict>
                            <key>pos_p</key>
                            <array>
                                <string>{0,0,60,307}</string>
                            </array>
                            <key>tag</key>
                            <string>0</string>
                            <key>imageFile</key>
                            <string>teach/jiao-2.png</string>
                        </dict>
                        <key>children</key>
                        <array>
                            <dict>
                                <key>type</key>
                                <string>Sprite</string>
                                <key>initProperty</key>
                                <dict>
                                    <key>pos_p</key>
                                    <array>
                                        <string>{0,0,173,0}</string>
                                    </array>
                                    <key>flipX</key>
                                    <string>1</string>
                                    <key>tag</key>
                                    <string>0</string>
                                    <key>imageFile</key>
                                    <string>teach/jiao-2.png</string>
                                </dict>
                            </dict>
                            <dict>
                                <key>type</key>
                                <string>Sprite</string>
                                <key>initProperty</key>
                                <dict>
                                    <key>pos_p</key>
                                    <array>
                                        <string>{0,0,64,0}</string>
                                    </array>
                                    <key>tag</key>
                                    <string>1</string>
                                    <key>imageFile</key>
                                    <string>teach/jiao-3.png</string>
                                </dict>
                                <key>children</key>
                                <array>
                                    <dict>
                                        <key>type</key>
                                        <string>Sprite</string>
                                        <key>initProperty</key>
                                        <dict>
                                            <key>pos_p</key>
                                            <array>
                                                <string>{0,0,64,0}</string>
                                            </array>
                                            <key>tag</key>
                                            <string>0</string>
                                            <key>imageFile</key>
                                            <string>teach/jiao-3.png</string>
                                        </dict>
                                    </dict>
                                </array>
                            </dict>
                            <dict>
                                <key>type</key>
                                <string>Sprite</string>
                                <key>initProperty</key>
                                <dict>
                                    <key>pos_p</key>
                                    <array>
                                        <string>{0,0,0,69}</string>
                                    </array>
                                    <key>flipY</key>
                                    <string>1</string>
                                    <key>tag</key>
                                    <string>0</string>
                                    <key>z</key>
                                    <string>2</string>
                                    <key>imageFile</key>
                                    <string>teach/jiao-2.png</string>
                                </dict>
                                <key>children</key>
                                <array>
                                    <dict>
                                        <key>type</key>
                                        <string>Sprite</string>
                                        <key>initProperty</key>
                                        <dict>
                                            <key>pos_p</key>
                                            <array>
                                                <string>{0,0,173,0}</string>
                                            </array>
                                            <key>flipX</key>
                                            <string>1</string>
                                            <key>flipY</key>
                                            <string>1</string>
                                            <key>tag</key>
                                            <string>0</string>
                                            <key>imageFile</key>
                                            <string>teach/jiao-2.png</string>
                                        </dict>
                                    </dict>
                                    <dict>
                                        <key>type</key>
                                        <string>Sprite</string>
                                        <key>initProperty</key>
                                        <dict>
                                            <key>pos_p</key>
                                            <array>
                                                <string>{0,0,64,0}</string>
                                            </array>
                                            <key>flipY</key>
                                            <string>1</string>
                                            <key>tag</key>
                                            <string>1</string>
                                            <key>imageFile</key>
                                            <string>teach/jiao-3.png</string>
                                        </dict>
                                        <key>children</key>
                                        <array>
                                            <dict>
                                                <key>type</key>
                                                <string>Sprite</string>
                                                <key>initProperty</key>
                                                <dict>
                                                    <key>pos_p</key>
                                                    <array>
                                                        <string>{0,0,64,0}</string>
                                                    </array>
                                                    <key>flipY</key>
                                                    <string>1</string>
                                                    <key>tag</key>
                                                    <string>0</string>
                                                    <key>imageFile</key>
                                                    <string>teach/jiao-3.png</string>
                                                </dict>
                                            </dict>
                                        </array>
                                    </dict>
                                </array>
                            </dict>
                            <dict>
                                <key>type</key>
                                <string>Sprite</string>
                                <key>initProperty</key>
                                <dict>
                                    <key>pos_p</key>
                                    <array>
                                        <string>{0,0,86,-45}</string>
                                    </array>
                                    <key>tag</key>
                                    <string>4</string>
                                    <key>z</key>
                                    <string>1</string>
                                    <key>imageFile</key>
                                    <string>teach/jiao-5.png</string>
                                </dict>
                            </dict>
                            <dict>
                                <key>type</key>
                                <string>Sprite</string>
                                <key>initProperty</key>
                                <dict>
                                    <key>pos_p</key>
                                    <array>
                                        <string>{0,0,82,-91}</string>
                                    </array>
                                    <key>scaleX</key>
                                    <string>0.8</string>
                                    <key>scaleY</key>
                                    <string>0.8</string>
                                    <key>scale</key>
                                    <string>0.8</string>
                                    <key>tag</key>
                                    <string>4</string>
                                    <key>z</key>
                                    <string>-1</string>
                                    <key>imageFile</key>
                                    <string>teach/quan.png</string>
                                </dict>
                            </dict>
                            <dict>
                                <key>type</key>
                                <string>Sprite</string>
                                <key>initProperty</key>
                                <dict>
                                    <key>pos_p</key>
                                    <array>
                                        <string>{0,0,0,54}</string>
                                    </array>
                                    <key>tag</key>
                                    <string>2</string>
                                    <key>imageFile</key>
                                    <string>teach/jiao-4.png</string>
                                </dict>
                                <key>children</key>
                                <array>
                                    <dict>
                                        <key>type</key>
                                        <string>Sprite</string>
                                        <key>initProperty</key>
                                        <dict>
                                            <key>pos_p</key>
                                            <array>
                                                <string>{0,0,173,5}</string>
                                            </array>
                                            <key>flipX</key>
                                            <string>1</string>
                                            <key>tag</key>
                                            <string>0</string>
                                            <key>imageFile</key>
                                            <string>teach/jiao-4.png</string>
                                        </dict>
                                    </dict>
                                    <dict>
                                        <key>type</key>
                                        <string>Sprite</string>
                                        <key>initProperty</key>
                                        <dict>
                                            <key>pos_p</key>
                                            <array>
                                                <string>{0,0,128,0}</string>
                                            </array>
                                            <key>tag</key>
                                            <string>1</string>
                                            <key>imageFile</key>
                                            <string>teach/jiao-1.png</string>
                                        </dict>
                                    </dict>
                                    <dict>
                                        <key>type</key>
                                        <string>Sprite</string>
                                        <key>initProperty</key>
                                        <dict>
                                            <key>pos_p</key>
                                            <array>
                                                <string>{0,0,40,0}</string>
                                            </array>
                                            <key>tag</key>
                                            <string>1</string>
                                            <key>imageFile</key>
                                            <string>teach/jiao-1.png</string>
                                        </dict>
                                    </dict>
                                    <dict>
                                        <key>type</key>
                                        <string>Sprite</string>
                                        <key>initProperty</key>
                                        <dict>
                                            <key>pos_p</key>
                                            <array>
                                                <string>{0,0,79,-1}</string>
                                            </array>
                                            <key>tag</key>
                                            <string>1</string>
                                            <key>imageFile</key>
                                            <string>teach/jiao-1.png</string>
                                        </dict>
                                    </dict>
                                </array>
                            </dict>
                            <dict>
                                <key>type</key>
                                <string>ColorLayer</string>
                                <key>initProperty</key>
                                <dict>
                                    <key>pos_p</key>
                                    <array>
                                        <string>{0,0,97,33}</string>
                                    </array>
                                    <key>tag</key>
                                    <string>0</string>
                                    <key>z</key>
                                    <string>3</string>
                                    <key>color</key>
                                    <string>{255,255,255,0}</string>
                                    <key>size</key>
                                    <string>{220,100}</string>
                                    <key>scroll_flag</key>
                                    <string>1</string>
                                </dict>
                                <key>children</key>
                                <array>
                                    <dict>
                                        <key>type</key>
                                        <string>LabelTTF</string>
                                        <key>initProperty</key>
                                        <dict>
                                            <key>pos_p</key>
                                            <array>
                                                <string>{0,0,115,51}</string>
                                            </array>
                                            <key>tag</key>
                                            <string>2</string>
                                            <key>z</key>
                                            <string>3</string>
                                            <key>fontSize</key>
                                            <string>24</string>
                                            <key>dimensions</key>
                                            <string>{205,0}</string>
                                            <key>wordFile</key>
                                            <string>helpWord.plist</string>
                                            <key>wordKey</key>
                                            <string>constellation_2</string>
                                            <key>color</key>
                                            <string>{0,0,0,255}</string>
                                        </dict>
                                    </dict>
                                </array>
                            </dict>
                        </array>
                    </dict>
                </array>
            </dict>
        </array>
    </dict>
    <key>images</key>
    <string>teach/jiao-2.png,teach/jiao-3.png,teach/jiao-5.png,teach/quan.png,teach/jiao-4.png,teach/jiao-1.png</string>
</dict>
