<?xml version="1.0" encoding="UTF-8"?>
<dict>
    <key>mapInfo</key>
    <dict>
        <key>mapName</key>
        <string>mapName</string>
        <key>mapSize</key>
        <string>{100,100}</string>
        <key>backgroundColor</key>
        <string>{128,128,128,255}</string>
        <key>gridInfo</key>
        <string>{370,450,1,1}</string>
    </dict>
    <key>nodeGraph</key>
    <dict>
        <key>type</key>
        <string>Layer</string>
        <key>children</key>
        <array>
            <dict>
                <key>type</key>
                <string>Layer</string>
                <key>initProperty</key>
                <dict>
                    <key>tag</key>
                    <string>0</string>
                </dict>
                <key>children</key>
                <array>
                    <dict>
                        <key>type</key>
                        <string>Sprite</string>
                        <key>initProperty</key>
                        <dict>
                            <key>pos</key>
                            <string>{96,21}</string>
                            <key>tag</key>
                            <string>0</string>
                            <key>imageFile</key>
                            <string>infolayer/ui4-4.png</string>
                        </dict>
                        <key>children</key>
                        <array>
                            <dict>
                                <key>type</key>
                                <string>Sprite</string>
                                <key>initProperty</key>
                                <dict>
                                    <key>pos</key>
                                    <string>{181,0}</string>
                                    <key>flipX</key>
                                    <string>1</string>
                                    <key>tag</key>
                                    <string>1</string>
                                    <key>imageFile</key>
                                    <string>infolayer/ui4-4.png</string>
                                </dict>
                                <key>children</key>
                                <array>
                                    <dict>
                                        <key>type</key>
                                        <string>Sprite</string>
                                        <key>initProperty</key>
                                        <dict>
                                            <key>pos</key>
                                            <string>{-91,48}</string>
                                            <key>tag</key>
                                            <string>0</string>
                                            <key>imageFile</key>
                                            <string>infolayer/ui4-1.png</string>
                                        </dict>
                                    </dict>
                                    <dict>
                                        <key>type</key>
                                        <string>Sprite</string>
                                        <key>initProperty</key>
                                        <dict>
                                            <key>pos</key>
                                            <string>{-91,120}</string>
                                            <key>tag</key>
                                            <string>0</string>
                                            <key>imageFile</key>
                                            <string>infolayer/ui4-1.png</string>
                                        </dict>
                                    </dict>
                                    <dict>
                                        <key>type</key>
                                        <string>Sprite</string>
                                        <key>initProperty</key>
                                        <dict>
                                            <key>pos</key>
                                            <string>{-91,192}</string>
                                            <key>tag</key>
                                            <string>0</string>
                                            <key>imageFile</key>
                                            <string>infolayer/ui4-1.png</string>
                                        </dict>
                                    </dict>
                                    <dict>
                                        <key>type</key>
                                        <string>Sprite</string>
                                        <key>initProperty</key>
                                        <dict>
                                            <key>pos</key>
                                            <string>{-91,264}</string>
                                            <key>tag</key>
                                            <string>0</string>
                                            <key>imageFile</key>
                                            <string>infolayer/ui4-1.png</string>
                                        </dict>
                                    </dict>
                                    <dict>
                                        <key>type</key>
                                        <string>Sprite</string>
                                        <key>initProperty</key>
                                        <dict>
                                            <key>pos</key>
                                            <string>{-91,374}</string>
                                            <key>flipX</key>
                                            <string>1</string>
                                            <key>tag</key>
                                            <string>0</string>
                                            <key>imageFile</key>
                                            <string>infolayer/ui4-1.png</string>
                                        </dict>
                                    </dict>
                                    <dict>
                                        <key>type</key>
                                        <string>Sprite</string>
                                        <key>initProperty</key>
                                        <dict>
                                            <key>pos</key>
                                            <string>{-184,416}</string>
                                            <key>flipY</key>
                                            <string>1</string>
                                            <key>tag</key>
                                            <string>1</string>
                                            <key>imageFile</key>
                                            <string>infolayer/ui4-4.png</string>
                                        </dict>
                                    </dict>
                                    <dict>
                                        <key>type</key>
                                        <string>Sprite</string>
                                        <key>initProperty</key>
                                        <dict>
                                            <key>pos</key>
                                            <string>{0,416}</string>
                                            <key>flipX</key>
                                            <string>1</string>
                                            <key>flipY</key>
                                            <string>1</string>
                                            <key>tag</key>
                                            <string>2</string>
                                            <key>imageFile</key>
                                            <string>infolayer/ui4-4.png</string>
                                        </dict>
                                    </dict>
                                    <dict>
                                        <key>type</key>
                                        <string>Sprite</string>
                                        <key>initProperty</key>
                                        <dict>
                                            <key>pos</key>
                                            <string>{-91,336}</string>
                                            <key>tag</key>
                                            <string>0</string>
                                            <key>imageFile</key>
                                            <string>infolayer/ui4-1.png</string>
                                        </dict>
                                    </dict>
                                    <dict>
                                        <key>type</key>
                                        <string>Sprite</string>
                                        <key>initProperty</key>
                                        <dict>
                                            <key>pos</key>
                                            <string>{-185,21}</string>
                                            <key>tag</key>
                                            <string>3</string>
                                            <key>imageFile</key>
                                            <string>jingjichang/gan-1.png</string>
                                        </dict>
                                        <key>children</key>
                                        <array>
                                            <dict>
                                                <key>type</key>
                                                <string>Sprite</string>
                                                <key>initProperty</key>
                                                <dict>
                                                    <key>pos</key>
                                                    <string>{99,0}</string>
                                                    <key>tag</key>
                                                    <string>0</string>
                                                    <key>imageFile</key>
                                                    <string>jingjichang/gan-1.png</string>
                                                </dict>
                                            </dict>
                                            <dict>
                                                <key>type</key>
                                                <string>Sprite</string>
                                                <key>initProperty</key>
                                                <dict>
                                                    <key>pos</key>
                                                    <string>{198,0}</string>
                                                    <key>tag</key>
                                                    <string>1</string>
                                                    <key>imageFile</key>
                                                    <string>jingjichang/gan-1.png</string>
                                                </dict>
                                            </dict>
                                        </array>
                                    </dict>
                                    <dict>
                                        <key>type</key>
                                        <string>Sprite</string>
                                        <key>initProperty</key>
                                        <dict>
                                            <key>pos</key>
                                            <string>{-242,12}</string>
                                            <key>tag</key>
                                            <string>4</string>
                                            <key>imageFile</key>
                                            <string>infolayer/ui4-5.png</string>
                                        </dict>
                                    </dict>
                                    <dict>
                                        <key>type</key>
                                        <string>Sprite</string>
                                        <key>initProperty</key>
                                        <dict>
                                            <key>pos</key>
                                            <string>{58,12}</string>
                                            <key>flipX</key>
                                            <string>1</string>
                                            <key>tag</key>
                                            <string>5</string>
                                            <key>imageFile</key>
                                            <string>infolayer/ui4-5.png</string>
                                        </dict>
                                    </dict>
                                    <dict>
                                        <key>type</key>
                                        <string>Sprite</string>
                                        <key>initProperty</key>
                                        <dict>
                                            <key>pos</key>
                                            <string>{61,12}</string>
                                            <key>tag</key>
                                            <string>6</string>
                                            <key>touchEnable</key>
                                            <string>1</string>
                                            <key>tapEffectType</key>
                                            <string>2</string>
                                            <key>var</key>
                                            <string>btn_close</string>
                                            <key>imageFile</key>
                                            <string>public/icon_close.png</string>
                                        </dict>
                                    </dict>
                                </array>
                            </dict>
                        </array>
                    </dict>
                    <dict>
                        <key>type</key>
                        <string>Sprite</string>
                        <key>initProperty</key>
                        <dict>
                            <key>pos</key>
                            <string>{49,106}</string>
                            <key>flipX</key>
                            <string>1</string>
                            <key>tag</key>
                            <string>3</string>
                            <key>imageFile</key>
                            <string>infolayer/ui4-8.png</string>
                        </dict>
                        <key>children</key>
                        <array>
                            <dict>
                                <key>type</key>
                                <string>Sprite</string>
                                <key>initProperty</key>
                                <dict>
                                    <key>pos</key>
                                    <string>{272,0}</string>
                                    <key>tag</key>
                                    <string>0</string>
                                    <key>imageFile</key>
                                    <string>infolayer/ui4-8.png</string>
                                </dict>
                            </dict>
                            <dict>
                                <key>type</key>
                                <string>Sprite</string>
                                <key>initProperty</key>
                                <dict>
                                    <key>pos</key>
                                    <string>{43,0}</string>
                                    <key>tag</key>
                                    <string>1</string>
                                    <key>imageFile</key>
                                    <string>infolayer/ui4-9.png</string>
                                </dict>
                                <key>children</key>
                                <array>
                                    <dict>
                                        <key>type</key>
                                        <string>Sprite</string>
                                        <key>initProperty</key>
                                        <dict>
                                            <key>pos</key>
                                            <string>{46,0}</string>
                                            <key>tag</key>
                                            <string>0</string>
                                            <key>imageFile</key>
                                            <string>infolayer/ui4-9.png</string>
                                        </dict>
                                    </dict>
                                    <dict>
                                        <key>type</key>
                                        <string>Sprite</string>
                                        <key>initProperty</key>
                                        <dict>
                                            <key>pos</key>
                                            <string>{92,0}</string>
                                            <key>tag</key>
                                            <string>1</string>
                                            <key>imageFile</key>
                                            <string>infolayer/ui4-9.png</string>
                                        </dict>
                                    </dict>
                                    <dict>
                                        <key>type</key>
                                        <string>Sprite</string>
                                        <key>initProperty</key>
                                        <dict>
                                            <key>pos</key>
                                            <string>{138,0}</string>
                                            <key>tag</key>
                                            <string>2</string>
                                            <key>imageFile</key>
                                            <string>infolayer/ui4-9.png</string>
                                        </dict>
                                    </dict>
                                    <dict>
                                        <key>type</key>
                                        <string>Sprite</string>
                                        <key>initProperty</key>
                                        <dict>
                                            <key>pos</key>
                                            <string>{184,0}</string>
                                            <key>tag</key>
                                            <string>3</string>
                                            <key>imageFile</key>
                                            <string>infolayer/ui4-9.png</string>
                                        </dict>
                                    </dict>
                                </array>
                            </dict>
                            <dict>
                                <key>type</key>
                                <string>Sprite</string>
                                <key>initProperty</key>
                                <dict>
                                    <key>pos</key>
                                    <string>{224,60}</string>
                                    <key>tag</key>
                                    <string>2</string>
                                    <key>var</key>
                                    <string>flag_hp</string>
                                    <key>imageFile</key>
                                    <string>infolayer/HP.png</string>
                                </dict>
                            </dict>
                            <dict>
                                <key>type</key>
                                <string>Sprite</string>
                                <key>initProperty</key>
                                <dict>
                                    <key>pos</key>
                                    <string>{223,93}</string>
                                    <key>tag</key>
                                    <string>3</string>
                                    <key>var</key>
                                    <string>flag_sp</string>
                                    <key>imageFile</key>
                                    <string>infolayer/SP.png</string>
                                </dict>
                            </dict>
                            <dict>
                                <key>type</key>
                                <string>Sprite</string>
                                <key>initProperty</key>
                                <dict>
                                    <key>pos</key>
                                    <string>{61,93}</string>
                                    <key>tag</key>
                                    <string>4</string>
                                    <key>var</key>
                                    <string>role_bg</string>
                                    <key>imageFile</key>
                                    <string>infolayer/ui4-7.png</string>
                                </dict>
                            </dict>
                            <dict>
                                <key>type</key>
                                <string>Sprite</string>
                                <key>initProperty</key>
                                <dict>
                                    <key>pos</key>
                                    <string>{19,151}</string>
                                    <key>tag</key>
                                    <string>5</string>
                                    <key>imageFile</key>
                                    <string>infolayer/ui4-6.png</string>
                                </dict>
                                <key>children</key>
                                <array>
                                    <dict>
                                        <key>type</key>
                                        <string>Sprite</string>
                                        <key>initProperty</key>
                                        <dict>
                                            <key>pos</key>
                                            <string>{114,0}</string>
                                            <key>flipX</key>
                                            <string>1</string>
                                            <key>tag</key>
                                            <string>0</string>
                                            <key>imageFile</key>
                                            <string>infolayer/ui4-6.png</string>
                                        </dict>
                                        <key>children</key>
                                        <array>
                                            <dict>
                                                <key>type</key>
                                                <string>Sprite</string>
                                                <key>initProperty</key>
                                                <dict>
                                                    <key>pos</key>
                                                    <string>{-58,0}</string>
                                                    <key>tag</key>
                                                    <string>0</string>
                                                    <key>imageFile</key>
                                                    <string>infolayer/ui4-10.png</string>
                                                </dict>
                                            </dict>
                                        </array>
                                    </dict>
                                    <dict>
                                        <key>type</key>
                                        <string>Sprite</string>
                                        <key>initProperty</key>
                                        <dict>
                                            <key>pos</key>
                                            <string>{-14,0}</string>
                                            <key>tag</key>
                                            <string>0</string>
                                            <key>var</key>
                                            <string>flag_attack</string>
                                            <key>imageFile</key>
                                            <string>infolayer/5att.png</string>
                                        </dict>
                                    </dict>
                                </array>
                            </dict>
                            <dict>
                                <key>type</key>
                                <string>Sprite</string>
                                <key>initProperty</key>
                                <dict>
                                    <key>pos</key>
                                    <string>{19,222}</string>
                                    <key>tag</key>
                                    <string>5</string>
                                    <key>imageFile</key>
                                    <string>infolayer/ui4-6.png</string>
                                </dict>
                                <key>children</key>
                                <array>
                                    <dict>
                                        <key>type</key>
                                        <string>Sprite</string>
                                        <key>initProperty</key>
                                        <dict>
                                            <key>pos</key>
                                            <string>{73,0}</string>
                                            <key>flipX</key>
                                            <string>1</string>
                                            <key>tag</key>
                                            <string>0</string>
                                            <key>imageFile</key>
                                            <string>infolayer/ui4-6.png</string>
                                        </dict>
                                    </dict>
                                    <dict>
                                        <key>type</key>
                                        <string>Sprite</string>
                                        <key>initProperty</key>
                                        <dict>
                                            <key>pos</key>
                                            <string>{-14,1}</string>
                                            <key>tag</key>
                                            <string>0</string>
                                            <key>var</key>
                                            <string>flag_hit</string>
                                            <key>imageFile</key>
                                            <string>infolayer/16att.png</string>
                                        </dict>
                                    </dict>
                                </array>
                            </dict>
                            <dict>
                                <key>type</key>
                                <string>Sprite</string>
                                <key>initProperty</key>
                                <dict>
                                    <key>pos</key>
                                    <string>{19,186}</string>
                                    <key>tag</key>
                                    <string>5</string>
                                    <key>imageFile</key>
                                    <string>infolayer/ui4-6.png</string>
                                </dict>
                                <key>children</key>
                                <array>
                                    <dict>
                                        <key>type</key>
                                        <string>Sprite</string>
                                        <key>initProperty</key>
                                        <dict>
                                            <key>pos</key>
                                            <string>{114,0}</string>
                                            <key>flipX</key>
                                            <string>1</string>
                                            <key>tag</key>
                                            <string>0</string>
                                            <key>imageFile</key>
                                            <string>infolayer/ui4-6.png</string>
                                        </dict>
                                        <key>children</key>
                                        <array>
                                            <dict>
                                                <key>type</key>
                                                <string>Sprite</string>
                                                <key>initProperty</key>
                                                <dict>
                                                    <key>pos</key>
                                                    <string>{-58,0}</string>
                                                    <key>tag</key>
                                                    <string>0</string>
                                                    <key>imageFile</key>
                                                    <string>infolayer/ui4-10.png</string>
                                                </dict>
                                            </dict>
                                        </array>
                                    </dict>
                                    <dict>
                                        <key>type</key>
                                        <string>Sprite</string>
                                        <key>initProperty</key>
                                        <dict>
                                            <key>pos</key>
                                            <string>{-12,-1}</string>
                                            <key>tag</key>
                                            <string>0</string>
                                            <key>var</key>
                                            <string>flag_speed</string>
                                            <key>imageFile</key>
                                            <string>infolayer/4att.png</string>
                                        </dict>
                                    </dict>
                                </array>
                            </dict>
                            <dict>
                                <key>type</key>
                                <string>Sprite</string>
                                <key>initProperty</key>
                                <dict>
                                    <key>pos</key>
                                    <string>{178,222}</string>
                                    <key>tag</key>
                                    <string>5</string>
                                    <key>imageFile</key>
                                    <string>infolayer/ui4-6.png</string>
                                </dict>
                                <key>children</key>
                                <array>
                                    <dict>
                                        <key>type</key>
                                        <string>Sprite</string>
                                        <key>initProperty</key>
                                        <dict>
                                            <key>pos</key>
                                            <string>{73,0}</string>
                                            <key>flipX</key>
                                            <string>1</string>
                                            <key>tag</key>
                                            <string>0</string>
                                            <key>imageFile</key>
                                            <string>infolayer/ui4-6.png</string>
                                        </dict>
                                    </dict>
                                    <dict>
                                        <key>type</key>
                                        <string>Sprite</string>
                                        <key>initProperty</key>
                                        <dict>
                                            <key>pos</key>
                                            <string>{-13,0}</string>
                                            <key>tag</key>
                                            <string>0</string>
                                            <key>var</key>
                                            <string>flag_dodge</string>
                                            <key>imageFile</key>
                                            <string>infolayer/15att.png</string>
                                        </dict>
                                    </dict>
                                </array>
                            </dict>
                            <dict>
                                <key>type</key>
                                <string>Sprite</string>
                                <key>initProperty</key>
                                <dict>
                                    <key>pos</key>
                                    <string>{178,256}</string>
                                    <key>tag</key>
                                    <string>5</string>
                                    <key>imageFile</key>
                                    <string>infolayer/ui4-6.png</string>
                                </dict>
                                <key>children</key>
                                <array>
                                    <dict>
                                        <key>type</key>
                                        <string>Sprite</string>
                                        <key>initProperty</key>
                                        <dict>
                                            <key>pos</key>
                                            <string>{73,0}</string>
                                            <key>flipX</key>
                                            <string>1</string>
                                            <key>tag</key>
                                            <string>0</string>
                                            <key>imageFile</key>
                                            <string>infolayer/ui4-6.png</string>
                                        </dict>
                                    </dict>
                                    <dict>
                                        <key>type</key>
                                        <string>Sprite</string>
                                        <key>initProperty</key>
                                        <dict>
                                            <key>pos</key>
                                            <string>{-14,0}</string>
                                            <key>tag</key>
                                            <string>0</string>
                                            <key>var</key>
                                            <string>flag_defend</string>
                                            <key>imageFile</key>
                                            <string>infolayer/8att.png</string>
                                        </dict>
                                    </dict>
                                </array>
                            </dict>
                            <dict>
                                <key>type</key>
                                <string>Sprite</string>
                                <key>initProperty</key>
                                <dict>
                                    <key>pos</key>
                                    <string>{19,256}</string>
                                    <key>tag</key>
                                    <string>5</string>
                                    <key>imageFile</key>
                                    <string>infolayer/ui4-6.png</string>
                                </dict>
                                <key>children</key>
                                <array>
                                    <dict>
                                        <key>type</key>
                                        <string>Sprite</string>
                                        <key>initProperty</key>
                                        <dict>
                                            <key>pos</key>
                                            <string>{73,0}</string>
                                            <key>flipX</key>
                                            <string>1</string>
                                            <key>tag</key>
                                            <string>0</string>
                                            <key>imageFile</key>
                                            <string>infolayer/ui4-6.png</string>
                                        </dict>
                                    </dict>
                                    <dict>
                                        <key>type</key>
                                        <string>Sprite</string>
                                        <key>initProperty</key>
                                        <dict>
                                            <key>pos</key>
                                            <string>{-11,0}</string>
                                            <key>tag</key>
                                            <string>0</string>
                                            <key>var</key>
                                            <string>flag_breakDef</string>
                                            <key>imageFile</key>
                                            <string>infolayer/9att.png</string>
                                        </dict>
                                    </dict>
                                </array>
                            </dict>
                            <dict>
                                <key>type</key>
                                <string>Sprite</string>
                                <key>initProperty</key>
                                <dict>
                                    <key>pos</key>
                                    <string>{19,290}</string>
                                    <key>tag</key>
                                    <string>5</string>
                                    <key>imageFile</key>
                                    <string>infolayer/ui4-6.png</string>
                                </dict>
                                <key>children</key>
                                <array>
                                    <dict>
                                        <key>type</key>
                                        <string>Sprite</string>
                                        <key>initProperty</key>
                                        <dict>
                                            <key>pos</key>
                                            <string>{73,0}</string>
                                            <key>flipX</key>
                                            <string>1</string>
                                            <key>tag</key>
                                            <string>0</string>
                                            <key>imageFile</key>
                                            <string>infolayer/ui4-6.png</string>
                                        </dict>
                                    </dict>
                                    <dict>
                                        <key>type</key>
                                        <string>Sprite</string>
                                        <key>initProperty</key>
                                        <dict>
                                            <key>pos</key>
                                            <string>{-12,0}</string>
                                            <key>tag</key>
                                            <string>0</string>
                                            <key>var</key>
                                            <string>flag_critical</string>
                                            <key>imageFile</key>
                                            <string>infolayer/14att.png</string>
                                        </dict>
                                    </dict>
                                </array>
                            </dict>
                            <dict>
                                <key>type</key>
                                <string>Sprite</string>
                                <key>initProperty</key>
                                <dict>
                                    <key>pos</key>
                                    <string>{178,290}</string>
                                    <key>tag</key>
                                    <string>5</string>
                                    <key>imageFile</key>
                                    <string>infolayer/ui4-6.png</string>
                                </dict>
                                <key>children</key>
                                <array>
                                    <dict>
                                        <key>type</key>
                                        <string>Sprite</string>
                                        <key>initProperty</key>
                                        <dict>
                                            <key>pos</key>
                                            <string>{73,0}</string>
                                            <key>flipX</key>
                                            <string>1</string>
                                            <key>tag</key>
                                            <string>0</string>
                                            <key>imageFile</key>
                                            <string>infolayer/ui4-6.png</string>
                                        </dict>
                                    </dict>
                                    <dict>
                                        <key>type</key>
                                        <string>Sprite</string>
                                        <key>initProperty</key>
                                        <dict>
                                            <key>pos</key>
                                            <string>{-11,-1}</string>
                                            <key>tag</key>
                                            <string>0</string>
                                            <key>var</key>
                                            <string>flag_toughness</string>
                                            <key>imageFile</key>
                                            <string>infolayer/17att.png</string>
                                        </dict>
                                    </dict>
                                </array>
                            </dict>
                            <dict>
                                <key>type</key>
                                <string>Sprite</string>
                                <key>initProperty</key>
                                <dict>
                                    <key>pos</key>
                                    <string>{145,14}</string>
                                    <key>tag</key>
                                    <string>6</string>
                                    <key>var</key>
                                    <string>flag_lv</string>
                                    <key>imageFile</key>
                                    <string>public/icon_lv.png</string>
                                </dict>
                            </dict>
                            <dict>
                                <key>type</key>
                                <string>LabelTTF</string>
                                <key>initProperty</key>
                                <dict>
                                    <key>pos</key>
                                    <string>{163,-14}</string>
                                    <key>tag</key>
                                    <string>0</string>
                                    <key>var</key>
                                    <string>lab_name</string>
                                    <key>createMethod</key>
                                    <string>1</string>
                                    <key>wordString</key>
                                    <string>name</string>
                                    <key>color</key>
                                    <string>{254,237,191,255}</string>
                                </dict>
                            </dict>
                        </array>
                    </dict>
                </array>
            </dict>
        </array>
    </dict>
</dict>
