<?xml version="1.0" encoding="UTF-8"?>
<dict>
    <key>mapInfo</key>
    <dict>
        <key>mapName</key>
        <string>mapName</string>
        <key>mapSize</key>
        <string>{100,100}</string>
        <key>backgroundColor</key>
        <string>{128,128,128,255}</string>
        <key>gridInfo</key>
        <string>{960,640,1,1}</string>
    </dict>
    <key>nodeGraph</key>
    <dict>
        <key>type</key>
        <string>Layer</string>
        <key>initProperty</key>
        <dict>
            <key>pos_p</key>
            <array>
                <string>{0,0,0,0}</string>
            </array>
        </dict>
        <key>children</key>
        <array>
            <dict>
                <key>type</key>
                <string>Sprite</string>
                <key>initProperty</key>
                <dict>
                    <key>pos_p</key>
                    <array>
                        <string>{0,0,480,108}</string>
                    </array>
                    <key>tag</key>
                    <string>1</string>
                    <key>var</key>
                    <string>layer_bg</string>
                    <key>imageFile</key>
                    <string>npc-choose/sky-2.png</string>
                </dict>
            </dict>
            <dict>
                <key>type</key>
                <string>Sprite</string>
                <key>initProperty</key>
                <dict>
                    <key>pos_p</key>
                    <array>
                        <string>{0,0,481,205}</string>
                    </array>
                    <key>tag</key>
                    <string>7</string>
                    <key>z</key>
                    <string>5</string>
                    <key>imageFile</key>
                    <string>npc-choose/chaos.png</string>
                </dict>
            </dict>
            <dict>
                <key>type</key>
                <string>Layer</string>
                <key>initProperty</key>
                <dict>
                    <key>pos_p</key>
                    <array>
                        <string>{0,4,0,-51}</string>
                    </array>
                    <key>tag</key>
                    <string>8</string>
                    <key>z</key>
                    <string>9</string>
                </dict>
                <key>children</key>
                <array>
                    <dict>
                        <key>type</key>
                        <string>Sprite</string>
                        <key>initProperty</key>
                        <dict>
                            <key>pos_p</key>
                            <array>
                                <string>{0,0,480,469}</string>
                            </array>
                            <key>tag</key>
                            <string>0</string>
                            <key>z</key>
                            <string>1</string>
                            <key>var</key>
                            <string>role_bottom6</string>
                            <key>imageFile</key>
                            <string>npc-choose/npc-di1.png</string>
                        </dict>
                    </dict>
                    <dict>
                        <key>type</key>
                        <string>Sprite</string>
                        <key>initProperty</key>
                        <dict>
                            <key>pos_p</key>
                            <array>
                                <string>{0,0,1025,325}</string>
                            </array>
                            <key>scaleX</key>
                            <string>0.5</string>
                            <key>scaleY</key>
                            <string>0.5</string>
                            <key>scale</key>
                            <string>0.5</string>
                            <key>tag</key>
                            <string>1</string>
                            <key>var</key>
                            <string>role_bottom10</string>
                            <key>imageFile</key>
                            <string>npc-choose/npc-di1.png</string>
                        </dict>
                    </dict>
                    <dict>
                        <key>type</key>
                        <string>Sprite</string>
                        <key>initProperty</key>
                        <dict>
                            <key>pos_p</key>
                            <array>
                                <string>{0,0,951,366}</string>
                            </array>
                            <key>scaleX</key>
                            <string>0.6</string>
                            <key>scaleY</key>
                            <string>0.6</string>
                            <key>scale</key>
                            <string>0.6</string>
                            <key>tag</key>
                            <string>1</string>
                            <key>var</key>
                            <string>role_bottom9</string>
                            <key>imageFile</key>
                            <string>npc-choose/npc-di1.png</string>
                        </dict>
                    </dict>
                    <dict>
                        <key>type</key>
                        <string>Sprite</string>
                        <key>initProperty</key>
                        <dict>
                            <key>pos_p</key>
                            <array>
                                <string>{0,0,843,413}</string>
                            </array>
                            <key>scaleX</key>
                            <string>0.7</string>
                            <key>scaleY</key>
                            <string>0.7</string>
                            <key>scale</key>
                            <string>0.7</string>
                            <key>tag</key>
                            <string>1</string>
                            <key>var</key>
                            <string>role_bottom8</string>
                            <key>imageFile</key>
                            <string>npc-choose/npc-di1.png</string>
                        </dict>
                    </dict>
                    <dict>
                        <key>type</key>
                        <string>Sprite</string>
                        <key>initProperty</key>
                        <dict>
                            <key>pos_p</key>
                            <array>
                                <string>{0,0,268,450}</string>
                            </array>
                            <key>scaleX</key>
                            <string>0.8</string>
                            <key>scaleY</key>
                            <string>0.8</string>
                            <key>scale</key>
                            <string>0.8</string>
                            <key>tag</key>
                            <string>1</string>
                            <key>z</key>
                            <string>1</string>
                            <key>var</key>
                            <string>role_bottom5</string>
                            <key>imageFile</key>
                            <string>npc-choose/npc-di1.png</string>
                        </dict>
                    </dict>
                    <dict>
                        <key>type</key>
                        <string>Sprite</string>
                        <key>initProperty</key>
                        <dict>
                            <key>pos_p</key>
                            <array>
                                <string>{0,0,692,450}</string>
                            </array>
                            <key>scaleX</key>
                            <string>0.8</string>
                            <key>scaleY</key>
                            <string>0.8</string>
                            <key>scale</key>
                            <string>0.8</string>
                            <key>tag</key>
                            <string>1</string>
                            <key>var</key>
                            <string>role_bottom7</string>
                            <key>imageFile</key>
                            <string>npc-choose/npc-di1.png</string>
                        </dict>
                    </dict>
                    <dict>
                        <key>type</key>
                        <string>Sprite</string>
                        <key>initProperty</key>
                        <dict>
                            <key>pos_p</key>
                            <array>
                                <string>{0,0,-69,325}</string>
                            </array>
                            <key>scaleX</key>
                            <string>0.5</string>
                            <key>scaleY</key>
                            <string>0.5</string>
                            <key>scale</key>
                            <string>0.5</string>
                            <key>tag</key>
                            <string>1</string>
                            <key>var</key>
                            <string>role_bottom2</string>
                            <key>imageFile</key>
                            <string>npc-choose/npc-di1.png</string>
                        </dict>
                    </dict>
                    <dict>
                        <key>type</key>
                        <string>Sprite</string>
                        <key>initProperty</key>
                        <dict>
                            <key>pos_p</key>
                            <array>
                                <string>{0,0,5,366}</string>
                            </array>
                            <key>scaleX</key>
                            <string>0.6</string>
                            <key>scaleY</key>
                            <string>0.6</string>
                            <key>scale</key>
                            <string>0.6</string>
                            <key>tag</key>
                            <string>1</string>
                            <key>var</key>
                            <string>role_bottom3</string>
                            <key>imageFile</key>
                            <string>npc-choose/npc-di1.png</string>
                        </dict>
                    </dict>
                    <dict>
                        <key>type</key>
                        <string>Sprite</string>
                        <key>initProperty</key>
                        <dict>
                            <key>pos_p</key>
                            <array>
                                <string>{0,0,116,413}</string>
                            </array>
                            <key>scaleX</key>
                            <string>0.7</string>
                            <key>scaleY</key>
                            <string>0.7</string>
                            <key>scale</key>
                            <string>0.7</string>
                            <key>tag</key>
                            <string>1</string>
                            <key>var</key>
                            <string>role_bottom4</string>
                            <key>imageFile</key>
                            <string>npc-choose/npc-di1.png</string>
                        </dict>
                    </dict>
                    <dict>
                        <key>type</key>
                        <string>Sprite</string>
                        <key>initProperty</key>
                        <dict>
                            <key>pos_p</key>
                            <array>
                                <string>{0,0,-132,282}</string>
                            </array>
                            <key>scaleX</key>
                            <string>0.4</string>
                            <key>scaleY</key>
                            <string>0.4</string>
                            <key>scale</key>
                            <string>0.4</string>
                            <key>tag</key>
                            <string>0</string>
                            <key>var</key>
                            <string>role_bottom1</string>
                            <key>imageFile</key>
                            <string>npc-choose/npc-di1.png</string>
                        </dict>
                    </dict>
                    <dict>
                        <key>type</key>
                        <string>Sprite</string>
                        <key>initProperty</key>
                        <dict>
                            <key>pos_p</key>
                            <array>
                                <string>{0,0,1092,285}</string>
                            </array>
                            <key>scaleX</key>
                            <string>0.4</string>
                            <key>scaleY</key>
                            <string>0.4</string>
                            <key>scale</key>
                            <string>0.4</string>
                            <key>tag</key>
                            <string>0</string>
                            <key>var</key>
                            <string>role_bottom11</string>
                            <key>imageFile</key>
                            <string>npc-choose/npc-di1.png</string>
                        </dict>
                    </dict>
                    <dict>
                        <key>type</key>
                        <string>Sprite</string>
                        <key>initProperty</key>
                        <dict>
                            <key>pos_p</key>
                            <array>
                                <string>{0,0,-189,248}</string>
                            </array>
                            <key>scaleX</key>
                            <string>0.3</string>
                            <key>scaleY</key>
                            <string>0.3</string>
                            <key>scale</key>
                            <string>0.3</string>
                            <key>tag</key>
                            <string>0</string>
                            <key>var</key>
                            <string>role_bottom0</string>
                            <key>imageFile</key>
                            <string>npc-choose/npc-di1.png</string>
                        </dict>
                    </dict>
                    <dict>
                        <key>type</key>
                        <string>Sprite</string>
                        <key>initProperty</key>
                        <dict>
                            <key>pos_p</key>
                            <array>
                                <string>{0,0,1153,253}</string>
                            </array>
                            <key>scaleX</key>
                            <string>0.3</string>
                            <key>scaleY</key>
                            <string>0.3</string>
                            <key>scale</key>
                            <string>0.3</string>
                            <key>tag</key>
                            <string>0</string>
                            <key>var</key>
                            <string>role_bottom12</string>
                            <key>imageFile</key>
                            <string>npc-choose/npc-di1.png</string>
                        </dict>
                    </dict>
                    <dict>
                        <key>type</key>
                        <string>Sprite</string>
                        <key>initProperty</key>
                        <dict>
                            <key>pos_p</key>
                            <array>
                                <string>{0,0,-229,213}</string>
                            </array>
                            <key>scaleX</key>
                            <string>0.3</string>
                            <key>scaleY</key>
                            <string>0.3</string>
                            <key>scale</key>
                            <string>0.3</string>
                            <key>tag</key>
                            <string>0</string>
                            <key>var</key>
                            <string>leftend</string>
                            <key>imageFile</key>
                            <string>npc-choose/npc-di1.png</string>
                        </dict>
                    </dict>
                    <dict>
                        <key>type</key>
                        <string>Sprite</string>
                        <key>initProperty</key>
                        <dict>
                            <key>pos_p</key>
                            <array>
                                <string>{0,0,1208,223}</string>
                            </array>
                            <key>scaleX</key>
                            <string>0.3</string>
                            <key>scaleY</key>
                            <string>0.3</string>
                            <key>scale</key>
                            <string>0.3</string>
                            <key>tag</key>
                            <string>0</string>
                            <key>var</key>
                            <string>rightend</string>
                            <key>imageFile</key>
                            <string>npc-choose/npc-di1.png</string>
                        </dict>
                    </dict>
                </array>
            </dict>
            <dict>
                <key>type</key>
                <string>Layer</string>
                <key>initProperty</key>
                <dict>
                    <key>pos_p</key>
                    <array>
                        <string>{0,4,0,-51}</string>
                    </array>
                    <key>tag</key>
                    <string>9</string>
                    <key>z</key>
                    <string>8</string>
                </dict>
                <key>children</key>
                <array>
                    <dict>
                        <key>type</key>
                        <string>Sprite</string>
                        <key>initProperty</key>
                        <dict>
                            <key>pos_p</key>
                            <array>
                                <string>{0,0,481,497}</string>
                            </array>
                            <key>scaleX</key>
                            <string>2</string>
                            <key>scaleY</key>
                            <string>2</string>
                            <key>scale</key>
                            <string>2</string>
                            <key>tag</key>
                            <string>0</string>
                            <key>var</key>
                            <string>effect_bottom</string>
                            <key>imageFile</key>
                            <string>npc-choose/light6.png</string>
                        </dict>
                    </dict>
                    <dict>
                        <key>type</key>
                        <string>Sprite</string>
                        <key>initProperty</key>
                        <dict>
                            <key>pos_p</key>
                            <array>
                                <string>{0,0,479,513}</string>
                            </array>
                            <key>anchor</key>
                            <string>{0.5,0}</string>
                            <key>scaleX</key>
                            <string>1.7</string>
                            <key>scaleY</key>
                            <string>1.7</string>
                            <key>scale</key>
                            <string>1.7</string>
                            <key>tag</key>
                            <string>1</string>
                            <key>var</key>
                            <string>effect_light</string>
                            <key>imageFile</key>
                            <string>npc-choose/light222.png</string>
                        </dict>
                    </dict>
                    <dict>
                        <key>type</key>
                        <string>Sprite</string>
                        <key>initProperty</key>
                        <dict>
                            <key>pos_p</key>
                            <array>
                                <string>{0,0,421,234}</string>
                            </array>
                            <key>tag</key>
                            <string>2</string>
                            <key>var</key>
                            <string>name_bg</string>
                            <key>imageFile</key>
                            <string>npc-choose/light3.png</string>
                        </dict>
                        <key>children</key>
                        <array>
                            <dict>
                                <key>type</key>
                                <string>Sprite</string>
                                <key>initProperty</key>
                                <dict>
                                    <key>pos_p</key>
                                    <array>
                                        <string>{0,0,120,0}</string>
                                    </array>
                                    <key>flipX</key>
                                    <string>1</string>
                                    <key>tag</key>
                                    <string>2</string>
                                    <key>imageFile</key>
                                    <string>npc-choose/light3.png</string>
                                </dict>
                            </dict>
                            <dict>
                                <key>type</key>
                                <string>LabelTTF</string>
                                <key>initProperty</key>
                                <dict>
                                    <key>pos_p</key>
                                    <array>
                                        <string>{0,0,55.27,-15}</string>
                                    </array>
                                    <key>tag</key>
                                    <string>0</string>
                                    <key>var</key>
                                    <string>lab_name</string>
                                    <key>createMethod</key>
                                    <string>1</string>
                                    <key>fontSize</key>
                                    <string>25</string>
                                    <key>wordString</key>
                                    <string>name</string>
                                    <key>color</key>
                                    <string>{0,0,0,255}</string>
                                </dict>
                            </dict>
                            <dict>
                                <key>type</key>
                                <string>LabelTTF</string>
                                <key>initProperty</key>
                                <dict>
                                    <key>pos_p</key>
                                    <array>
                                        <string>{0,0,54.81,13}</string>
                                    </array>
                                    <key>tag</key>
                                    <string>1</string>
                                    <key>var</key>
                                    <string>lab_type</string>
                                    <key>createMethod</key>
                                    <string>1</string>
                                    <key>wordString</key>
                                    <string>type</string>
                                    <key>color</key>
                                    <string>{118,3,4,255}</string>
                                </dict>
                            </dict>
                        </array>
                    </dict>
                    <dict>
                        <key>type</key>
                        <string>ColorLayer</string>
                        <key>initProperty</key>
                        <dict>
                            <key>pos_p</key>
                            <array>
                                <string>{0,0,480,412}</string>
                            </array>
                            <key>tag</key>
                            <string>0</string>
                            <key>var</key>
                            <string>light_back</string>
                            <key>color</key>
                            <string>{255,255,255,0}</string>
                            <key>size</key>
                            <string>{50,50}</string>
                        </dict>
                    </dict>
                </array>
            </dict>
            <dict>
                <key>type</key>
                <string>Sprite</string>
                <key>initProperty</key>
                <dict>
                    <key>pos_p</key>
                    <array>
                        <string>{0,4,351,520}</string>
                    </array>
                    <key>visible</key>
                    <string>0</string>
                    <key>tag</key>
                    <string>11</string>
                    <key>z</key>
                    <string>10</string>
                    <key>imageFile</key>
                    <string>npc-choose/renming1.png</string>
                </dict>
                <key>children</key>
                <array>
                    <dict>
                        <key>type</key>
                        <string>Sprite</string>
                        <key>initProperty</key>
                        <dict>
                            <key>pos_p</key>
                            <array>
                                <string>{0,0,249,0}</string>
                            </array>
                            <key>flipX</key>
                            <string>1</string>
                            <key>tag</key>
                            <string>11</string>
                            <key>imageFile</key>
                            <string>npc-choose/renming1.png</string>
                        </dict>
                    </dict>
                    <dict>
                        <key>type</key>
                        <string>Sprite</string>
                        <key>initProperty</key>
                        <dict>
                            <key>pos_p</key>
                            <array>
                                <string>{0,0,62,0}</string>
                            </array>
                            <key>tag</key>
                            <string>0</string>
                            <key>imageFile</key>
                            <string>npc-choose/renming2.png</string>
                        </dict>
                    </dict>
                    <dict>
                        <key>type</key>
                        <string>Sprite</string>
                        <key>initProperty</key>
                        <dict>
                            <key>pos_p</key>
                            <array>
                                <string>{0,0,124,0}</string>
                            </array>
                            <key>tag</key>
                            <string>1</string>
                            <key>imageFile</key>
                            <string>npc-choose/renming2.png</string>
                        </dict>
                    </dict>
                    <dict>
                        <key>type</key>
                        <string>Sprite</string>
                        <key>initProperty</key>
                        <dict>
                            <key>pos_p</key>
                            <array>
                                <string>{0,0,186,0}</string>
                            </array>
                            <key>tag</key>
                            <string>2</string>
                            <key>imageFile</key>
                            <string>npc-choose/renming2.png</string>
                        </dict>
                    </dict>
                    <dict>
                        <key>type</key>
                        <string>TextInput</string>
                        <key>initProperty</key>
                        <dict>
                            <key>pos_p</key>
                            <array>
                                <string>{0,0,136,0}</string>
                            </array>
                            <key>tag</key>
                            <string>0</string>
                            <key>var</key>
                            <string>lab_role_name</string>
                            <key>font</key>
                            <string></string>
                            <key>wordFile</key>
                            <string>inputWord.plist</string>
                            <key>wordKey</key>
                            <string>input_gamename</string>
                            <key>color</key>
                            <string>{0,0,0,255}</string>
                            <key>limitLength</key>
                            <string>17</string>
                        </dict>
                    </dict>
                </array>
            </dict>
            <dict>
                <key>type</key>
                <string>Layer</string>
                <key>initProperty</key>
                <dict>
                    <key>pos_p</key>
                    <array>
                        <string>{0,0,0,0}</string>
                    </array>
                    <key>tag</key>
                    <string>0</string>
                    <key>z</key>
                    <string>10</string>
                </dict>
                <key>children</key>
                <array>
                    <dict>
                        <key>type</key>
                        <string>Sprite</string>
                        <key>initProperty</key>
                        <dict>
                            <key>pos_p</key>
                            <array>
                                <string>{0,7,89,597}</string>
                            </array>
                            <key>scaleX</key>
                            <string>0.6</string>
                            <key>scaleY</key>
                            <string>0.6</string>
                            <key>scale</key>
                            <string>0.6</string>
                            <key>tag</key>
                            <string>0</string>
                            <key>imageFile</key>
                            <string>npc-choose/black2.png</string>
                            <key>color</key>
                            <string>{255,255,255,120}</string>
                        </dict>
                        <key>children</key>
                        <array>
                            <dict>
                                <key>type</key>
                                <string>Sprite</string>
                                <key>initProperty</key>
                                <dict>
                                    <key>pos_p</key>
                                    <array>
                                        <string>{0,0,0,0}</string>
                                    </array>
                                    <key>scaleX</key>
                                    <string>0.9</string>
                                    <key>scaleY</key>
                                    <string>0.9</string>
                                    <key>scale</key>
                                    <string>0.9</string>
                                    <key>tag</key>
                                    <string>1</string>
                                    <key>touchEnable</key>
                                    <string>1</string>
                                    <key>tapEffectType</key>
                                    <string>2</string>
                                    <key>var</key>
                                    <string>btn_server</string>
                                    <key>imageFile</key>
                                    <string>npc-choose/big-button2.png</string>
                                </dict>
                                <key>children</key>
                                <array>
                                    <dict>
                                        <key>type</key>
                                        <string>LabelTTF</string>
                                        <key>initProperty</key>
                                        <dict>
                                            <key>pos_p</key>
                                            <array>
                                                <string>{0,0,-6.54,-7.17}</string>
                                            </array>
                                            <key>tag</key>
                                            <string>0</string>
                                            <key>var</key>
                                            <string>lab_server</string>
                                            <key>createMethod</key>
                                            <string>1</string>
                                            <key>fontSize</key>
                                            <string>36</string>
                                            <key>wordString</key>
                                            <string>word</string>
                                            <key>color</key>
                                            <string>{0,0,0,255}</string>
                                        </dict>
                                    </dict>
                                </array>
                            </dict>
                        </array>
                    </dict>
                    <dict>
                        <key>type</key>
                        <string>Sprite</string>
                        <key>initProperty</key>
                        <dict>
                            <key>pos_p</key>
                            <array>
                                <string>{0,8,873,600}</string>
                            </array>
                            <key>scaleX</key>
                            <string>0.6</string>
                            <key>scaleY</key>
                            <string>0.6</string>
                            <key>scale</key>
                            <string>0.6</string>
                            <key>tag</key>
                            <string>0</string>
                            <key>imageFile</key>
                            <string>npc-choose/black2.png</string>
                            <key>color</key>
                            <string>{255,255,255,120}</string>
                        </dict>
                        <key>children</key>
                        <array>
                            <dict>
                                <key>type</key>
                                <string>Sprite</string>
                                <key>initProperty</key>
                                <dict>
                                    <key>pos_p</key>
                                    <array>
                                        <string>{0,0,0,0}</string>
                                    </array>
                                    <key>scaleX</key>
                                    <string>0.9</string>
                                    <key>scaleY</key>
                                    <string>0.9</string>
                                    <key>scale</key>
                                    <string>0.9</string>
                                    <key>tag</key>
                                    <string>1</string>
                                    <key>touchEnable</key>
                                    <string>1</string>
                                    <key>tapEffectType</key>
                                    <string>2</string>
                                    <key>var</key>
                                    <string>btn_login</string>
                                    <key>imageFile</key>
                                    <string>npc-choose/big-button2.png</string>
                                </dict>
                                <key>children</key>
                                <array>
                                    <dict>
                                        <key>type</key>
                                        <string>LabelTTF</string>
                                        <key>initProperty</key>
                                        <dict>
                                            <key>pos_p</key>
                                            <array>
                                                <string>{0,0,2.72,-7.17}</string>
                                            </array>
                                            <key>tag</key>
                                            <string>0</string>
                                            <key>var</key>
                                            <string>lab_login</string>
                                            <key>fontSize</key>
                                            <string>36</string>
                                            <key>wordFile</key>
                                            <string>btnWord.plist</string>
                                            <key>wordKey</key>
                                            <string>btn_login</string>
                                            <key>color</key>
                                            <string>{0,0,0,255}</string>
                                        </dict>
                                    </dict>
                                </array>
                            </dict>
                        </array>
                    </dict>
                    <dict>
                        <key>type</key>
                        <string>ColorLayer</string>
                        <key>initProperty</key>
                        <dict>
                            <key>pos_p</key>
                            <array>
                                <string>{0,4,479,478}</string>
                            </array>
                            <key>anchor</key>
                            <string>{0.5,0}</string>
                            <key>tag</key>
                            <string>1</string>
                            <key>var</key>
                            <string>light_pre</string>
                            <key>color</key>
                            <string>{255,255,255,0}</string>
                            <key>size</key>
                            <string>{50,50}</string>
                        </dict>
                    </dict>
                </array>
            </dict>
            <dict>
                <key>type</key>
                <string>ColorLayer</string>
                <key>initProperty</key>
                <dict>
                    <key>pos_p</key>
                    <array>
                        <string>{0,0,480,730}</string>
                    </array>
                    <key>anchor</key>
                    <string>{0,0.5}</string>
                    <key>tag</key>
                    <string>0</string>
                    <key>z</key>
                    <string>2</string>
                    <key>var</key>
                    <string>water_bg</string>
                    <key>color</key>
                    <string>{255,255,255,0}</string>
                    <key>size</key>
                    <string>{50,50}</string>
                </dict>
            </dict>
            <dict>
                <key>type</key>
                <string>Layer</string>
                <key>initProperty</key>
                <dict>
                    <key>pos_p</key>
                    <array>
                        <string>{0,0,0,0}</string>
                    </array>
                    <key>tag</key>
                    <string>1</string>
                </dict>
                <key>children</key>
                <array>
                    <dict>
                        <key>type</key>
                        <string>Sprite</string>
                        <key>initProperty</key>
                        <dict>
                            <key>pos_p</key>
                            <array>
                                <string>{0,0,480,290}</string>
                            </array>
                            <key>scaleX</key>
                            <string>2.8</string>
                            <key>scaleY</key>
                            <string>2.8</string>
                            <key>scale</key>
                            <string>2.8</string>
                            <key>tag</key>
                            <string>0</string>
                            <key>var</key>
                            <string>light_up</string>
                            <key>imageFile</key>
                            <string>npc-choose/light4.png</string>
                        </dict>
                    </dict>
                </array>
            </dict>
            <dict>
                <key>type</key>
                <string>Layer</string>
                <key>initProperty</key>
                <dict>
                    <key>pos_p</key>
                    <array>
                        <string>{0,0,0,0}</string>
                    </array>
                    <key>tag</key>
                    <string>0</string>
                    <key>z</key>
                    <string>10</string>
                </dict>
                <key>children</key>
                <array>
                    <dict>
                        <key>type</key>
                        <string>Sprite</string>
                        <key>initProperty</key>
                        <dict>
                            <key>pos_p</key>
                            <array>
                                <string>{0,0,640,516}</string>
                            </array>
                            <key>tag</key>
                            <string>3</string>
                            <key>z</key>
                            <string>1</string>
                            <key>touchEnable</key>
                            <string>1</string>
                            <key>touchTag</key>
                            <string>-1</string>
                            <key>tapEffectType</key>
                            <string>1</string>
                            <key>var</key>
                            <string>btn_ran_name</string>
                            <key>imageFile</key>
                            <string>npc-choose/saizi.png</string>
                        </dict>
                    </dict>
                    <dict>
                        <key>type</key>
                        <string>ColorLayer</string>
                        <key>initProperty</key>
                        <dict>
                            <key>pos_p</key>
                            <array>
                                <string>{0,0,471,519}</string>
                            </array>
                            <key>tag</key>
                            <string>0</string>
                            <key>var</key>
                            <string>input_bg</string>
                            <key>color</key>
                            <string>{255,255,255,0}</string>
                            <key>size</key>
                            <string>{300,60}</string>
                        </dict>
                    </dict>
                    <dict>
                        <key>type</key>
                        <string>Sprite</string>
                        <key>initProperty</key>
                        <dict>
                            <key>pos_p</key>
                            <array>
                                <string>{0,0,480,592}</string>
                            </array>
                            <key>scaleX</key>
                            <string>0.65</string>
                            <key>scaleY</key>
                            <string>0.65</string>
                            <key>scale</key>
                            <string>0.65</string>
                            <key>tag</key>
                            <string>0</string>
                            <key>z</key>
                            <string>-3</string>
                            <key>imageFile</key>
                            <string>npc-choose/black2.png</string>
                            <key>color</key>
                            <string>{255,255,255,120}</string>
                        </dict>
                    </dict>
                    <dict>
                        <key>type</key>
                        <string>Sprite</string>
                        <key>initProperty</key>
                        <dict>
                            <key>pos_p</key>
                            <array>
                                <string>{0,0,480,592}</string>
                            </array>
                            <key>scaleX</key>
                            <string>0.7</string>
                            <key>scaleY</key>
                            <string>0.7</string>
                            <key>scale</key>
                            <string>0.7</string>
                            <key>tag</key>
                            <string>4</string>
                            <key>touchEnable</key>
                            <string>1</string>
                            <key>touchTag</key>
                            <string>-1</string>
                            <key>tapEffectType</key>
                            <string>2</string>
                            <key>var</key>
                            <string>btn_create</string>
                            <key>imageFile</key>
                            <string>npc-choose/big-button2.png</string>
                        </dict>
                        <key>children</key>
                        <array>
                            <dict>
                                <key>type</key>
                                <string>LabelTTF</string>
                                <key>initProperty</key>
                                <dict>
                                    <key>pos_p</key>
                                    <array>
                                        <string>{0,0,2.93,-5.43}</string>
                                    </array>
                                    <key>tag</key>
                                    <string>0</string>
                                    <key>fontSize</key>
                                    <string>30</string>
                                    <key>wordFile</key>
                                    <string>btnWord.plist</string>
                                    <key>wordKey</key>
                                    <string>btn_createRole</string>
                                    <key>color</key>
                                    <string>{0,0,0,255}</string>
                                </dict>
                            </dict>
                        </array>
                    </dict>
                </array>
            </dict>
        </array>
    </dict>
    <key>images</key>
    <string>npc-choose/sky-2.png,npc-choose/chaos.png,npc-choose/npc-di1.png,npc-choose/light6.png,npc-choose/light222.png,npc-choose/light3.png,npc-choose/renming1.png,npc-choose/renming2.png,npc-choose/black2.png,npc-choose/big-button2.png,npc-choose/light4.png,npc-choose/saizi.png</string>
</dict>
