<?xml version="1.0" encoding="UTF-8"?>
<dict>
    <key>mapInfo</key>
    <dict>
        <key>mapName</key>
        <string>mapName</string>
        <key>mapSize</key>
        <string>{100,100}</string>
        <key>backgroundColor</key>
        <string>{128,128,128,255}</string>
        <key>gridInfo</key>
        <string>{960,80,1,1}</string>
    </dict>
    <key>nodeGraph</key>
    <dict>
        <key>type</key>
        <string>Layer</string>
        <key>children</key>
        <array>
            <dict>
                <key>type</key>
                <string>Sprite</string>
                <key>initProperty</key>
                <dict>
                    <key>pos</key>
                    <string>{12,65}</string>
                    <key>anchor</key>
                    <string>{0,0}</string>
                    <key>tag</key>
                    <string>0</string>
                    <key>imageFile</key>
                    <string>xiulian/x-1.png</string>
                </dict>
                <key>children</key>
                <array>
                    <dict>
                        <key>type</key>
                        <string>Sprite</string>
                        <key>initProperty</key>
                        <dict>
                            <key>pos</key>
                            <string>{35,0}</string>
                            <key>anchor</key>
                            <string>{0,0}</string>
                            <key>tag</key>
                            <string>0</string>
                            <key>imageFile</key>
                            <string>xiulian/x-2.png</string>
                        </dict>
                    </dict>
                    <dict>
                        <key>type</key>
                        <string>Sprite</string>
                        <key>initProperty</key>
                        <dict>
                            <key>pos</key>
                            <string>{77,0}</string>
                            <key>anchor</key>
                            <string>{0,0}</string>
                            <key>flipX</key>
                            <string>1</string>
                            <key>tag</key>
                            <string>1</string>
                            <key>imageFile</key>
                            <string>xiulian/x-1.png</string>
                        </dict>
                    </dict>
                    <dict>
                        <key>type</key>
                        <string>Sprite</string>
                        <key>initProperty</key>
                        <dict>
                            <key>pos</key>
                            <string>{20,-23}</string>
                            <key>tag</key>
                            <string>2</string>
                            <key>var</key>
                            <string>flag_lock</string>
                            <key>imageFile</key>
                            <string>ui-zhuzao/suo.png</string>
                        </dict>
                    </dict>
                </array>
            </dict>
        </array>
    </dict>
    <key>images</key>
    <string>xiulian/x-1.png,xiulian/x-2.png,ui-zhuzao/suo.png</string>
</dict>
