<?xml version="1.0" encoding="UTF-8"?>
<dict>
    <key>mapInfo</key>
    <dict>
        <key>mapName</key>
        <string>mapName</string>
        <key>mapSize</key>
        <string>{100,100}</string>
        <key>backgroundColor</key>
        <string>{13,96,126,255}</string>
        <key>gridInfo</key>
        <string>{960,640,1,1}</string>
    </dict>
    <key>nodeGraph</key>
    <dict>
        <key>type</key>
        <string>Layer</string>
        <key>initProperty</key>
        <dict>
            <key>pos_p</key>
            <array>
                <string>{0,0,0,0}</string>
            </array>
        </dict>
        <key>children</key>
        <array>
            <dict>
                <key>type</key>
                <string>Layer</string>
                <key>initProperty</key>
                <dict>
                    <key>pos_p</key>
                    <array>
                        <string>{0,0,0,0}</string>
                    </array>
                    <key>tag</key>
                    <string>2</string>
                    <key>var</key>
                    <string>layer_bg</string>
                </dict>
                <key>children</key>
                <array>
                    <dict>
                        <key>type</key>
                        <string>Sprite</string>
                        <key>initProperty</key>
                        <dict>
                            <key>pos_p</key>
                            <array>
                                <string>{0,5,99,106}</string>
                            </array>
                            <key>tag</key>
                            <string>0</string>
                            <key>z</key>
                            <string>5</string>
                            <key>imageFile</key>
                            <string>world-vs/s-jiao.png</string>
                        </dict>
                    </dict>
                    <dict>
                        <key>type</key>
                        <string>Sprite</string>
                        <key>initProperty</key>
                        <dict>
                            <key>pos_p</key>
                            <array>
                                <string>{0,6,863,106}</string>
                            </array>
                            <key>flipX</key>
                            <string>1</string>
                            <key>tag</key>
                            <string>1</string>
                            <key>z</key>
                            <string>5</string>
                            <key>imageFile</key>
                            <string>world-vs/s-jiao.png</string>
                        </dict>
                    </dict>
                    <dict>
                        <key>type</key>
                        <string>Sprite</string>
                        <key>initProperty</key>
                        <dict>
                            <key>pos_p</key>
                            <array>
                                <string>{0,7,99,536}</string>
                            </array>
                            <key>flipY</key>
                            <string>1</string>
                            <key>tag</key>
                            <string>2</string>
                            <key>z</key>
                            <string>5</string>
                            <key>imageFile</key>
                            <string>world-vs/s-jiao.png</string>
                        </dict>
                    </dict>
                    <dict>
                        <key>type</key>
                        <string>Sprite</string>
                        <key>initProperty</key>
                        <dict>
                            <key>pos_p</key>
                            <array>
                                <string>{0,8,864,536}</string>
                            </array>
                            <key>flipX</key>
                            <string>1</string>
                            <key>flipY</key>
                            <string>1</string>
                            <key>tag</key>
                            <string>3</string>
                            <key>z</key>
                            <string>5</string>
                            <key>imageFile</key>
                            <string>world-vs/s-jiao.png</string>
                        </dict>
                    </dict>
                    <dict>
                        <key>type</key>
                        <string>ColorLayer</string>
                        <key>initProperty</key>
                        <dict>
                            <key>pos_p</key>
                            <array>
                                <string>{0,0,480,320}</string>
                            </array>
                            <key>tag</key>
                            <string>0</string>
                            <key>color</key>
                            <string>{11,77,108,255}</string>
                            <key>size</key>
                            <string>{1136,768}</string>
                            <key>fullScreen</key>
                            <string>1</string>
                        </dict>
                    </dict>
                    <dict>
                        <key>type</key>
                        <string>ColorLayer</string>
                        <key>initProperty</key>
                        <dict>
                            <key>pos_p</key>
                            <array>
                                <string>{0,0,0,50}</string>
                            </array>
                            <key>anchor</key>
                            <string>{0,0}</string>
                            <key>tag</key>
                            <string>1</string>
                            <key>var</key>
                            <string>layer_map0</string>
                            <key>color</key>
                            <string>{255,255,255,0}</string>
                            <key>size</key>
                            <string>{50,50}</string>
                        </dict>
                        <key>children</key>
                        <array>
                            <dict>
                                <key>type</key>
                                <string>Sprite</string>
                                <key>initProperty</key>
                                <dict>
                                    <key>pos_p</key>
                                    <array>
                                        <string>{0,0,480,320}</string>
                                    </array>
                                    <key>scaleX</key>
                                    <string>1.9</string>
                                    <key>scaleY</key>
                                    <string>1.9</string>
                                    <key>scale</key>
                                    <string>1.9</string>
                                    <key>tag</key>
                                    <string>0</string>
                                    <key>z</key>
                                    <string>1</string>
                                    <key>imageFile</key>
                                    <string>world-vs/s-map.png</string>
                                </dict>
                                <key>children</key>
                                <array>
                                    <dict>
                                        <key>type</key>
                                        <string>Sprite</string>
                                        <key>initProperty</key>
                                        <dict>
                                            <key>pos_p</key>
                                            <array>
                                                <string>{0,0,176,115}</string>
                                            </array>
                                            <key>scaleX</key>
                                            <string>0.5</string>
                                            <key>scaleY</key>
                                            <string>0.5</string>
                                            <key>scale</key>
                                            <string>0.5</string>
                                            <key>tag</key>
                                            <string>4</string>
                                            <key>imageFile</key>
                                            <string>world-vs/s-quan.png</string>
                                        </dict>
                                        <key>actions</key>
                                        <array>
                                            <string>FadeTo(2,128)</string>
                                            <string>FadeTo(2,255)</string>
                                            <string>Sequence(Item 0,Item 1)</string>
                                            <string>RepeatForever(Item 2)</string>
                                        </array>
                                        <key>runAction</key>
                                        <string>Item 3</string>
                                    </dict>
                                    <dict>
                                        <key>type</key>
                                        <string>Sprite</string>
                                        <key>initProperty</key>
                                        <dict>
                                            <key>pos_p</key>
                                            <array>
                                                <string>{0,0,205,-42}</string>
                                            </array>
                                            <key>scaleX</key>
                                            <string>0.5</string>
                                            <key>scaleY</key>
                                            <string>0.5</string>
                                            <key>scale</key>
                                            <string>0.5</string>
                                            <key>tag</key>
                                            <string>4</string>
                                            <key>imageFile</key>
                                            <string>world-vs/s-quan.png</string>
                                        </dict>
                                        <key>actions</key>
                                        <array>
                                            <string>FadeTo(2,128)</string>
                                            <string>FadeTo(2,255)</string>
                                            <string>Sequence(Item 0,Item 1)</string>
                                            <string>RepeatForever(Item 2)</string>
                                        </array>
                                        <key>runAction</key>
                                        <string>Item 3</string>
                                    </dict>
                                    <dict>
                                        <key>type</key>
                                        <string>Sprite</string>
                                        <key>initProperty</key>
                                        <dict>
                                            <key>pos_p</key>
                                            <array>
                                                <string>{0,0,46,-29}</string>
                                            </array>
                                            <key>scaleX</key>
                                            <string>0.5</string>
                                            <key>scaleY</key>
                                            <string>0.5</string>
                                            <key>scale</key>
                                            <string>0.5</string>
                                            <key>tag</key>
                                            <string>4</string>
                                            <key>imageFile</key>
                                            <string>world-vs/s-quan.png</string>
                                        </dict>
                                        <key>actions</key>
                                        <array>
                                            <string>FadeTo(2,128)</string>
                                            <string>FadeTo(2,255)</string>
                                            <string>Sequence(Item 0,Item 1)</string>
                                            <string>RepeatForever(Item 2)</string>
                                        </array>
                                        <key>runAction</key>
                                        <string>Item 3</string>
                                    </dict>
                                    <dict>
                                        <key>type</key>
                                        <string>Sprite</string>
                                        <key>initProperty</key>
                                        <dict>
                                            <key>pos_p</key>
                                            <array>
                                                <string>{0,0,46,86}</string>
                                            </array>
                                            <key>scaleX</key>
                                            <string>0.5</string>
                                            <key>scaleY</key>
                                            <string>0.5</string>
                                            <key>scale</key>
                                            <string>0.5</string>
                                            <key>tag</key>
                                            <string>4</string>
                                            <key>imageFile</key>
                                            <string>world-vs/s-quan.png</string>
                                        </dict>
                                        <key>actions</key>
                                        <array>
                                            <string>FadeTo(2,128)</string>
                                            <string>FadeTo(2,255)</string>
                                            <string>Sequence(Item 0,Item 1)</string>
                                            <string>RepeatForever(Item 2)</string>
                                        </array>
                                        <key>runAction</key>
                                        <string>Item 3</string>
                                    </dict>
                                    <dict>
                                        <key>type</key>
                                        <string>Sprite</string>
                                        <key>initProperty</key>
                                        <dict>
                                            <key>pos_p</key>
                                            <array>
                                                <string>{0,0,-120,-127}</string>
                                            </array>
                                            <key>scaleX</key>
                                            <string>0.5</string>
                                            <key>scaleY</key>
                                            <string>0.5</string>
                                            <key>scale</key>
                                            <string>0.5</string>
                                            <key>tag</key>
                                            <string>4</string>
                                            <key>imageFile</key>
                                            <string>world-vs/s-quan.png</string>
                                        </dict>
                                        <key>actions</key>
                                        <array>
                                            <string>FadeTo(2,128)</string>
                                            <string>FadeTo(2,255)</string>
                                            <string>Sequence(Item 0,Item 1)</string>
                                            <string>RepeatForever(Item 2)</string>
                                        </array>
                                        <key>runAction</key>
                                        <string>Item 3</string>
                                    </dict>
                                    <dict>
                                        <key>type</key>
                                        <string>Sprite</string>
                                        <key>initProperty</key>
                                        <dict>
                                            <key>pos_p</key>
                                            <array>
                                                <string>{0,0,-220,-27}</string>
                                            </array>
                                            <key>scaleX</key>
                                            <string>0.5</string>
                                            <key>scaleY</key>
                                            <string>0.5</string>
                                            <key>scale</key>
                                            <string>0.5</string>
                                            <key>tag</key>
                                            <string>4</string>
                                            <key>imageFile</key>
                                            <string>world-vs/s-quan.png</string>
                                        </dict>
                                        <key>actions</key>
                                        <array>
                                            <string>FadeTo(2,128)</string>
                                            <string>FadeTo(2,255)</string>
                                            <string>Sequence(Item 0,Item 1)</string>
                                            <string>RepeatForever(Item 2)</string>
                                        </array>
                                        <key>runAction</key>
                                        <string>Item 3</string>
                                    </dict>
                                    <dict>
                                        <key>type</key>
                                        <string>Sprite</string>
                                        <key>initProperty</key>
                                        <dict>
                                            <key>pos_p</key>
                                            <array>
                                                <string>{0,0,-135,31}</string>
                                            </array>
                                            <key>scaleX</key>
                                            <string>0.5</string>
                                            <key>scaleY</key>
                                            <string>0.5</string>
                                            <key>scale</key>
                                            <string>0.5</string>
                                            <key>tag</key>
                                            <string>4</string>
                                            <key>imageFile</key>
                                            <string>world-vs/s-quan.png</string>
                                        </dict>
                                        <key>actions</key>
                                        <array>
                                            <string>FadeTo(2,128)</string>
                                            <string>FadeTo(2,255)</string>
                                            <string>Sequence(Item 0,Item 1)</string>
                                            <string>RepeatForever(Item 2)</string>
                                        </array>
                                        <key>runAction</key>
                                        <string>Item 3</string>
                                    </dict>
                                    <dict>
                                        <key>type</key>
                                        <string>Sprite</string>
                                        <key>initProperty</key>
                                        <dict>
                                            <key>pos_p</key>
                                            <array>
                                                <string>{0,0,-134,-116}</string>
                                            </array>
                                            <key>scaleX</key>
                                            <string>0.5</string>
                                            <key>scaleY</key>
                                            <string>0.5</string>
                                            <key>scale</key>
                                            <string>0.5</string>
                                            <key>tag</key>
                                            <string>4</string>
                                            <key>imageFile</key>
                                            <string>world-vs/s-quan.png</string>
                                        </dict>
                                        <key>actions</key>
                                        <array>
                                            <string>FadeTo(2,128)</string>
                                            <string>FadeTo(2,255)</string>
                                            <string>Sequence(Item 0,Item 1)</string>
                                            <string>RepeatForever(Item 2)</string>
                                        </array>
                                        <key>runAction</key>
                                        <string>Item 3</string>
                                    </dict>
                                    <dict>
                                        <key>type</key>
                                        <string>Sprite</string>
                                        <key>initProperty</key>
                                        <dict>
                                            <key>pos_p</key>
                                            <array>
                                                <string>{0,0,133,33}</string>
                                            </array>
                                            <key>scaleX</key>
                                            <string>0.5</string>
                                            <key>scaleY</key>
                                            <string>0.5</string>
                                            <key>scale</key>
                                            <string>0.5</string>
                                            <key>tag</key>
                                            <string>4</string>
                                            <key>imageFile</key>
                                            <string>world-vs/s-quan.png</string>
                                        </dict>
                                        <key>actions</key>
                                        <array>
                                            <string>FadeTo(2,128)</string>
                                            <string>FadeTo(2,255)</string>
                                            <string>Sequence(Item 0,Item 1)</string>
                                            <string>RepeatForever(Item 2)</string>
                                        </array>
                                        <key>runAction</key>
                                        <string>Item 3</string>
                                    </dict>
                                    <dict>
                                        <key>type</key>
                                        <string>Sprite</string>
                                        <key>initProperty</key>
                                        <dict>
                                            <key>pos_p</key>
                                            <array>
                                                <string>{0,0,-118,136}</string>
                                            </array>
                                            <key>scaleX</key>
                                            <string>0.5</string>
                                            <key>scaleY</key>
                                            <string>0.5</string>
                                            <key>scale</key>
                                            <string>0.5</string>
                                            <key>tag</key>
                                            <string>4</string>
                                            <key>imageFile</key>
                                            <string>world-vs/s-quan.png</string>
                                        </dict>
                                        <key>actions</key>
                                        <array>
                                            <string>FadeTo(2,128)</string>
                                            <string>FadeTo(2,255)</string>
                                            <string>Sequence(Item 0,Item 1)</string>
                                            <string>RepeatForever(Item 2)</string>
                                        </array>
                                        <key>runAction</key>
                                        <string>Item 3</string>
                                    </dict>
                                    <dict>
                                        <key>type</key>
                                        <string>Sprite</string>
                                        <key>initProperty</key>
                                        <dict>
                                            <key>pos_p</key>
                                            <array>
                                                <string>{0,0,163,-82}</string>
                                            </array>
                                            <key>scaleX</key>
                                            <string>0.5</string>
                                            <key>scaleY</key>
                                            <string>0.5</string>
                                            <key>scale</key>
                                            <string>0.5</string>
                                            <key>tag</key>
                                            <string>4</string>
                                            <key>imageFile</key>
                                            <string>world-vs/s-quan.png</string>
                                        </dict>
                                        <key>actions</key>
                                        <array>
                                            <string>FadeTo(2,128)</string>
                                            <string>FadeTo(2,255)</string>
                                            <string>Sequence(Item 0,Item 1)</string>
                                            <string>RepeatForever(Item 2)</string>
                                        </array>
                                        <key>runAction</key>
                                        <string>Item 3</string>
                                    </dict>
                                    <dict>
                                        <key>type</key>
                                        <string>Sprite</string>
                                        <key>initProperty</key>
                                        <dict>
                                            <key>pos_p</key>
                                            <array>
                                                <string>{0,0,151,17}</string>
                                            </array>
                                            <key>scaleX</key>
                                            <string>0.5</string>
                                            <key>scaleY</key>
                                            <string>0.5</string>
                                            <key>scale</key>
                                            <string>0.5</string>
                                            <key>tag</key>
                                            <string>4</string>
                                            <key>imageFile</key>
                                            <string>world-vs/s-quan.png</string>
                                        </dict>
                                        <key>actions</key>
                                        <array>
                                            <string>FadeTo(2,128)</string>
                                            <string>FadeTo(2,255)</string>
                                            <string>Sequence(Item 0,Item 1)</string>
                                            <string>RepeatForever(Item 2)</string>
                                        </array>
                                        <key>runAction</key>
                                        <string>Item 3</string>
                                    </dict>
                                    <dict>
                                        <key>type</key>
                                        <string>Sprite</string>
                                        <key>initProperty</key>
                                        <dict>
                                            <key>pos_p</key>
                                            <array>
                                                <string>{0,0,86,28}</string>
                                            </array>
                                            <key>scaleX</key>
                                            <string>0.5</string>
                                            <key>scaleY</key>
                                            <string>0.5</string>
                                            <key>scale</key>
                                            <string>0.5</string>
                                            <key>tag</key>
                                            <string>4</string>
                                            <key>imageFile</key>
                                            <string>world-vs/s-quan.png</string>
                                        </dict>
                                        <key>actions</key>
                                        <array>
                                            <string>FadeTo(2,128)</string>
                                            <string>FadeTo(2,255)</string>
                                            <string>Sequence(Item 0,Item 1)</string>
                                            <string>RepeatForever(Item 2)</string>
                                        </array>
                                        <key>runAction</key>
                                        <string>Item 3</string>
                                    </dict>
                                    <dict>
                                        <key>type</key>
                                        <string>Sprite</string>
                                        <key>initProperty</key>
                                        <dict>
                                            <key>pos_p</key>
                                            <array>
                                                <string>{0,0,71,-97}</string>
                                            </array>
                                            <key>scaleX</key>
                                            <string>0.5</string>
                                            <key>scaleY</key>
                                            <string>0.5</string>
                                            <key>scale</key>
                                            <string>0.5</string>
                                            <key>tag</key>
                                            <string>4</string>
                                            <key>imageFile</key>
                                            <string>world-vs/s-quan.png</string>
                                        </dict>
                                        <key>actions</key>
                                        <array>
                                            <string>FadeTo(2,128)</string>
                                            <string>FadeTo(2,255)</string>
                                            <string>Sequence(Item 0,Item 1)</string>
                                            <string>RepeatForever(Item 2)</string>
                                        </array>
                                        <key>runAction</key>
                                        <string>Item 3</string>
                                    </dict>
                                </array>
                            </dict>
                        </array>
                    </dict>
                    <dict>
                        <key>type</key>
                        <string>ColorLayer</string>
                        <key>initProperty</key>
                        <dict>
                            <key>pos_p</key>
                            <array>
                                <string>{0,0,1136,50}</string>
                            </array>
                            <key>anchor</key>
                            <string>{0,0}</string>
                            <key>tag</key>
                            <string>1</string>
                            <key>var</key>
                            <string>layer_map1</string>
                            <key>color</key>
                            <string>{255,255,255,0}</string>
                            <key>size</key>
                            <string>{50,50}</string>
                        </dict>
                        <key>children</key>
                        <array>
                            <dict>
                                <key>type</key>
                                <string>Sprite</string>
                                <key>initProperty</key>
                                <dict>
                                    <key>pos_p</key>
                                    <array>
                                        <string>{0,0,480,320}</string>
                                    </array>
                                    <key>scaleX</key>
                                    <string>1.9</string>
                                    <key>scaleY</key>
                                    <string>1.9</string>
                                    <key>scale</key>
                                    <string>1.9</string>
                                    <key>tag</key>
                                    <string>0</string>
                                    <key>z</key>
                                    <string>1</string>
                                    <key>imageFile</key>
                                    <string>world-vs/s-map.png</string>
                                </dict>
                                <key>children</key>
                                <array>
                                    <dict>
                                        <key>type</key>
                                        <string>Sprite</string>
                                        <key>initProperty</key>
                                        <dict>
                                            <key>pos_p</key>
                                            <array>
                                                <string>{0,0,176,115}</string>
                                            </array>
                                            <key>scaleX</key>
                                            <string>0.5</string>
                                            <key>scaleY</key>
                                            <string>0.5</string>
                                            <key>scale</key>
                                            <string>0.5</string>
                                            <key>tag</key>
                                            <string>4</string>
                                            <key>imageFile</key>
                                            <string>world-vs/s-quan.png</string>
                                        </dict>
                                        <key>actions</key>
                                        <array>
                                            <string>FadeTo(2,128)</string>
                                            <string>RepeatForever(Item 0)</string>
                                        </array>
                                        <key>runAction</key>
                                        <string>Item 1</string>
                                    </dict>
                                    <dict>
                                        <key>type</key>
                                        <string>Sprite</string>
                                        <key>initProperty</key>
                                        <dict>
                                            <key>pos_p</key>
                                            <array>
                                                <string>{0,0,205,-42}</string>
                                            </array>
                                            <key>scaleX</key>
                                            <string>0.5</string>
                                            <key>scaleY</key>
                                            <string>0.5</string>
                                            <key>scale</key>
                                            <string>0.5</string>
                                            <key>tag</key>
                                            <string>4</string>
                                            <key>imageFile</key>
                                            <string>world-vs/s-quan.png</string>
                                        </dict>
                                        <key>actions</key>
                                        <array>
                                            <string>FadeTo(2,128)</string>
                                            <string>RepeatForever(Item 0)</string>
                                        </array>
                                        <key>runAction</key>
                                        <string>Item 1</string>
                                    </dict>
                                    <dict>
                                        <key>type</key>
                                        <string>Sprite</string>
                                        <key>initProperty</key>
                                        <dict>
                                            <key>pos_p</key>
                                            <array>
                                                <string>{0,0,46,-29}</string>
                                            </array>
                                            <key>scaleX</key>
                                            <string>0.5</string>
                                            <key>scaleY</key>
                                            <string>0.5</string>
                                            <key>scale</key>
                                            <string>0.5</string>
                                            <key>tag</key>
                                            <string>4</string>
                                            <key>imageFile</key>
                                            <string>world-vs/s-quan.png</string>
                                        </dict>
                                        <key>actions</key>
                                        <array>
                                            <string>FadeTo(2,128)</string>
                                            <string>RepeatForever(Item 0)</string>
                                        </array>
                                        <key>runAction</key>
                                        <string>Item 1</string>
                                    </dict>
                                    <dict>
                                        <key>type</key>
                                        <string>Sprite</string>
                                        <key>initProperty</key>
                                        <dict>
                                            <key>pos_p</key>
                                            <array>
                                                <string>{0,0,46,86}</string>
                                            </array>
                                            <key>scaleX</key>
                                            <string>0.5</string>
                                            <key>scaleY</key>
                                            <string>0.5</string>
                                            <key>scale</key>
                                            <string>0.5</string>
                                            <key>tag</key>
                                            <string>4</string>
                                            <key>imageFile</key>
                                            <string>world-vs/s-quan.png</string>
                                        </dict>
                                        <key>actions</key>
                                        <array>
                                            <string>FadeTo(2,128)</string>
                                            <string>RepeatForever(Item 0)</string>
                                        </array>
                                        <key>runAction</key>
                                        <string>Item 1</string>
                                    </dict>
                                    <dict>
                                        <key>type</key>
                                        <string>Sprite</string>
                                        <key>initProperty</key>
                                        <dict>
                                            <key>pos_p</key>
                                            <array>
                                                <string>{0,0,-120,-127}</string>
                                            </array>
                                            <key>scaleX</key>
                                            <string>0.5</string>
                                            <key>scaleY</key>
                                            <string>0.5</string>
                                            <key>scale</key>
                                            <string>0.5</string>
                                            <key>tag</key>
                                            <string>4</string>
                                            <key>imageFile</key>
                                            <string>world-vs/s-quan.png</string>
                                        </dict>
                                        <key>actions</key>
                                        <array>
                                            <string>FadeTo(2,128)</string>
                                            <string>RepeatForever(Item 0)</string>
                                        </array>
                                        <key>runAction</key>
                                        <string>Item 1</string>
                                    </dict>
                                    <dict>
                                        <key>type</key>
                                        <string>Sprite</string>
                                        <key>initProperty</key>
                                        <dict>
                                            <key>pos_p</key>
                                            <array>
                                                <string>{0,0,-220,-27}</string>
                                            </array>
                                            <key>scaleX</key>
                                            <string>0.5</string>
                                            <key>scaleY</key>
                                            <string>0.5</string>
                                            <key>scale</key>
                                            <string>0.5</string>
                                            <key>tag</key>
                                            <string>4</string>
                                            <key>imageFile</key>
                                            <string>world-vs/s-quan.png</string>
                                        </dict>
                                        <key>actions</key>
                                        <array>
                                            <string>FadeTo(2,128)</string>
                                            <string>RepeatForever(Item 0)</string>
                                        </array>
                                        <key>runAction</key>
                                        <string>Item 1</string>
                                    </dict>
                                    <dict>
                                        <key>type</key>
                                        <string>Sprite</string>
                                        <key>initProperty</key>
                                        <dict>
                                            <key>pos_p</key>
                                            <array>
                                                <string>{0,0,-135,31}</string>
                                            </array>
                                            <key>scaleX</key>
                                            <string>0.5</string>
                                            <key>scaleY</key>
                                            <string>0.5</string>
                                            <key>scale</key>
                                            <string>0.5</string>
                                            <key>tag</key>
                                            <string>4</string>
                                            <key>imageFile</key>
                                            <string>world-vs/s-quan.png</string>
                                        </dict>
                                        <key>actions</key>
                                        <array>
                                            <string>FadeTo(2,128)</string>
                                            <string>RepeatForever(Item 0)</string>
                                        </array>
                                        <key>runAction</key>
                                        <string>Item 1</string>
                                    </dict>
                                    <dict>
                                        <key>type</key>
                                        <string>Sprite</string>
                                        <key>initProperty</key>
                                        <dict>
                                            <key>pos_p</key>
                                            <array>
                                                <string>{0,0,-134,-116}</string>
                                            </array>
                                            <key>scaleX</key>
                                            <string>0.5</string>
                                            <key>scaleY</key>
                                            <string>0.5</string>
                                            <key>scale</key>
                                            <string>0.5</string>
                                            <key>tag</key>
                                            <string>4</string>
                                            <key>imageFile</key>
                                            <string>world-vs/s-quan.png</string>
                                        </dict>
                                        <key>actions</key>
                                        <array>
                                            <string>FadeTo(2,128)</string>
                                            <string>RepeatForever(Item 0)</string>
                                        </array>
                                        <key>runAction</key>
                                        <string>Item 1</string>
                                    </dict>
                                    <dict>
                                        <key>type</key>
                                        <string>Sprite</string>
                                        <key>initProperty</key>
                                        <dict>
                                            <key>pos_p</key>
                                            <array>
                                                <string>{0,0,133,33}</string>
                                            </array>
                                            <key>scaleX</key>
                                            <string>0.5</string>
                                            <key>scaleY</key>
                                            <string>0.5</string>
                                            <key>scale</key>
                                            <string>0.5</string>
                                            <key>tag</key>
                                            <string>4</string>
                                            <key>imageFile</key>
                                            <string>world-vs/s-quan.png</string>
                                        </dict>
                                        <key>actions</key>
                                        <array>
                                            <string>FadeTo(2,128)</string>
                                            <string>RepeatForever(Item 0)</string>
                                        </array>
                                        <key>runAction</key>
                                        <string>Item 1</string>
                                    </dict>
                                    <dict>
                                        <key>type</key>
                                        <string>Sprite</string>
                                        <key>initProperty</key>
                                        <dict>
                                            <key>pos_p</key>
                                            <array>
                                                <string>{0,0,-118,136}</string>
                                            </array>
                                            <key>scaleX</key>
                                            <string>0.5</string>
                                            <key>scaleY</key>
                                            <string>0.5</string>
                                            <key>scale</key>
                                            <string>0.5</string>
                                            <key>tag</key>
                                            <string>4</string>
                                            <key>imageFile</key>
                                            <string>world-vs/s-quan.png</string>
                                        </dict>
                                        <key>actions</key>
                                        <array>
                                            <string>FadeTo(2,128)</string>
                                            <string>RepeatForever(Item 0)</string>
                                        </array>
                                        <key>runAction</key>
                                        <string>Item 1</string>
                                    </dict>
                                    <dict>
                                        <key>type</key>
                                        <string>Sprite</string>
                                        <key>initProperty</key>
                                        <dict>
                                            <key>pos_p</key>
                                            <array>
                                                <string>{0,0,163,-82}</string>
                                            </array>
                                            <key>scaleX</key>
                                            <string>0.5</string>
                                            <key>scaleY</key>
                                            <string>0.5</string>
                                            <key>scale</key>
                                            <string>0.5</string>
                                            <key>tag</key>
                                            <string>4</string>
                                            <key>imageFile</key>
                                            <string>world-vs/s-quan.png</string>
                                        </dict>
                                        <key>actions</key>
                                        <array>
                                            <string>FadeTo(2,128)</string>
                                            <string>RepeatForever(Item 0)</string>
                                        </array>
                                        <key>runAction</key>
                                        <string>Item 1</string>
                                    </dict>
                                    <dict>
                                        <key>type</key>
                                        <string>Sprite</string>
                                        <key>initProperty</key>
                                        <dict>
                                            <key>pos_p</key>
                                            <array>
                                                <string>{0,0,151,17}</string>
                                            </array>
                                            <key>scaleX</key>
                                            <string>0.5</string>
                                            <key>scaleY</key>
                                            <string>0.5</string>
                                            <key>scale</key>
                                            <string>0.5</string>
                                            <key>tag</key>
                                            <string>4</string>
                                            <key>imageFile</key>
                                            <string>world-vs/s-quan.png</string>
                                        </dict>
                                        <key>actions</key>
                                        <array>
                                            <string>FadeTo(2,128)</string>
                                            <string>RepeatForever(Item 0)</string>
                                        </array>
                                        <key>runAction</key>
                                        <string>Item 1</string>
                                    </dict>
                                    <dict>
                                        <key>type</key>
                                        <string>Sprite</string>
                                        <key>initProperty</key>
                                        <dict>
                                            <key>pos_p</key>
                                            <array>
                                                <string>{0,0,86,28}</string>
                                            </array>
                                            <key>scaleX</key>
                                            <string>0.5</string>
                                            <key>scaleY</key>
                                            <string>0.5</string>
                                            <key>scale</key>
                                            <string>0.5</string>
                                            <key>tag</key>
                                            <string>4</string>
                                            <key>imageFile</key>
                                            <string>world-vs/s-quan.png</string>
                                        </dict>
                                        <key>actions</key>
                                        <array>
                                            <string>FadeTo(2,128)</string>
                                            <string>RepeatForever(Item 0)</string>
                                        </array>
                                        <key>runAction</key>
                                        <string>Item 1</string>
                                    </dict>
                                    <dict>
                                        <key>type</key>
                                        <string>Sprite</string>
                                        <key>initProperty</key>
                                        <dict>
                                            <key>pos_p</key>
                                            <array>
                                                <string>{0,0,71,-97}</string>
                                            </array>
                                            <key>scaleX</key>
                                            <string>0.5</string>
                                            <key>scaleY</key>
                                            <string>0.5</string>
                                            <key>scale</key>
                                            <string>0.5</string>
                                            <key>tag</key>
                                            <string>4</string>
                                            <key>imageFile</key>
                                            <string>world-vs/s-quan.png</string>
                                        </dict>
                                        <key>actions</key>
                                        <array>
                                            <string>FadeTo(2,128)</string>
                                            <string>RepeatForever(Item 0)</string>
                                        </array>
                                        <key>runAction</key>
                                        <string>Item 1</string>
                                    </dict>
                                </array>
                            </dict>
                        </array>
                    </dict>
                </array>
            </dict>
        </array>
    </dict>
    <key>images</key>
    <string>world-vs/s-jiao.png,world-vs/s-map.png,world-vs/s-quan.png</string>
</dict>
